Microchip MPLAB XC8 Compiler V2.10 ()

Linker command line:

-W-3 --edf=C:\Program Files (x86)\Microchip\xc8\v2.10\pic\dat\en_msgs.txt \
  -cs -h+dist/default/production\INTERNAL_EEPROM_CONTROL.X.production.sym \
  --cmf=dist/default/production\INTERNAL_EEPROM_CONTROL.X.production.cmf -z \
  -Q16F628A -oC:\Users\ACER-PC\AppData\Local\Temp\sh6c.2 \
  --defsym=__MPLAB_BUILD=1 \
  -Mdist/default/production/INTERNAL_EEPROM_CONTROL.X.production.map -E1 \
  -ver=XC8 --acfsm=1493 -ASTACK=0A0h-0EFh -pstack=STACK -ACODE=00h-07FFh \
  -ASTRCODE=00h-07FFh -ASTRING=00h-0FFhx8 -ACONST=00h-0FFhx8 \
  -AENTRY=00h-0FFhx8 -ACOMMON=070h-07Fh -ABANK0=020h-06Fh -ABANK1=0A0h-0EFh \
  -ABANK2=0120h-014Fh -ARAM=020h-06Fh,0A0h-0EFh,0120h-014Fh \
  -AABS1=020h-07Fh,0A0h-0EFh,0120h-014Fh -ASFR0=00h-01Fh -ASFR1=080h-09Fh \
  -ASFR2=0100h-011Fh -ASFR3=0180h-01EFh \
  -preset_vec=00h,intentry=04h,init,end_init -ppowerup=CODE -pcinit=CODE \
  -pfunctab=ENTRY -ACONFIG=02007h-02007h -pconfig=CONFIG -DCONFIG=2 \
  -AIDLOC=02000h-02003h -pidloc=IDLOC -DIDLOC=2 -AEEDATA=00h-07Fh/02100h \
  -peeprom_data=EEDATA -DEEDATA=2 -DCODE=2 -DSTRCODE=2 -DSTRING=2 -DCONST=2 \
  -DENTRY=2 -k C:\Users\ACER-PC\AppData\Local\Temp\sh6c.o \
  dist/default/production\INTERNAL_EEPROM_CONTROL.X.production.o 

Object code version is 3.11

Machine type is 16F628A



                Name                               Link     Load   Length Selector   Space Scale
C:\Users\ACER-PC\AppData\Local\Temp\sh6c.o
                end_init                              A        A        1        8       0
                reset_vec                             0        0        1        0       0
                config                             2007     2007        1     400E       0
dist/default/production\INTERNAL_EEPROM_CONTROL.X.production.o
                cinit                                 B        B        2        8       0
                intentry                              4        4        6        8       0
                text7                               1DB      1DB       3D        8       0
                text6                               218      218       2B        8       0
                text5                               243      243       1C        8       0
                text4                               25F      25F       10        8       0
                text3                               113      113       69        8       0
                text2                                 D        D       9A        8       0
                text1                               17C      17C       5F        8       0
                maintext                             A7       A7       6C        8       0
                cstackBANK0                          20       20       16       20       1
                cstackCOMMON                         70       70        8       70       1

TOTAL           Name                               Link     Load   Length     Space
        CLASS   STACK          

        CLASS   CODE           
                end_init                              A        A        1         0
                cinit                                 B        B        2         0
                intentry                              4        4        6         0
                reset_vec                             0        0        1         0
                text7                               1DB      1DB       3D         0
                text6                               218      218       2B         0
                text5                               243      243       1C         0
                text4                               25F      25F       10         0
                text3                               113      113       69         0
                text2                                 D        D       9A         0
                text1                               17C      17C       5F         0
                maintext                             A7       A7       6C         0

        CLASS   STRCODE        

        CLASS   STRING         

        CLASS   CONST          

        CLASS   ENTRY          

        CLASS   COMMON         
                cstackCOMMON                         70       70        8         1

        CLASS   BANK0          
                cstackBANK0                          20       20       16         1

        CLASS   BANK1          

        CLASS   BANK2          

        CLASS   RAM            

        CLASS   ABS1           
                abs_s1                               7E       7E        2         1

        CLASS   SFR0           

        CLASS   SFR1           

        CLASS   SFR2           

        CLASS   SFR3           

        CLASS   CONFIG         
                config                             2007     2007        1         0

        CLASS   IDLOC          

        CLASS   EEDATA         

        CLASS   BANK3          



SEGMENTS        Name                           Load    Length   Top    Selector   Space  Class     Delta

                reset_vec                      000000  000001  000001         0       0  CODE        2
                intentry                       000004  00026B  00026F         8       0  CODE        2
                cstackBANK0                    000020  000016  000036        20       1  BANK0       1
                cstackCOMMON                   000070  000008  000078        70       1  COMMON      1
                config                         002007  000001  002008      400E       0  CONFIG      2


UNUSED ADDRESS RANGES

        Name                Unused          Largest block    Delta
        BANK0            0036-006F             3A           1
        BANK1            00A0-00EF             50           1
        BANK2            0120-014F             30           1
        CODE             0001-0003              3           2
                         026F-07FF            591
        COMMON           0078-007D              6           1
        CONST            0001-0003              3           2
                         026F-07FF            100
        EEDATA           2100-217F             80           2
        ENTRY            0001-0003              3           2
                         026F-07FF            100
        IDLOC            2000-2003              4           2
        RAM              0036-006F             3A           1
                         00A0-00EF             50
                         0120-014F             30
        SFR0             0000-001F             20           1
        SFR1             0080-009F             20           1
        SFR2             0100-011F             20           1
        SFR3             0180-01EF             70           1
        STACK            00A0-00EF             50           1
        STRCODE          0001-0003              3           2
                         026F-07FF            591
        STRING           0001-0003              3           2
                         026F-07FF            100

                                  Symbol Table

?___awdiv                                            cstackBANK0  0020
EEPROM_clear@address_to_be_cleared                   cstackBANK0  0025
EEPROM_clear@clear_address_value                     cstackBANK0  0024
EEPROM_clear@from_address                            cstackBANK0  0023
EEPROM_clear@to_address                              cstackCOMMON 0077
EEPROM_get_the_next_free_address@clear_address_value cstackBANK0  002D
EEPROM_get_the_next_free_address@first_address       cstackBANK0  002F
EEPROM_get_the_next_free_address@last_address        cstackBANK0  0028
EEPROM_get_the_next_free_address@middle_address      cstackBANK0  002E
EEPROM_read@address                                  cstackBANK0  0020
EEPROM_read@data                                     cstackBANK0  0021
EEPROM_write@GIE_Last_State                          cstackBANK0  0021
EEPROM_write@address                                 cstackBANK0  0020
EEPROM_write@data                                    cstackCOMMON 0076
ISR@i                                                cstackCOMMON 0075
_CCP1CONbits                                         (abs)        0017
_CCPR1                                               (abs)        0015
_CMCONbits                                           (abs)        001F
_EEADR                                               (abs)        009B
_EECON1bits                                          (abs)        009C
_EECON2                                              (abs)        009D
_EEDATA                                              (abs)        009A
_EEPROM_clear                                        text5        0243
_EEPROM_get_the_next_free_address                    text2        000D
_EEPROM_read                                         text4        025F
_EEPROM_write                                        text6        0218
_INTCONbits                                          (abs)        000B
_ISR                                                 text7        01DB
_Initial_Configurations                              text1        017C
_OPTION_REGbits                                      (abs)        0081
_PIE1bits                                            (abs)        008C
_PIR1bits                                            (abs)        000C
_PORTA                                               (abs)        0005
_PORTAbits                                           (abs)        0005
_PORTB                                               (abs)        0006
_PR2                                                 (abs)        0092
_T1CONbits                                           (abs)        0010
_T2CONbits                                           (abs)        0012
_TMR0                                                (abs)        0001
_TMR1                                                (abs)        000E
_TMR2                                                (abs)        0011
_TRISA                                               (abs)        0085
_TRISB                                               (abs)        0086
_VRCONbits                                           (abs)        009F
__CFG_BOREN$OFF                                      (abs)        0000
__CFG_CP$OFF                                         (abs)        0000
__CFG_CPD$OFF                                        (abs)        0000
__CFG_FOSC$XT                                        (abs)        0000
__CFG_LVP$OFF                                        (abs)        0000
__CFG_MCLRE$ON                                       (abs)        0000
__CFG_PWRTE$OFF                                      (abs)        0000
__CFG_WDTE$OFF                                       (abs)        0000
__Habs1                                              abs1         0000
__Hbank0                                             bank0        0000
__Hbank1                                             bank1        0000
__Hbank2                                             bank2        0000
__Hbank3                                             bank3        0000
__Hcinit                                             cinit        000D
__Hclrtext                                           clrtext      0000
__Hcode                                              code         0000
__Hcommon                                            common       0000
__Hconfig                                            config       2008
__HcstackBANK0                                       cstackBANK0  0000
__HcstackCOMMON                                      cstackCOMMON 0000
__Heeprom_data                                       eeprom_data  0000
__Hend_init                                          end_init     000B
__Hfunctab                                           functab      0000
__Hidloc                                             idloc        0000
__Hinit                                              init         000A
__Hintentry                                          intentry     000A
__Hmaintext                                          maintext     0000
__Hpowerup                                           powerup      0000
__Hram                                               ram          0000
__Hreset_vec                                         reset_vec    0001
__Hsfr0                                              sfr0         0000
__Hsfr1                                              sfr1         0000
__Hsfr2                                              sfr2         0000
__Hsfr3                                              sfr3         0000
__Hspace_0                                           (abs)        2008
__Hspace_1                                           (abs)        0078
__Hspace_2                                           (abs)        0000
__Hspace_3                                           (abs)        0000
__Hstack                                             stack        0000
__Hstrings                                           strings      0000
__Htext                                              text         0000
__Labs1                                              abs1         0000
__Lbank0                                             bank0        0000
__Lbank1                                             bank1        0000
__Lbank2                                             bank2        0000
__Lbank3                                             bank3        0000
__Lcinit                                             cinit        000B
__Lclrtext                                           clrtext      0000
__Lcode                                              code         0000
__Lcommon                                            common       0000
__Lconfig                                            config       2007
__LcstackBANK0                                       cstackBANK0  0000
__LcstackCOMMON                                      cstackCOMMON 0000
__Leeprom_data                                       eeprom_data  0000
__Lend_init                                          end_init     000A
__Lfunctab                                           functab      0000
__Lidloc                                             idloc        0000
__Linit                                              init         000A
__Lintentry                                          intentry     0004
__Lmaintext                                          maintext     0000
__Lpowerup                                           powerup      0000
__Lram                                               ram          0000
__Lreset_vec                                         reset_vec    0000
__Lsfr0                                              sfr0         0000
__Lsfr1                                              sfr1         0000
__Lsfr2                                              sfr2         0000
__Lsfr3                                              sfr3         0000
__Lspace_0                                           (abs)        0000
__Lspace_1                                           (abs)        0000
__Lspace_2                                           (abs)        0000
__Lspace_3                                           (abs)        0000
__Lstack                                             stack        0000
__Lstrings                                           strings      0000
__Ltext                                              text         0000
__S0                                                 (abs)        2008
__S1                                                 (abs)        0078
__S2                                                 (abs)        0000
__S3                                                 (abs)        0000
___awdiv                                             text3        0113
___awdiv@counter                                     cstackBANK0  0024
___awdiv@dividend                                    cstackBANK0  0022
___awdiv@divisor                                     cstackBANK0  0020
___awdiv@quotient                                    cstackBANK0  0026
___awdiv@sign                                        cstackBANK0  0025
___int_sp                                            stack        0000
___latbits                                           (abs)        0000
___sp                                                stack        0000
___stackhi                                           (abs)        0000
___stacklo                                           (abs)        0000
__end_of_EEPROM_clear                                text5        025F
__end_of_EEPROM_get_the_next_free_address            text2        00A7
__end_of_EEPROM_read                                 text4        026F
__end_of_EEPROM_write                                text6        0243
__end_of_ISR                                         text7        0218
__end_of_Initial_Configurations                      text1        01DB
__end_of___awdiv                                     text3        017C
__end_of__initialization                             cinit        000B
__end_of_main                                        maintext     0113
__initialization                                     cinit        000B
__pcstackBANK0                                       cstackBANK0  0020
__pcstackCOMMON                                      cstackCOMMON 0070
__pintentry                                          intentry     0004
__pmaintext                                          maintext     00A7
__ptext1                                             text1        017C
__ptext2                                             text2        000D
__ptext3                                             text3        0113
__ptext4                                             text4        025F
__ptext5                                             text5        0243
__ptext6                                             text6        0218
__ptext7                                             text7        01DB
__size_of_EEPROM_clear                               (abs)        0000
__size_of_EEPROM_get_the_next_free_address           (abs)        0000
__size_of_EEPROM_read                                (abs)        0000
__size_of_EEPROM_write                               (abs)        0000
__size_of_ISR                                        (abs)        0000
__size_of_Initial_Configurations                     (abs)        0000
__size_of___awdiv                                    (abs)        0000
__size_of_main                                       (abs)        0000
_main                                                maintext     00A7
btemp                                                (abs)        007E
end_of_initialization                                cinit        000B
interrupt_function                                   intentry     0004
intlevel0                                            functab      0000
intlevel1                                            functab      0000
intlevel2                                            functab      0000
intlevel3                                            functab      0000
intlevel4                                            functab      0000
intlevel5                                            functab      0000
main@address                                         cstackBANK0  0035
main@counter                                         cstackBANK0  0034
main@first_addr                                      cstackBANK0  0032
main@last_addr                                       cstackBANK0  0033
reset_vec                                            reset_vec    0000
saved_w                                              (abs)        007E
start                                                init         000A
start_initialization                                 cinit        000B
wtemp0                                               (abs)        007E


FUNCTION INFORMATION:

 *************** function _main *****************
 Defined at:
		line 52 in file "INTERNAL_EEPROM_CONTROL_Firmware.c"
 Parameters:    Size  Location     Type
		None
 Auto vars:     Size  Location     Type
  address         1   21[BANK0 ] unsigned char 
  counter         1   20[BANK0 ] unsigned char 
  last_addr       1   19[BANK0 ] unsigned char 
  first_addr      1   18[BANK0 ] unsigned char 
 Return value:  Size  Location     Type
                  1    wreg      void 
 Registers used:
		wreg, status,2, status,0, btemp+1, pclath, cstack
 Tracked objects:
		On entry : 
		On exit  : 
		Unchanged: 
 Data sizes:     COMMON   BANK0   BANK1   BANK2
      Params:         0       0       0       0
      Locals:         0       4       0       0
      Temps:          0       2       0       0
      Totals:         0       6       0       0
Total ram usage:        6 bytes
 Hardware stack levels required when called:    4
 This function calls:
		_EEPROM_clear
		_EEPROM_get_the_next_free_address
		_EEPROM_read
		_EEPROM_write
		_Initial_Configurations
 This function is called by:
		Startup code after reset
 This function uses a non-reentrant model


 *************** function _Initial_Configurations *****************
 Defined at:
		line 16 in file "configurations.c"
 Parameters:    Size  Location     Type
		None
 Auto vars:     Size  Location     Type
		None
 Return value:  Size  Location     Type
                  1    wreg      void 
 Registers used:
		wreg, status,2
 Tracked objects:
		On entry : 
		On exit  : 
		Unchanged: 
 Data sizes:     COMMON   BANK0   BANK1   BANK2
      Params:         0       0       0       0
      Locals:         0       0       0       0
      Temps:          0       0       0       0
      Totals:         0       0       0       0
Total ram usage:        0 bytes
 Hardware stack levels used:    1
 Hardware stack levels required when called:    1
 This function calls:
		Nothing
 This function is called by:
		_main
 This function uses a non-reentrant model


 *************** function _EEPROM_get_the_next_free_address *****************
 Defined at:
		line 197 in file "configurations.c"
 Parameters:    Size  Location     Type
  first_addres    1    wreg     unsigned char 
  last_address    1    8[BANK0 ] unsigned char 
 Auto vars:     Size  Location     Type
  first_addres    1   15[BANK0 ] unsigned char 
  middle_addre    1   14[BANK0 ] unsigned char 
  clear_addres    1   13[BANK0 ] unsigned char 
 Return value:  Size  Location     Type
                  1    wreg      unsigned char 
 Registers used:
		wreg, status,2, status,0, btemp+1, pclath, cstack
 Tracked objects:
		On entry : 
		On exit  : 
		Unchanged: 
 Data sizes:     COMMON   BANK0   BANK1   BANK2
      Params:         0       1       0       0
      Locals:         0       3       0       0
      Temps:          0       4       0       0
      Totals:         0       8       0       0
Total ram usage:        8 bytes
 Hardware stack levels used:    1
 Hardware stack levels required when called:    3
 This function calls:
		_EEPROM_clear
		_EEPROM_read
		___awdiv
 This function is called by:
		_main
 This function uses a non-reentrant model


 *************** function ___awdiv *****************
 Defined at:
		line 5 in file "C:\Program Files (x86)\Microchip\xc8\v2.10\pic\sources\c90\common\awdiv.c"
 Parameters:    Size  Location     Type
  divisor         2    0[BANK0 ] int 
  dividend        2    2[BANK0 ] int 
 Auto vars:     Size  Location     Type
  quotient        2    6[BANK0 ] int 
  sign            1    5[BANK0 ] unsigned char 
  counter         1    4[BANK0 ] unsigned char 
 Return value:  Size  Location     Type
                  2    0[BANK0 ] int 
 Registers used:
		wreg, status,2, status,0
 Tracked objects:
		On entry : 
		On exit  : 
		Unchanged: 
 Data sizes:     COMMON   BANK0   BANK1   BANK2
      Params:         0       4       0       0
      Locals:         0       4       0       0
      Temps:          1       0       0       0
      Totals:         1       8       0       0
Total ram usage:        9 bytes
 Hardware stack levels used:    1
 Hardware stack levels required when called:    1
 This function calls:
		Nothing
 This function is called by:
		_EEPROM_get_the_next_free_address
 This function uses a non-reentrant model


 *************** function _EEPROM_read *****************
 Defined at:
		line 179 in file "configurations.c"
 Parameters:    Size  Location     Type
  address         1    wreg     unsigned char 
 Auto vars:     Size  Location     Type
  address         1    0[BANK0 ] unsigned char 
  data            1    1[BANK0 ] unsigned char 
 Return value:  Size  Location     Type
                  1    wreg      unsigned char 
 Registers used:
		wreg
 Tracked objects:
		On entry : 
		On exit  : 
		Unchanged: 
 Data sizes:     COMMON   BANK0   BANK1   BANK2
      Params:         0       0       0       0
      Locals:         0       2       0       0
      Temps:          1       0       0       0
      Totals:         1       2       0       0
Total ram usage:        3 bytes
 Hardware stack levels used:    1
 Hardware stack levels required when called:    1
 This function calls:
		Nothing
 This function is called by:
		_main
		_EEPROM_get_the_next_free_address
 This function uses a non-reentrant model


 *************** function _EEPROM_clear *****************
 Defined at:
		line 188 in file "configurations.c"
 Parameters:    Size  Location     Type
  from_address    1    wreg     unsigned char 
  to_address      1    7[COMMON] unsigned char 
 Auto vars:     Size  Location     Type
  from_address    1    3[BANK0 ] unsigned char 
  address_to_b    1    5[BANK0 ] unsigned char 
  clear_addres    1    4[BANK0 ] unsigned char 
 Return value:  Size  Location     Type
                  1    wreg      void 
 Registers used:
		wreg, status,2, status,0, pclath, cstack
 Tracked objects:
		On entry : 
		On exit  : 
		Unchanged: 
 Data sizes:     COMMON   BANK0   BANK1   BANK2
      Params:         1       0       0       0
      Locals:         0       3       0       0
      Temps:          0       1       0       0
      Totals:         1       4       0       0
Total ram usage:        5 bytes
 Hardware stack levels used:    1
 Hardware stack levels required when called:    2
 This function calls:
		_EEPROM_write
 This function is called by:
		_main
		_EEPROM_get_the_next_free_address
 This function uses a non-reentrant model


 *************** function _EEPROM_write *****************
 Defined at:
		line 163 in file "configurations.c"
 Parameters:    Size  Location     Type
  address         1    wreg     unsigned char 
  data            1    6[COMMON] unsigned char 
 Auto vars:     Size  Location     Type
  address         1    0[BANK0 ] unsigned char 
  GIE_Last_Sta    1    1[BANK0 ] unsigned char 
 Return value:  Size  Location     Type
                  1    wreg      void 
 Registers used:
		wreg, status,2, status,0
 Tracked objects:
		On entry : 
		On exit  : 
		Unchanged: 
 Data sizes:     COMMON   BANK0   BANK1   BANK2
      Params:         1       0       0       0
      Locals:         0       2       0       0
      Temps:          0       0       0       0
      Totals:         1       2       0       0
Total ram usage:        3 bytes
 Hardware stack levels used:    1
 Hardware stack levels required when called:    1
 This function calls:
		Nothing
 This function is called by:
		_main
		_EEPROM_clear
 This function uses a non-reentrant model


 *************** function _ISR *****************
 Defined at:
		line 36 in file "INTERNAL_EEPROM_CONTROL_Firmware.c"
 Parameters:    Size  Location     Type
		None
 Auto vars:     Size  Location     Type
  i               1    5[COMMON] unsigned char 
 Return value:  Size  Location     Type
                  1    wreg      void 
 Registers used:
		wreg, status,2, status,0
 Tracked objects:
		On entry : 
		On exit  : 
		Unchanged: 
 Data sizes:     COMMON   BANK0   BANK1   BANK2
      Params:         0       0       0       0
      Locals:         1       0       0       0
      Temps:          5       0       0       0
      Totals:         6       0       0       0
Total ram usage:        6 bytes
 Hardware stack levels used:    1
 This function calls:
		Nothing
 This function is called by:
		Interrupt level 1
 This function uses a non-reentrant model



MODULE INFORMATION

Module		Function		Class		Link	Load	Size
C:\Program Files (x86)\Microchip\xc8\v2.10\pic\sources\c90\common\awdiv.c
		___awdiv       		CODE           	0113	0000	106

C:\Program Files (x86)\Microchip\xc8\v2.10\pic\sources\c90\common\awdiv.c estimated size: 106

configurations.c
		_EEPROM_read   		CODE           	025F	0000	17
		_EEPROM_write  		CODE           	0218	0000	44
		_EEPROM_clear  		CODE           	0243	0000	29
		_EEPROM_get_the_next_free_address		CODE           	000D	0000	155
		_Initial_Configurations		CODE           	017C	0000	96

configurations.c estimated size: 341

INTERNAL_EEPROM_CONTROL_Firmware.c
		_ISR           		CODE           	01DB	0000	62
		_main          		CODE           	00A7	0000	109

INTERNAL_EEPROM_CONTROL_Firmware.c estimated size: 171

shared
		__initialization		CODE           	000B	0000	1

shared estimated size: 1

