Microchip MPLAB XC8 Compiler V2.10 ()

Linker command line:

-W-3 --edf=C:\Program Files (x86)\Microchip\xc8\v2.10\pic\dat\en_msgs.txt \
  -cs -h+dist/default/production\I2C_MASTER.X.production.sym \
  --cmf=dist/default/production\I2C_MASTER.X.production.cmf -z -Q16F877A \
  -oC:\Users\ACER-PC\AppData\Local\Temp\scco.2 --defsym=__MPLAB_BUILD=1 \
  -Mdist/default/production/I2C_MASTER.X.production.map -E1 -ver=XC8 \
  --acfsm=1493 -ASTACK=0110h-016Fh -pstack=STACK -ACODE=00h-07FFhx4 \
  -ASTRCODE=00h-01FFFh -ASTRING=00h-0FFhx32 -ACONST=00h-0FFhx32 \
  -AENTRY=00h-0FFhx32 -ACOMMON=070h-07Fh -ABANK0=020h-06Fh \
  -ABANK1=0A0h-0EFh -ABANK2=0110h-016Fh -ABANK3=0190h-01EFh \
  -ARAM=020h-06Fh,0A0h-0EFh,0110h-016Fh,0190h-01EFh \
  -AABS1=020h-07Fh,0A0h-0EFh,0110h-016Fh,0190h-01EFh -ASFR0=00h-01Fh \
  -ASFR1=080h-09Fh -ASFR2=0100h-010Fh -ASFR3=0180h-018Fh \
  -preset_vec=00h,intentry,init,end_init -ppowerup=CODE -pcinit=CODE \
  -pfunctab=ENTRY -ACONFIG=02007h-02007h -pconfig=CONFIG -DCONFIG=2 \
  -AIDLOC=02000h-02003h -pidloc=IDLOC -DIDLOC=2 -AEEDATA=00h-0FFh/02100h \
  -peeprom_data=EEDATA -DEEDATA=2 -DCODE=2 -DSTRCODE=2 -DSTRING=2 -DCONST=2 \
  -DENTRY=2 -k C:\Users\ACER-PC\AppData\Local\Temp\scco.o \
  dist/default/production\I2C_MASTER.X.production.o 

Object code version is 3.11

Machine type is 16F877A



                Name                               Link     Load   Length Selector   Space Scale
C:\Users\ACER-PC\AppData\Local\Temp\scco.o
                end_init                              0        0        3        0       0
                config                             2007     2007        1     400E       0
dist/default/production\I2C_MASTER.X.production.o
                cinit                               7F8      7F8        8      FF0       0
                text13                              792      792       66      F24       0
                text12                              6E9      6E9       4F      DD2       0
                text11                              5F9      5F9       17      BF2       0
                text10                              627      627       1B      C4E       0
                text9                               642      642       1D      C84       0
                text8                               5CA      5CA        9      B94       0
                text7                               5E5      5E5        A      BCA       0
                text6                               5EF      5EF        A      BDE       0
                text5                               5D3      5D3        9      BA6       0
                text4                               5DC      5DC        9      BB8       0
                text3                               610      610       17      C20       0
                text2                               738      738       5A      E70       0
                text1                               65F      65F       3C      CBE       0
                maintext                            69B      69B       4E      D36       0
                cstackBANK0                          20       20        D       20       1
                cstackCOMMON                         70       70        E       70       1
                bssBANK0                             2D       2D        2       20       1

TOTAL           Name                               Link     Load   Length     Space
        CLASS   STACK          

        CLASS   CODE           
                end_init                              0        0        3         0
                cinit                               7F8      7F8        8         0
                text13                              792      792       66         0
                text12                              6E9      6E9       4F         0
                text11                              5F9      5F9       17         0
                text10                              627      627       1B         0
                text9                               642      642       1D         0
                text8                               5CA      5CA        9         0
                text7                               5E5      5E5        A         0
                text6                               5EF      5EF        A         0
                text5                               5D3      5D3        9         0
                text4                               5DC      5DC        9         0
                text3                               610      610       17         0
                text2                               738      738       5A         0
                text1                               65F      65F       3C         0
                maintext                            69B      69B       4E         0

        CLASS   STRCODE        

        CLASS   STRING         

        CLASS   CONST          

        CLASS   ENTRY          

        CLASS   COMMON         
                cstackCOMMON                         70       70        E         1

        CLASS   BANK0          
                cstackBANK0                          20       20        D         1
                bssBANK0                             2D       2D        2         1

        CLASS   BANK1          

        CLASS   BANK2          

        CLASS   BANK3          

        CLASS   RAM            

        CLASS   ABS1           
                abs_s1                               7E       7E        2         1

        CLASS   SFR0           

        CLASS   SFR1           

        CLASS   SFR2           

        CLASS   SFR3           

        CLASS   CONFIG         
                config                             2007     2007        1         0

        CLASS   IDLOC          

        CLASS   EEDATA         



SEGMENTS        Name                           Load    Length   Top    Selector   Space  Class     Delta

                reset_vec                      000000  000003  000003         0       0  CODE        2
                cstackBANK0                    000020  00000F  00002F        20       1  BANK0       1
                cstackCOMMON                   000070  00000E  00007E        70       1  COMMON      1
                text8                          0005CA  000009  0005D3       B94       0  CODE        2
                text5                          0005D3  000009  0005DC       BA6       0  CODE        2
                text4                          0005DC  000009  0005E5       BB8       0  CODE        2
                text7                          0005E5  00000A  0005EF       BCA       0  CODE        2
                text6                          0005EF  00000A  0005F9       BDE       0  CODE        2
                text11                         0005F9  000017  000610       BF2       0  CODE        2
                text3                          000610  000017  000627       C20       0  CODE        2
                text10                         000627  00001B  000642       C4E       0  CODE        2
                text9                          000642  00001D  00065F       C84       0  CODE        2
                text1                          00065F  00003C  00069B       CBE       0  CODE        2
                maintext                       00069B  00004E  0006E9       D36       0  CODE        2
                text12                         0006E9  00004F  000738       DD2       0  CODE        2
                text2                          000738  00005A  000792       E70       0  CODE        2
                text13                         000792  000066  0007F8       F24       0  CODE        2
                cinit                          0007F8  000008  000800       FF0       0  CODE        2
                config                         002007  000001  002008      400E       0  CONFIG      2


UNUSED ADDRESS RANGES

        Name                Unused          Largest block    Delta
        BANK0            002F-006F             41           1
        BANK1            00A0-00EF             50           1
        BANK2            0110-016F             60           1
        BANK3            0190-01EF             60           1
        CODE             0003-05C9            5C7           2
                         0800-1FFF            800
        CONST            0003-05C9            100           2
                         0800-1FFF            100
        EEDATA           2100-21FF            100           2
        ENTRY            0003-05C9            100           2
                         0800-1FFF            100
        IDLOC            2000-2003              4           2
        RAM              002F-006F             41           1
                         00A0-00EF             50
                         0110-016F             60
                         0190-01EF             60
        SFR0             0000-001F             20           1
        SFR1             0080-009F             20           1
        SFR2             0100-010F             10           1
        SFR3             0180-018F             10           1
        STACK            0110-016F             60           1
        STRCODE          0003-05C9            5C7           2
                         0800-1FFF           1800
        STRING           0003-05C9            100           2
                         0800-1FFF            100

                                  Symbol Table

?___lldiv                                   cstackCOMMON 0070
I2C_Master_Initialize@I2C_BaudRate          cstackBANK0  0020
I2C_Master_Initialize@I2C_CKE_OnOff         cstackBANK0  0025
I2C_Master_Initialize@I2C_SMP_OnOff         cstackBANK0  0024
I2C_Master_Read@Recieved_Data               cstackCOMMON 0072
I2C_Master_Write@Master_Tx_Data             cstackCOMMON 0071
_I2C_Master_Check_Idle                      text10       0627
_I2C_Master_Initialize                      text12       06E9
_I2C_Master_Read                            text9        0642
_I2C_Master_RepeatedStart                   text8        05CA
_I2C_Master_Send_ACK                        text7        05E5
_I2C_Master_Send_NACK                       text6        05EF
_I2C_Master_Start                           text5        05D3
_I2C_Master_Stop                            text4        05DC
_I2C_Master_Write                           text3        0610
_INTCONbits                                 (abs)        000B
_Initial_Configurations                     text11       05F9
_PIE1bits                                   (abs)        008C
_PIR1bits                                   (abs)        000C
_PORTA                                      (abs)        0005
_PORTAbits                                  (abs)        0005
_PORTB                                      (abs)        0006
_PORTBbits                                  (abs)        0006
_PORTD                                      (abs)        0008
_Receive_Buffer                             bssBANK0     002D
_SSPADD                                     (abs)        0093
_SSPBUF                                     (abs)        0013
_SSPCON                                     (abs)        0014
_SSPCON2                                    (abs)        0091
_SSPCON2bits                                (abs)        0091
_SSPCONbits                                 (abs)        0014
_SSPSTAT                                    (abs)        0094
_SSPSTATbits                                (abs)        0094
_TRISA                                      (abs)        0085
_TRISB                                      (abs)        0086
_TRISCbits                                  (abs)        0087
_TRISD                                      (abs)        0088
_Two_Byte_Read_And_Write_Operation          text2        0738
_Two_Byte_Write_Operation                   text1        065F
__CFG_BOREN$ON                              (abs)        0000
__CFG_CP$OFF                                (abs)        0000
__CFG_CPD$OFF                               (abs)        0000
__CFG_FOSC$HS                               (abs)        0000
__CFG_LVP$OFF                               (abs)        0000
__CFG_PWRTE$OFF                             (abs)        0000
__CFG_WDTE$OFF                              (abs)        0000
__CFG_WRT$OFF                               (abs)        0000
__Habs1                                     abs1         0000
__Hbank0                                    bank0        0000
__Hbank1                                    bank1        0000
__Hbank2                                    bank2        0000
__Hbank3                                    bank3        0000
__HbssBANK0                                 bssBANK0     0000
__Hcinit                                    cinit        0800
__Hclrtext                                  clrtext      0000
__Hcode                                     code         0000
__Hcommon                                   common       0000
__Hconfig                                   config       2008
__HcstackBANK0                              cstackBANK0  0000
__HcstackCOMMON                             cstackCOMMON 0000
__Heeprom_data                              eeprom_data  0000
__Hend_init                                 end_init     0003
__Hfunctab                                  functab      0000
__Hidloc                                    idloc        0000
__Hinit                                     init         0000
__Hintentry                                 intentry     0000
__Hmaintext                                 maintext     0000
__Hpowerup                                  powerup      0000
__Hram                                      ram          0000
__Hreset_vec                                reset_vec    0000
__Hsfr0                                     sfr0         0000
__Hsfr1                                     sfr1         0000
__Hsfr2                                     sfr2         0000
__Hsfr3                                     sfr3         0000
__Hspace_0                                  (abs)        2008
__Hspace_1                                  (abs)        007E
__Hspace_2                                  (abs)        0000
__Hspace_3                                  (abs)        0000
__Hstack                                    stack        0000
__Hstrings                                  strings      0000
__Htext                                     text         0000
__Labs1                                     abs1         0000
__Lbank0                                    bank0        0000
__Lbank1                                    bank1        0000
__Lbank2                                    bank2        0000
__Lbank3                                    bank3        0000
__LbssBANK0                                 bssBANK0     0000
__Lcinit                                    cinit        07F8
__Lclrtext                                  clrtext      0000
__Lcode                                     code         0000
__Lcommon                                   common       0000
__Lconfig                                   config       2007
__LcstackBANK0                              cstackBANK0  0000
__LcstackCOMMON                             cstackCOMMON 0000
__Leeprom_data                              eeprom_data  0000
__Lend_init                                 end_init     0000
__Lfunctab                                  functab      0000
__Lidloc                                    idloc        0000
__Linit                                     init         0000
__Lintentry                                 intentry     0000
__Lmaintext                                 maintext     0000
__Lpowerup                                  powerup      0000
__Lram                                      ram          0000
__Lreset_vec                                reset_vec    0000
__Lsfr0                                     sfr0         0000
__Lsfr1                                     sfr1         0000
__Lsfr2                                     sfr2         0000
__Lsfr3                                     sfr3         0000
__Lspace_0                                  (abs)        0000
__Lspace_1                                  (abs)        0000
__Lspace_2                                  (abs)        0000
__Lspace_3                                  (abs)        0000
__Lstack                                    stack        0000
__Lstrings                                  strings      0000
__Ltext                                     text         0000
__S0                                        (abs)        2008
__S1                                        (abs)        007E
__S2                                        (abs)        0000
__S3                                        (abs)        0000
___int_sp                                   stack        0000
___latbits                                  (abs)        0002
___lldiv                                    text13       0792
___lldiv@counter                            cstackCOMMON 007D
___lldiv@dividend                           cstackCOMMON 0074
___lldiv@divisor                            cstackCOMMON 0070
___lldiv@quotient                           cstackCOMMON 0079
___sp                                       stack        0000
___stackhi                                  (abs)        0000
___stacklo                                  (abs)        0000
__end_of_I2C_Master_Check_Idle              text10       0642
__end_of_I2C_Master_Initialize              text12       0738
__end_of_I2C_Master_Read                    text9        065F
__end_of_I2C_Master_RepeatedStart           text8        05D3
__end_of_I2C_Master_Send_ACK                text7        05EF
__end_of_I2C_Master_Send_NACK               text6        05F9
__end_of_I2C_Master_Start                   text5        05DC
__end_of_I2C_Master_Stop                    text4        05E5
__end_of_I2C_Master_Write                   text3        0627
__end_of_Initial_Configurations             text11       0610
__end_of_Two_Byte_Read_And_Write_Operation  text2        0792
__end_of_Two_Byte_Write_Operation           text1        069B
__end_of___lldiv                            text13       07F8
__end_of__initialization                    cinit        07FC
__end_of_main                               maintext     06E9
__initialization                            cinit        07F8
__pbssBANK0                                 bssBANK0     002D
__pcstackBANK0                              cstackBANK0  0020
__pcstackCOMMON                             cstackCOMMON 0070
__pmaintext                                 maintext     069B
__ptext1                                    text1        065F
__ptext10                                   text10       0627
__ptext11                                   text11       05F9
__ptext12                                   text12       06E9
__ptext13                                   text13       0792
__ptext2                                    text2        0738
__ptext3                                    text3        0610
__ptext4                                    text4        05DC
__ptext5                                    text5        05D3
__ptext6                                    text6        05EF
__ptext7                                    text7        05E5
__ptext8                                    text8        05CA
__ptext9                                    text9        0642
__size_of_I2C_Master_Check_Idle             (abs)        0000
__size_of_I2C_Master_Initialize             (abs)        0000
__size_of_I2C_Master_Read                   (abs)        0000
__size_of_I2C_Master_RepeatedStart          (abs)        0000
__size_of_I2C_Master_Send_ACK               (abs)        0000
__size_of_I2C_Master_Send_NACK              (abs)        0000
__size_of_I2C_Master_Start                  (abs)        0000
__size_of_I2C_Master_Stop                   (abs)        0000
__size_of_I2C_Master_Write                  (abs)        0000
__size_of_Initial_Configurations            (abs)        0000
__size_of_Two_Byte_Read_And_Write_Operation (abs)        0000
__size_of_Two_Byte_Write_Operation          (abs)        0000
__size_of___lldiv                           (abs)        0000
__size_of_main                              (abs)        0000
_main                                       maintext     069B
btemp                                       (abs)        007E
end_of_initialization                       cinit        07FC
intlevel0                                   functab      0000
intlevel1                                   functab      0000
intlevel2                                   functab      0000
intlevel3                                   functab      0000
intlevel4                                   functab      0000
intlevel5                                   functab      0000
reset_vec                                   reset_vec    0000
start                                       init         0000
start_initialization                        cinit        07F8
wtemp0                                      (abs)        007E


FUNCTION INFORMATION:

 *************** function _main *****************
 Defined at:
		line 19 in file "I2C_MASTERCOMMUNICATION_Firmware.c"
 Parameters:    Size  Location     Type
		None
 Auto vars:     Size  Location     Type
		None
 Return value:  Size  Location     Type
                  1    wreg      void 
 Registers used:
		wreg, status,2, status,0, pclath, cstack
 Tracked objects:
		On entry : 
		On exit  : 
		Unchanged: 
 Data sizes:     COMMON   BANK0   BANK1   BANK3   BANK2
      Params:         0       0       0       0       0
      Locals:         0       0       0       0       0
      Temps:          0       3       0       0       0
      Totals:         0       3       0       0       0
Total ram usage:        3 bytes
 Hardware stack levels required when called:    3
 This function calls:
		_I2C_Master_Initialize
		_Initial_Configurations
		_Two_Byte_Read_And_Write_Operation
		_Two_Byte_Write_Operation
 This function is called by:
		Startup code after reset
 This function uses a non-reentrant model


 *************** function _Two_Byte_Write_Operation *****************
 Defined at:
		line 39 in file "I2C_MASTERCOMMUNICATION_Firmware.c"
 Parameters:    Size  Location     Type
		None
 Auto vars:     Size  Location     Type
		None
 Return value:  Size  Location     Type
                  1    wreg      void 
 Registers used:
		wreg, status,2, status,0, pclath, cstack
 Tracked objects:
		On entry : 
		On exit  : 
		Unchanged: 
 Data sizes:     COMMON   BANK0   BANK1   BANK3   BANK2
      Params:         0       0       0       0       0
      Locals:         0       0       0       0       0
      Temps:          0       0       0       0       0
      Totals:         0       0       0       0       0
Total ram usage:        0 bytes
 Hardware stack levels used:    1
 Hardware stack levels required when called:    2
 This function calls:
		_I2C_Master_RepeatedStart
		_I2C_Master_Start
		_I2C_Master_Stop
		_I2C_Master_Write
 This function is called by:
		_main
 This function uses a non-reentrant model


 *************** function _Two_Byte_Read_And_Write_Operation *****************
 Defined at:
		line 51 in file "I2C_MASTERCOMMUNICATION_Firmware.c"
 Parameters:    Size  Location     Type
		None
 Auto vars:     Size  Location     Type
		None
 Return value:  Size  Location     Type
                  1    wreg      void 
 Registers used:
		wreg, status,2, status,0, pclath, cstack
 Tracked objects:
		On entry : 
		On exit  : 
		Unchanged: 
 Data sizes:     COMMON   BANK0   BANK1   BANK3   BANK2
      Params:         0       0       0       0       0
      Locals:         0       0       0       0       0
      Temps:          1       0       0       0       0
      Totals:         1       0       0       0       0
Total ram usage:        1 bytes
 Hardware stack levels used:    1
 Hardware stack levels required when called:    2
 This function calls:
		_I2C_Master_Read
		_I2C_Master_RepeatedStart
		_I2C_Master_Send_ACK
		_I2C_Master_Send_NACK
		_I2C_Master_Start
		_I2C_Master_Stop
		_I2C_Master_Write
 This function is called by:
		_main
 This function uses a non-reentrant model


 *************** function _I2C_Master_Write *****************
 Defined at:
		line 52 in file "I2C.c"
 Parameters:    Size  Location     Type
  Master_Tx_Da    1    wreg     unsigned char 
 Auto vars:     Size  Location     Type
  Master_Tx_Da    1    1[COMMON] unsigned char 
 Return value:  Size  Location     Type
                  1    wreg      unsigned char 
 Registers used:
		wreg, status,2, status,0, pclath, cstack
 Tracked objects:
		On entry : 
		On exit  : 
		Unchanged: 
 Data sizes:     COMMON   BANK0   BANK1   BANK3   BANK2
      Params:         0       0       0       0       0
      Locals:         1       0       0       0       0
      Temps:          1       0       0       0       0
      Totals:         2       0       0       0       0
Total ram usage:        2 bytes
 Hardware stack levels used:    1
 Hardware stack levels required when called:    1
 This function calls:
		_I2C_Master_Check_Idle
 This function is called by:
		_Two_Byte_Write_Operation
		_Two_Byte_Read_And_Write_Operation
 This function uses a non-reentrant model


 *************** function _I2C_Master_Stop *****************
 Defined at:
		line 35 in file "I2C.c"
 Parameters:    Size  Location     Type
		None
 Auto vars:     Size  Location     Type
		None
 Return value:  Size  Location     Type
                  1    wreg      void 
 Registers used:
		status,2, status,0, pclath, cstack
 Tracked objects:
		On entry : 
		On exit  : 
		Unchanged: 
 Data sizes:     COMMON   BANK0   BANK1   BANK3   BANK2
      Params:         0       0       0       0       0
      Locals:         0       0       0       0       0
      Temps:          0       0       0       0       0
      Totals:         0       0       0       0       0
Total ram usage:        0 bytes
 Hardware stack levels used:    1
 Hardware stack levels required when called:    1
 This function calls:
		_I2C_Master_Check_Idle
 This function is called by:
		_Two_Byte_Write_Operation
		_Two_Byte_Read_And_Write_Operation
 This function uses a non-reentrant model


 *************** function _I2C_Master_Start *****************
 Defined at:
		line 25 in file "I2C.c"
 Parameters:    Size  Location     Type
		None
 Auto vars:     Size  Location     Type
		None
 Return value:  Size  Location     Type
                  1    wreg      void 
 Registers used:
		status,2, status,0, pclath, cstack
 Tracked objects:
		On entry : 
		On exit  : 
		Unchanged: 
 Data sizes:     COMMON   BANK0   BANK1   BANK3   BANK2
      Params:         0       0       0       0       0
      Locals:         0       0       0       0       0
      Temps:          0       0       0       0       0
      Totals:         0       0       0       0       0
Total ram usage:        0 bytes
 Hardware stack levels used:    1
 Hardware stack levels required when called:    1
 This function calls:
		_I2C_Master_Check_Idle
 This function is called by:
		_Two_Byte_Write_Operation
		_Two_Byte_Read_And_Write_Operation
 This function uses a non-reentrant model


 *************** function _I2C_Master_Send_NACK *****************
 Defined at:
		line 46 in file "I2C.c"
 Parameters:    Size  Location     Type
		None
 Auto vars:     Size  Location     Type
		None
 Return value:  Size  Location     Type
                  1    wreg      void 
 Registers used:
		status,2, status,0, pclath, cstack
 Tracked objects:
		On entry : 
		On exit  : 
		Unchanged: 
 Data sizes:     COMMON   BANK0   BANK1   BANK3   BANK2
      Params:         0       0       0       0       0
      Locals:         0       0       0       0       0
      Temps:          0       0       0       0       0
      Totals:         0       0       0       0       0
Total ram usage:        0 bytes
 Hardware stack levels used:    1
 Hardware stack levels required when called:    1
 This function calls:
		_I2C_Master_Check_Idle
 This function is called by:
		_Two_Byte_Read_And_Write_Operation
 This function uses a non-reentrant model


 *************** function _I2C_Master_Send_ACK *****************
 Defined at:
		line 40 in file "I2C.c"
 Parameters:    Size  Location     Type
		None
 Auto vars:     Size  Location     Type
		None
 Return value:  Size  Location     Type
                  1    wreg      void 
 Registers used:
		status,2, status,0, pclath, cstack
 Tracked objects:
		On entry : 
		On exit  : 
		Unchanged: 
 Data sizes:     COMMON   BANK0   BANK1   BANK3   BANK2
      Params:         0       0       0       0       0
      Locals:         0       0       0       0       0
      Temps:          0       0       0       0       0
      Totals:         0       0       0       0       0
Total ram usage:        0 bytes
 Hardware stack levels used:    1
 Hardware stack levels required when called:    1
 This function calls:
		_I2C_Master_Check_Idle
 This function is called by:
		_Two_Byte_Read_And_Write_Operation
 This function uses a non-reentrant model


 *************** function _I2C_Master_RepeatedStart *****************
 Defined at:
		line 30 in file "I2C.c"
 Parameters:    Size  Location     Type
		None
 Auto vars:     Size  Location     Type
		None
 Return value:  Size  Location     Type
                  1    wreg      void 
 Registers used:
		status,2, status,0, pclath, cstack
 Tracked objects:
		On entry : 
		On exit  : 
		Unchanged: 
 Data sizes:     COMMON   BANK0   BANK1   BANK3   BANK2
      Params:         0       0       0       0       0
      Locals:         0       0       0       0       0
      Temps:          0       0       0       0       0
      Totals:         0       0       0       0       0
Total ram usage:        0 bytes
 Hardware stack levels used:    1
 Hardware stack levels required when called:    1
 This function calls:
		_I2C_Master_Check_Idle
 This function is called by:
		_Two_Byte_Write_Operation
		_Two_Byte_Read_And_Write_Operation
 This function uses a non-reentrant model


 *************** function _I2C_Master_Read *****************
 Defined at:
		line 59 in file "I2C.c"
 Parameters:    Size  Location     Type
		None
 Auto vars:     Size  Location     Type
  dummy           1    0        unsigned char 
  Recieved_Dat    1    2[COMMON] unsigned char 
 Return value:  Size  Location     Type
                  1    wreg      unsigned char 
 Registers used:
		wreg, status,2, status,0, pclath, cstack
 Tracked objects:
		On entry : 
		On exit  : 
		Unchanged: 
 Data sizes:     COMMON   BANK0   BANK1   BANK3   BANK2
      Params:         0       0       0       0       0
      Locals:         2       0       0       0       0
      Temps:          1       0       0       0       0
      Totals:         3       0       0       0       0
Total ram usage:        3 bytes
 Hardware stack levels used:    1
 Hardware stack levels required when called:    1
 This function calls:
		_I2C_Master_Check_Idle
 This function is called by:
		_Two_Byte_Read_And_Write_Operation
 This function uses a non-reentrant model


 *************** function _I2C_Master_Check_Idle *****************
 Defined at:
		line 21 in file "I2C.c"
 Parameters:    Size  Location     Type
		None
 Auto vars:     Size  Location     Type
		None
 Return value:  Size  Location     Type
                  1    wreg      void 
 Registers used:
		None
 Tracked objects:
		On entry : 
		On exit  : 
		Unchanged: 
 Data sizes:     COMMON   BANK0   BANK1   BANK3   BANK2
      Params:         0       0       0       0       0
      Locals:         0       0       0       0       0
      Temps:          0       0       0       0       0
      Totals:         0       0       0       0       0
Total ram usage:        0 bytes
 Hardware stack levels used:    1
 This function calls:
		Nothing
 This function is called by:
		_I2C_Master_Start
		_I2C_Master_RepeatedStart
		_I2C_Master_Stop
		_I2C_Master_Send_ACK
		_I2C_Master_Send_NACK
		_I2C_Master_Write
		_I2C_Master_Read
 This function uses a non-reentrant model


 *************** function _Initial_Configurations *****************
 Defined at:
		line 13 in file "configurations.c"
 Parameters:    Size  Location     Type
		None
 Auto vars:     Size  Location     Type
		None
 Return value:  Size  Location     Type
                  1    wreg      void 
 Registers used:
		wreg, status,2
 Tracked objects:
		On entry : 
		On exit  : 
		Unchanged: 
 Data sizes:     COMMON   BANK0   BANK1   BANK3   BANK2
      Params:         0       0       0       0       0
      Locals:         0       0       0       0       0
      Temps:          0       0       0       0       0
      Totals:         0       0       0       0       0
Total ram usage:        0 bytes
 Hardware stack levels used:    1
 This function calls:
		Nothing
 This function is called by:
		_main
 This function uses a non-reentrant model


 *************** function _I2C_Master_Initialize *****************
 Defined at:
		line 12 in file "I2C.c"
 Parameters:    Size  Location     Type
  I2C_BaudRate    4    0[BANK0 ] const unsigned long 
  I2C_SMP_OnOf    1    4[BANK0 ] _Bool 
  I2C_CKE_OnOf    1    5[BANK0 ] _Bool 
 Auto vars:     Size  Location     Type
		None
 Return value:  Size  Location     Type
                  1    wreg      void 
 Registers used:
		wreg, status,2, status,0, pclath, cstack
 Tracked objects:
		On entry : 
		On exit  : 
		Unchanged: 
 Data sizes:     COMMON   BANK0   BANK1   BANK3   BANK2
      Params:         0       6       0       0       0
      Locals:         0       0       0       0       0
      Temps:          0       4       0       0       0
      Totals:         0      10       0       0       0
Total ram usage:       10 bytes
 Hardware stack levels used:    1
 Hardware stack levels required when called:    1
 This function calls:
		___lldiv
 This function is called by:
		_main
 This function uses a non-reentrant model


 *************** function ___lldiv *****************
 Defined at:
		line 5 in file "C:\Program Files (x86)\Microchip\xc8\v2.10\pic\sources\c90\common\__lldiv.c"
 Parameters:    Size  Location     Type
  divisor         4    0[COMMON] unsigned long 
  dividend        4    4[COMMON] unsigned long 
 Auto vars:     Size  Location     Type
  quotient        4    9[COMMON] unsigned long 
  counter         1   13[COMMON] unsigned char 
 Return value:  Size  Location     Type
                  4    0[COMMON] unsigned long 
 Registers used:
		wreg, status,2, status,0
 Tracked objects:
		On entry : 
		On exit  : 
		Unchanged: 
 Data sizes:     COMMON   BANK0   BANK1   BANK3   BANK2
      Params:         8       0       0       0       0
      Locals:         5       0       0       0       0
      Temps:          1       0       0       0       0
      Totals:        14       0       0       0       0
Total ram usage:       14 bytes
 Hardware stack levels used:    1
 This function calls:
		Nothing
 This function is called by:
		_I2C_Master_Initialize
 This function uses a non-reentrant model



MODULE INFORMATION

Module		Function		Class		Link	Load	Size
I2C.c
		_I2C_Master_Send_ACK		CODE           	05E5	0000	11
		_I2C_Master_Read		CODE           	0642	0000	30
		_I2C_Master_Stop		CODE           	05DC	0000	10
		_I2C_Master_Send_NACK		CODE           	05EF	0000	11
		_I2C_Master_Check_Idle		CODE           	0627	0000	28
		_I2C_Master_RepeatedStart		CODE           	05CA	0000	10
		_I2C_Master_Initialize		CODE           	06E9	0000	80
		_I2C_Master_Write		CODE           	0610	0000	24
		_I2C_Master_Start		CODE           	05D3	0000	10

I2C.c estimated size: 214

configurations.c
		_Initial_Configurations		CODE           	05F9	0000	24

configurations.c estimated size: 24

I2C_MASTERCOMMUNICATION_Firmware.c
		_Two_Byte_Write_Operation		CODE           	065F	0000	61
		_main          		CODE           	069B	0000	79
		_Two_Byte_Read_And_Write_Operation		CODE           	0738	0000	91

I2C_MASTERCOMMUNICATION_Firmware.c estimated size: 231

C:\Program Files (x86)\Microchip\xc8\v2.10\pic\sources\c90\common\__lldiv.c
		___lldiv       		CODE           	0792	0000	103

C:\Program Files (x86)\Microchip\xc8\v2.10\pic\sources\c90\common\__lldiv.c estimated size: 103

shared
		__initialization		CODE           	07F8	0000	5

shared estimated size: 5

