Microchip MPLAB XC8 Compiler V2.10 ()

Linker command line:

-W-3 --edf=C:\Program Files (x86)\Microchip\xc8\v2.10\pic\dat\en_msgs.txt \
  -cs -h+dist/default/production\CCP_MODULE_PWM_MODE.X.production.sym \
  --cmf=dist/default/production\CCP_MODULE_PWM_MODE.X.production.cmf -z \
  -Q16F628A -oC:\Users\ACER-PC\AppData\Local\Temp\seu0.2 \
  --defsym=__MPLAB_BUILD=1 \
  -Mdist/default/production/CCP_MODULE_PWM_MODE.X.production.map -E1 \
  -ver=XC8 --acfsm=1493 -ASTACK=020h-06Fh -pstack=STACK -ACODE=00h-07FFh \
  -ASTRCODE=00h-07FFh -ASTRING=00h-0FFhx8 -ACONST=00h-0FFhx8 \
  -AENTRY=00h-0FFhx8 -ACOMMON=070h-07Fh -ABANK0=020h-06Fh -ABANK1=0A0h-0EFh \
  -ABANK2=0120h-014Fh -ARAM=020h-06Fh,0A0h-0EFh,0120h-014Fh \
  -AABS1=020h-07Fh,0A0h-0EFh,0120h-014Fh -ASFR0=00h-01Fh -ASFR1=080h-09Fh \
  -ASFR2=0100h-011Fh -ASFR3=0180h-01EFh \
  -preset_vec=00h,intentry=04h,init,end_init -ppowerup=CODE -pcinit=CODE \
  -pfunctab=ENTRY -ACONFIG=02007h-02007h -pconfig=CONFIG -DCONFIG=2 \
  -AIDLOC=02000h-02003h -pidloc=IDLOC -DIDLOC=2 -AEEDATA=00h-07Fh/02100h \
  -peeprom_data=EEDATA -DEEDATA=2 -DCODE=2 -DSTRCODE=2 -DSTRING=2 -DCONST=2 \
  -DENTRY=2 -k C:\Users\ACER-PC\AppData\Local\Temp\seu0.o \
  dist/default/production\CCP_MODULE_PWM_MODE.X.production.o 

Object code version is 3.11

Machine type is 16F628A



                Name                               Link     Load   Length Selector   Space Scale
C:\Users\ACER-PC\AppData\Local\Temp\seu0.o
                end_init                              A        A        1        8       0
                reset_vec                             0        0        1        0       0
                config                             2007     2007        1     400E       0
dist/default/production\CCP_MODULE_PWM_MODE.X.production.o
                cinit                                 B        B        8        8       0
                intentry                              4        4        6        8       0
                text2                                B2       B2       35        8       0
                text1                                13       13       51        8       0
                maintext                             64       64       4E        8       0
                cstackCOMMON                         70       70        5       70       1
                dataCOMMON                           77       77        2       70       1
                bssCOMMON                            75       75        2       70       1
                idataCOMMON                          E7       E7        2        8       0

TOTAL           Name                               Link     Load   Length     Space
        CLASS   STACK          

        CLASS   CODE           
                end_init                              A        A        1         0
                cinit                                 B        B        8         0
                intentry                              4        4        6         0
                reset_vec                             0        0        1         0
                text2                                B2       B2       35         0
                text1                                13       13       51         0
                maintext                             64       64       4E         0
                idataCOMMON                          E7       E7        2         0

        CLASS   STRCODE        

        CLASS   STRING         

        CLASS   CONST          

        CLASS   ENTRY          

        CLASS   COMMON         
                cstackCOMMON                         70       70        5         1
                dataCOMMON                           77       77        2         1
                bssCOMMON                            75       75        2         1

        CLASS   BANK0          

        CLASS   BANK1          

        CLASS   BANK2          

        CLASS   RAM            

        CLASS   ABS1           
                abs_s1                               7E       7E        2         1

        CLASS   SFR0           

        CLASS   SFR1           

        CLASS   SFR2           

        CLASS   SFR3           

        CLASS   CONFIG         
                config                             2007     2007        1         0

        CLASS   IDLOC          

        CLASS   EEDATA         

        CLASS   BANK3          



SEGMENTS        Name                           Load    Length   Top    Selector   Space  Class     Delta

                reset_vec                      000000  000001  000001         0       0  CODE        2
                intentry                       000004  0000E5  0000E9         8       0  CODE        2
                cstackCOMMON                   000070  000009  000079        70       1  COMMON      1
                config                         002007  000001  002008      400E       0  CONFIG      2


UNUSED ADDRESS RANGES

        Name                Unused          Largest block    Delta
        BANK0            0020-006F             50           1
        BANK1            00A0-00EF             50           1
        BANK2            0120-014F             30           1
        CODE             0001-0003              3           2
                         00E9-07FF            717
        COMMON           0079-007D              5           1
        CONST            0001-0003              3           2
                         00E9-07FF            100
        EEDATA           2100-217F             80           2
        ENTRY            0001-0003              3           2
                         00E9-07FF            100
        IDLOC            2000-2003              4           2
        RAM              0020-006F             50           1
                         00A0-00EF             50
                         0120-014F             30
        SFR0             0000-001F             20           1
        SFR1             0080-009F             20           1
        SFR2             0100-011F             20           1
        SFR3             0180-01EF             70           1
        STACK            0020-006F             50           1
        STRCODE          0001-0003              3           2
                         00E9-07FF            717
        STRING           0001-0003              3           2
                         00E9-07FF            100

                                  Symbol Table

_CCP1CONbits                     (abs)        0017
_CCPR1                           (abs)        0015
_CCPR1L                          (abs)        0015
_INTCONbits                      (abs)        000B
_ISR                             text2        00B2
_Initial_Configurations          text1        0013
_OPTION_REGbits                  (abs)        0081
_PIE1bits                        (abs)        008C
_PIR1bits                        (abs)        000C
_PORTA                           (abs)        0005
_PORTB                           (abs)        0006
_PORTBbits                       (abs)        0006
_PR2                             (abs)        0092
_T1CONbits                       (abs)        0010
_T2CONbits                       (abs)        0012
_TMR0                            (abs)        0001
_TMR1                            (abs)        000E
_TMR2                            (abs)        0011
_TRISA                           (abs)        0085
_TRISB                           (abs)        0086
__CFG_BOREN$OFF                  (abs)        0000
__CFG_CP$OFF                     (abs)        0000
__CFG_CPD$OFF                    (abs)        0000
__CFG_FOSC$XT                    (abs)        0000
__CFG_LVP$OFF                    (abs)        0000
__CFG_MCLRE$ON                   (abs)        0000
__CFG_PWRTE$OFF                  (abs)        0000
__CFG_WDTE$OFF                   (abs)        0000
__Habs1                          abs1         0000
__Hbank0                         bank0        0000
__Hbank1                         bank1        0000
__Hbank2                         bank2        0000
__Hbank3                         bank3        0000
__HbssCOMMON                     bssCOMMON    0000
__Hcinit                         cinit        0013
__Hclrtext                       clrtext      0000
__Hcode                          code         0000
__Hcommon                        common       0000
__Hconfig                        config       2008
__HcstackCOMMON                  cstackCOMMON 0000
__HdataCOMMON                    dataCOMMON   0000
__Heeprom_data                   eeprom_data  0000
__Hend_init                      end_init     000B
__Hfunctab                       functab      0000
__HidataCOMMON                   idataCOMMON  0000
__Hidloc                         idloc        0000
__Hinit                          init         000A
__Hintentry                      intentry     000A
__Hmaintext                      maintext     0000
__Hpowerup                       powerup      0000
__Hram                           ram          0000
__Hreset_vec                     reset_vec    0001
__Hsfr0                          sfr0         0000
__Hsfr1                          sfr1         0000
__Hsfr2                          sfr2         0000
__Hsfr3                          sfr3         0000
__Hspace_0                       (abs)        2008
__Hspace_1                       (abs)        0079
__Hspace_2                       (abs)        0000
__Hspace_3                       (abs)        0000
__Hstack                         stack        0000
__Hstrings                       strings      0000
__Htext                          text         0000
__Labs1                          abs1         0000
__Lbank0                         bank0        0000
__Lbank1                         bank1        0000
__Lbank2                         bank2        0000
__Lbank3                         bank3        0000
__LbssCOMMON                     bssCOMMON    0000
__Lcinit                         cinit        000B
__Lclrtext                       clrtext      0000
__Lcode                          code         0000
__Lcommon                        common       0000
__Lconfig                        config       2007
__LcstackCOMMON                  cstackCOMMON 0000
__LdataCOMMON                    dataCOMMON   0000
__Leeprom_data                   eeprom_data  0000
__Lend_init                      end_init     000A
__Lfunctab                       functab      0000
__LidataCOMMON                   idataCOMMON  0000
__Lidloc                         idloc        0000
__Linit                          init         000A
__Lintentry                      intentry     0004
__Lmaintext                      maintext     0000
__Lpowerup                       powerup      0000
__Lram                           ram          0000
__Lreset_vec                     reset_vec    0000
__Lsfr0                          sfr0         0000
__Lsfr1                          sfr1         0000
__Lsfr2                          sfr2         0000
__Lsfr3                          sfr3         0000
__Lspace_0                       (abs)        0000
__Lspace_1                       (abs)        0000
__Lspace_2                       (abs)        0000
__Lspace_3                       (abs)        0000
__Lstack                         stack        0000
__Lstrings                       strings      0000
__Ltext                          text         0000
__S0                             (abs)        2008
__S1                             (abs)        0079
__S2                             (abs)        0000
__S3                             (abs)        0000
___int_sp                        stack        0000
___latbits                       (abs)        0000
___sp                            stack        0000
___stackhi                       (abs)        0000
___stacklo                       (abs)        0000
__end_of_ISR                     text2        00E7
__end_of_Initial_Configurations  text1        0064
__end_of__initialization         cinit        0011
__end_of_main                    maintext     00B2
__initialization                 cinit        000B
__pbssCOMMON                     bssCOMMON    0075
__pcstackCOMMON                  cstackCOMMON 0070
__pdataCOMMON                    dataCOMMON   0077
__pidataCOMMON                   idataCOMMON  00E7
__pintentry                      intentry     0004
__pmaintext                      maintext     0064
__ptext1                         text1        0013
__ptext2                         text2        00B2
__size_of_ISR                    (abs)        0000
__size_of_Initial_Configurations (abs)        0000
__size_of_main                   (abs)        0000
_duty                            dataCOMMON   0077
_main                            maintext     0064
_old_duty                        bssCOMMON    0075
btemp                            (abs)        007E
end_of_initialization            cinit        0011
interrupt_function               intentry     0004
intlevel0                        functab      0000
intlevel1                        functab      0000
intlevel2                        functab      0000
intlevel3                        functab      0000
intlevel4                        functab      0000
intlevel5                        functab      0000
reset_vec                        reset_vec    0000
saved_w                          (abs)        007E
start                            init         000A
start_initialization             cinit        000B
wtemp0                           (abs)        007E


FUNCTION INFORMATION:

 *************** function _main *****************
 Defined at:
		line 54 in file "CCP_MODULE_PWM_MODE_Firmware.c"
 Parameters:    Size  Location     Type
		None
 Auto vars:     Size  Location     Type
		None
 Return value:  Size  Location     Type
                  1    wreg      void 
 Registers used:
		wreg, status,2, status,0, pclath, cstack
 Tracked objects:
		On entry : 
		On exit  : 
		Unchanged: 
 Data sizes:     COMMON   BANK0   BANK1   BANK2
      Params:         0       0       0       0
      Locals:         0       0       0       0
      Temps:          3       0       0       0
      Totals:         3       0       0       0
Total ram usage:        3 bytes
 Hardware stack levels required when called:    2
 This function calls:
		_Initial_Configurations
 This function is called by:
		Startup code after reset
 This function uses a non-reentrant model


 *************** function _Initial_Configurations *****************
 Defined at:
		line 15 in file "configurations.c"
 Parameters:    Size  Location     Type
		None
 Auto vars:     Size  Location     Type
		None
 Return value:  Size  Location     Type
                  1    wreg      void 
 Registers used:
		wreg, status,2
 Tracked objects:
		On entry : 
		On exit  : 
		Unchanged: 
 Data sizes:     COMMON   BANK0   BANK1   BANK2
      Params:         0       0       0       0
      Locals:         0       0       0       0
      Temps:          0       0       0       0
      Totals:         0       0       0       0
Total ram usage:        0 bytes
 Hardware stack levels used:    1
 Hardware stack levels required when called:    1
 This function calls:
		Nothing
 This function is called by:
		_main
 This function uses a non-reentrant model


 *************** function _ISR *****************
 Defined at:
		line 40 in file "CCP_MODULE_PWM_MODE_Firmware.c"
 Parameters:    Size  Location     Type
		None
 Auto vars:     Size  Location     Type
		None
 Return value:  Size  Location     Type
                  1    wreg      void 
 Registers used:
		wreg, status,2, status,0
 Tracked objects:
		On entry : 
		On exit  : 
		Unchanged: 
 Data sizes:     COMMON   BANK0   BANK1   BANK2
      Params:         0       0       0       0
      Locals:         0       0       0       0
      Temps:          2       0       0       0
      Totals:         2       0       0       0
Total ram usage:        2 bytes
 Hardware stack levels used:    1
 This function calls:
		Nothing
 This function is called by:
		Interrupt level 1
 This function uses a non-reentrant model



MODULE INFORMATION

Module		Function		Class		Link	Load	Size
configurations.c
		_Initial_Configurations		CODE           	0013	0000	82

configurations.c estimated size: 82

shared
		__initialization		CODE           	000B	0000	7

shared estimated size: 7

CCP_MODULE_PWM_MODE_Firmware.c
		_ISR           		CODE           	00B2	0000	54
		_main          		CODE           	0064	0000	79

CCP_MODULE_PWM_MODE_Firmware.c estimated size: 133

