Microchip MPLAB XC8 Compiler V2.10 ()

Linker command line:

-W-3 --edf=C:\Program Files (x86)\Microchip\xc8\v2.10\pic\dat\en_msgs.txt \
  -cs -h+dist/default/production\I2C_24C64_EEPROM.X.production.sym \
  --cmf=dist/default/production\I2C_24C64_EEPROM.X.production.cmf -z \
  -Q16F877A -oC:\Users\ACER-PC\AppData\Local\Temp\shns.2 \
  --defsym=__MPLAB_BUILD=1 \
  -Mdist/default/production/I2C_24C64_EEPROM.X.production.map -E1 -ver=XC8 \
  --acfsm=1493 -ASTACK=0110h-016Fh -pstack=STACK -ACODE=00h-07FFhx4 \
  -ASTRCODE=00h-01FFFh -ASTRING=00h-0FFhx32 -ACONST=00h-0FFhx32 \
  -AENTRY=00h-0FFhx32 -ACOMMON=070h-07Fh -ABANK0=020h-06Fh \
  -ABANK1=0A0h-0EFh -ABANK2=0110h-016Fh -ABANK3=0190h-01EFh \
  -ARAM=020h-06Fh,0A0h-0EFh,0110h-016Fh,0190h-01EFh \
  -AABS1=020h-07Fh,0A0h-0EFh,0110h-016Fh,0190h-01EFh -ASFR0=00h-01Fh \
  -ASFR1=080h-09Fh -ASFR2=0100h-010Fh -ASFR3=0180h-018Fh \
  -preset_vec=00h,intentry,init,end_init -ppowerup=CODE -pcinit=CODE \
  -pfunctab=ENTRY -ACONFIG=02007h-02007h -pconfig=CONFIG -DCONFIG=2 \
  -AIDLOC=02000h-02003h -pidloc=IDLOC -DIDLOC=2 -AEEDATA=00h-0FFh/02100h \
  -peeprom_data=EEDATA -DEEDATA=2 -DCODE=2 -DSTRCODE=2 -DSTRING=2 -DCONST=2 \
  -DENTRY=2 -k C:\Users\ACER-PC\AppData\Local\Temp\shns.o \
  dist/default/production\I2C_24C64_EEPROM.X.production.o 

Object code version is 3.11

Machine type is 16F877A



                Name                               Link     Load   Length Selector   Space Scale
C:\Users\ACER-PC\AppData\Local\Temp\shns.o
                end_init                              0        0        3        0       0
                config                             2007     2007        1     400E       0
dist/default/production\I2C_24C64_EEPROM.X.production.o
                cinit                               7D9      7D9       27      FB2       0
                functab                               3        3        F        6       0
                text27                              DE3      DE3       1B     1BC6       0
                text26                              D16      D16        E     1A2C       0
                text25                              D24      D24        E     1A48       0
                text24                              D32      D32        E     1A64       0
                text23                              D9C      D9C       17     1B38       0
                text22                              EBB      EBB       4C     1D76       0
                text21                              13E      13E       65      27C       0
                text20                              DFE      DFE       1D     1BFC       0
                text19                              D40      D40        F     1A80       0
                text18                              D4F      D4F        F     1A9E       0
                text17                              286      286       A2      50C       0
                text16                              DB3      DB3       17     1B66       0
                text15                               DD       DD       61      1BA       0
                text14                              D71      D71       15     1AE2       0
                text13                              DCA      DCA       19     1B94       0
                text12                              E38      E38       1E     1C70       0
                text11                              E1B      E1B       1D     1C36       0
                text10                              209      209       7D      412       0
                text9                               FAA      FAA       56     1F54       0
                text8                               D86      D86       16     1B0C       0
                text7                               F56      F56       54     1EAC       0
                text6                               1A3      1A3       66      346       0
                text5                               F07      F07       4F     1E0E       0
                text4                               D0C      D0C        A     1A18       0
                text3                               E77      E77       44     1CEE       0
                text2                                A3       A3       3A      146       0
                text1                               328      328       E8      650       0
                maintext                            410      410      3C9      820       0
                cstackBANK0                          49       49       1D       20       1
                cstackCOMMON                         70       70        E       70       1
                clrtext                             D04      D04        8     1A08       0
                inittext                            D5E      D5E       13     1ABC       0
                dataBANK1                            A0       A0       21       A0       1
                dataBANK0                            66       66        4       20       1
                bssBANK0                             20       20       29       20       1
                strings                              12       12       8A       24       0
                idataBANK1                          E56      E56       21     1CAC       0
                idataBANK0                           9F       9F        4      13E       0

TOTAL           Name                               Link     Load   Length     Space
        CLASS   STACK          

        CLASS   CODE           
                end_init                              0        0        3         0
                cinit                               7D9      7D9       27         0
                text27                              DE3      DE3       1B         0
                text26                              D16      D16        E         0
                text25                              D24      D24        E         0
                text24                              D32      D32        E         0
                text23                              D9C      D9C       17         0
                text22                              EBB      EBB       4C         0
                text21                              13E      13E       65         0
                text20                              DFE      DFE       1D         0
                text19                              D40      D40        F         0
                text18                              D4F      D4F        F         0
                text17                              286      286       A2         0
                text16                              DB3      DB3       17         0
                text15                               DD       DD       61         0
                text14                              D71      D71       15         0
                text13                              DCA      DCA       19         0
                text12                              E38      E38       1E         0
                text11                              E1B      E1B       1D         0
                text10                              209      209       7D         0
                text9                               FAA      FAA       56         0
                text8                               D86      D86       16         0
                text7                               F56      F56       54         0
                text6                               1A3      1A3       66         0
                text5                               F07      F07       4F         0
                text4                               D0C      D0C        A         0
                text3                               E77      E77       44         0
                text2                                A3       A3       3A         0
                text1                               328      328       E8         0
                maintext                            410      410      3C9         0
                clrtext                             D04      D04        8         0
                inittext                            D5E      D5E       13         0
                idataBANK1                          E56      E56       21         0
                idataBANK0                           9F       9F        4         0

        CLASS   STRCODE        

        CLASS   STRING         
                strings                              12       12       8A         0

        CLASS   CONST          

        CLASS   ENTRY          
                functab                               3        3        F         0

        CLASS   COMMON         
                cstackCOMMON                         70       70        E         1

        CLASS   BANK0          
                cstackBANK0                          49       49       1D         1
                dataBANK0                            66       66        4         1
                bssBANK0                             20       20       29         1

        CLASS   BANK1          
                dataBANK1                            A0       A0       21         1

        CLASS   BANK2          

        CLASS   BANK3          

        CLASS   RAM            

        CLASS   ABS1           
                abs_s1                               7E       7E        2         1

        CLASS   SFR0           

        CLASS   SFR1           

        CLASS   SFR2           

        CLASS   SFR3           

        CLASS   CONFIG         
                config                             2007     2007        1         0

        CLASS   IDLOC          

        CLASS   EEDATA         



SEGMENTS        Name                           Load    Length   Top    Selector   Space  Class     Delta

                reset_vec                      000000  000003  000003         0       0  CODE        2
                functab                        000003  00000F  000012         6       0  ENTRY       2
                bssBANK0                       000020  00004A  00006A        20       1  BANK0       1
                strings                        000012  00008A  00009C        24       0  STRING      2
                cstackCOMMON                   000070  00000E  00007E        70       1  COMMON      1
                dataBANK1                      0000A0  000021  0000C1        A0       1  BANK1       1
                idataBANK0                     00009F  000004  0000A3       13E       0  CODE        2
                text2                          0000A3  00003A  0000DD       146       0  CODE        2
                text15                         0000DD  000061  00013E       1BA       0  CODE        2
                text21                         00013E  000065  0001A3       27C       0  CODE        2
                text6                          0001A3  000066  000209       346       0  CODE        2
                text10                         000209  00007D  000286       412       0  CODE        2
                text17                         000286  0000A2  000328       50C       0  CODE        2
                text1                          000328  0000E8  000410       650       0  CODE        2
                maintext                       000410  0003C9  0007D9       820       0  CODE        2
                cinit                          0007D9  000027  000800       FB2       0  CODE        2
                clrtext                        000D04  000008  000D0C      1A08       0  CODE        2
                text4                          000D0C  00000A  000D16      1A18       0  CODE        2
                text26                         000D16  00000E  000D24      1A2C       0  CODE        2
                text25                         000D24  00000E  000D32      1A48       0  CODE        2
                text24                         000D32  00000E  000D40      1A64       0  CODE        2
                text19                         000D40  00000F  000D4F      1A80       0  CODE        2
                text18                         000D4F  00000F  000D5E      1A9E       0  CODE        2
                inittext                       000D5E  000013  000D71      1ABC       0  CODE        2
                text14                         000D71  000015  000D86      1AE2       0  CODE        2
                text8                          000D86  000016  000D9C      1B0C       0  CODE        2
                text23                         000D9C  000017  000DB3      1B38       0  CODE        2
                text16                         000DB3  000017  000DCA      1B66       0  CODE        2
                text13                         000DCA  000019  000DE3      1B94       0  CODE        2
                text27                         000DE3  00001B  000DFE      1BC6       0  CODE        2
                text20                         000DFE  00001D  000E1B      1BFC       0  CODE        2
                text11                         000E1B  00001D  000E38      1C36       0  CODE        2
                text12                         000E38  00001E  000E56      1C70       0  CODE        2
                idataBANK1                     000E56  000021  000E77      1CAC       0  CODE        2
                text3                          000E77  000044  000EBB      1CEE       0  CODE        2
                text22                         000EBB  00004C  000F07      1D76       0  CODE        2
                text5                          000F07  00004F  000F56      1E0E       0  CODE        2
                text7                          000F56  000054  000FAA      1EAC       0  CODE        2
                text9                          000FAA  000056  001000      1F54       0  CODE        2
                config                         002007  000001  002008      400E       0  CONFIG      2


UNUSED ADDRESS RANGES

        Name                Unused          Largest block    Delta
        BANK0            006A-006F              6           1
        BANK1            00C1-00EF             2F           1
        BANK2            0110-016F             60           1
        BANK3            0190-01EF             60           1
        CODE             009C-009E              3           2
                         0800-0D03            504
                         1000-1FFF            800
        CONST            009C-009E              3           2
                         0800-0D03            100
                         1000-1FFF            100
        EEDATA           2100-21FF            100           2
        ENTRY            009C-009E              3           2
                         0800-0D03            100
                         1000-1FFF            100
        IDLOC            2000-2003              4           2
        RAM              006A-006F              6           1
                         00C1-00EF             2F
                         0110-016F             60
                         0190-01EF             60
        SFR0             0000-001F             20           1
        SFR1             0080-009F             20           1
        SFR2             0100-010F             10           1
        SFR3             0180-018F             10           1
        STACK            0110-016F             60           1
        STRCODE          009C-009E              3           2
                         0800-0D03            504
                         1000-1FFF           1000
        STRING           009C-009E              3           2
                         0800-0D03            100
                         1000-1FFF            100

                                  Symbol Table

?___lldiv                                 cstackCOMMON 0070
?___lwdiv                                 cstackCOMMON 0070
?___lwmod                                 cstackCOMMON 0078
?_sprintf                                 cstackBANK0  0049
I2C_EEPROM_Byte_Write@Data                cstackCOMMON 0074
I2C_EEPROM_Byte_Write@EEPROM_Address      cstackCOMMON 0072
I2C_EEPROM_Byte_Write@I2C_Address         cstackCOMMON 0075
I2C_EEPROM_Byte_Write@c                   cstackCOMMON 0076
I2C_EEPROM_Page_Write@Data_Buffer         cstackCOMMON 0074
I2C_EEPROM_Page_Write@EEPROM_Address      cstackCOMMON 0072
I2C_EEPROM_Page_Write@I2C_Address         cstackCOMMON 0078
I2C_EEPROM_Page_Write@Length_of_Data      cstackCOMMON 0075
I2C_EEPROM_Page_Write@c                   cstackCOMMON 007B
I2C_EEPROM_Page_Write@i                   cstackCOMMON 0079
I2C_EEPROM_Sequential_Read@Data_Buffer    cstackCOMMON 0075
I2C_EEPROM_Sequential_Read@EEPROM_Address cstackCOMMON 0073
I2C_EEPROM_Sequential_Read@I2C_Address    cstackBANK0  0049
I2C_EEPROM_Sequential_Read@Length_of_Data cstackCOMMON 0076
I2C_EEPROM_Sequential_Read@c              cstackBANK0  004A
I2C_EEPROM_Sequential_Read@i              cstackBANK0  004C
I2C_IO_Expander_Writer@I2C_Address        cstackCOMMON 0072
I2C_IO_Expander_Writer@I2C_Data           cstackCOMMON 0073
I2C_LCD_clear@LCD_Obj                     cstackBANK0  004B
I2C_LCD_display_on_off_control@B          cstackBANK0  004F
I2C_LCD_display_on_off_control@C          cstackBANK0  004E
I2C_LCD_display_on_off_control@D          cstackBANK0  004D
I2C_LCD_display_on_off_control@LCD_Obj    cstackBANK0  004B
I2C_LCD_entry_mode@I_or_D                 cstackBANK0  004D
I2C_LCD_entry_mode@LCD_Obj                cstackBANK0  004B
I2C_LCD_entry_mode@S                      cstackBANK0  004E
I2C_LCD_init@F                            cstackBANK0  0054
I2C_LCD_init@I2C_LCD_Address              cstackBANK0  0052
I2C_LCD_init@LCD_Obj_Add                  cstackBANK0  0057
I2C_LCD_init@N                            cstackBANK0  0053
I2C_LCD_set_cursor@LCD_Obj                cstackBANK0  004B
I2C_LCD_set_cursor@colomn                 cstackBANK0  004E
I2C_LCD_set_cursor@row                    cstackBANK0  004D
I2C_LCD_write_char@LCD_Obj                cstackCOMMON 007B
I2C_LCD_write_char@chr                    cstackCOMMON 007D
I2C_LCD_write_string@LCD_Obj              cstackBANK0  004B
I2C_LCD_write_string@i                    cstackBANK0  0050
I2C_LCD_write_string@str                  cstackBANK0  004D
I2C_Master_Initialize@I2C_BaudRate        cstackBANK0  0049
I2C_Master_Initialize@I2C_CKE_OnOff       cstackBANK0  004E
I2C_Master_Initialize@I2C_SMP_OnOff       cstackBANK0  004D
I2C_Master_Read@Recieved_Data             cstackCOMMON 0072
I2C_Master_Write@Master_Tx_Data           cstackCOMMON 0071
LCD_data_sender@LCD_Obj                   cstackCOMMON 0074
LCD_data_sender@callback_function         cstackCOMMON 0077
LCD_data_sender@data                      cstackCOMMON 0076
LCD_send_commad@LCD_Obj                   cstackCOMMON 007B
LCD_send_commad@cmd                       cstackCOMMON 007D
_I2C_EEPROM_Byte_Write                    text22       0EBB
_I2C_EEPROM_Page_Write                    text21       013E
_I2C_EEPROM_Sequential_Read               text17       0286
_I2C_IO_Expander_Writer                   text16       0DB3
_I2C_LCD_clear                            text13       0DCA
_I2C_LCD_display_on_off_control           text12       0E38
_I2C_LCD_entry_mode                       text11       0E1B
_I2C_LCD_init                             text10       0209
_I2C_LCD_set_cursor                       text9        0FAA
_I2C_LCD_write_char                       text8        0D86
_I2C_LCD_write_string                     text7        0F56
_I2C_Master_Check_Idle                    text27       0DE3
_I2C_Master_Initialize                    text5        0F07
_I2C_Master_Read                          text20       0DFE
_I2C_Master_RepeatedStart                 text26       0D16
_I2C_Master_Send_ACK                      text19       0D40
_I2C_Master_Send_NACK                     text18       0D4F
_I2C_Master_Start                         text25       0D24
_I2C_Master_Stop                          text24       0D32
_I2C_Master_Write                         text23       0D9C
_INTCONbits                               (abs)        000B
_Initial_Configurations                   text4        0D0C
_LCD1                                     bssBANK0     0047
_LCD_data_sender                          text15       00DD
_LCD_send_commad                          text14       0D71
_Lcd_RS_State                             bssBANK0     0024
_PIE1bits                                 (abs)        008C
_PIR1bits                                 (abs)        000C
_PORTB                                    (abs)        0006
_PORTBbits                                (abs)        0006
_SSPADD                                   (abs)        0093
_SSPBUF                                   (abs)        0013
_SSPCON                                   (abs)        0014
_SSPCON2                                  (abs)        0091
_SSPCON2bits                              (abs)        0091
_SSPCONbits                               (abs)        0014
_SSPSTAT                                  (abs)        0094
_SSPSTATbits                              (abs)        0094
_TRISB                                    (abs)        0086
_TRISCbits                                (abs)        0087
__CFG_BOREN$ON                            (abs)        0000
__CFG_CP$OFF                              (abs)        0000
__CFG_CPD$OFF                             (abs)        0000
__CFG_FOSC$HS                             (abs)        0000
__CFG_LVP$OFF                             (abs)        0000
__CFG_PWRTE$OFF                           (abs)        0000
__CFG_WDTE$OFF                            (abs)        0000
__CFG_WRT$OFF                             (abs)        0000
__Habs1                                   abs1         0000
__Hbank0                                  bank0        0000
__Hbank1                                  bank1        0000
__Hbank2                                  bank2        0000
__Hbank3                                  bank3        0000
__HbssBANK0                               bssBANK0     0000
__Hcinit                                  cinit        0800
__Hclrtext                                clrtext      0000
__Hcode                                   code         0000
__Hcommon                                 common       0000
__Hconfig                                 config       2008
__HcstackBANK0                            cstackBANK0  0000
__HcstackCOMMON                           cstackCOMMON 0000
__HdataBANK0                              dataBANK0    0000
__HdataBANK1                              dataBANK1    0000
__Heeprom_data                            eeprom_data  0000
__Hend_init                               end_init     0003
__Hfunctab                                functab      0012
__HidataBANK0                             idataBANK0   0000
__HidataBANK1                             idataBANK1   0000
__Hidloc                                  idloc        0000
__Hinit                                   init         0000
__Hinittext                               inittext     0000
__Hintentry                               intentry     0000
__Hmaintext                               maintext     0000
__Hpowerup                                powerup      0000
__Hram                                    ram          0000
__Hreset_vec                              reset_vec    0000
__Hsfr0                                   sfr0         0000
__Hsfr1                                   sfr1         0000
__Hsfr2                                   sfr2         0000
__Hsfr3                                   sfr3         0000
__Hspace_0                                (abs)        2008
__Hspace_1                                (abs)        00C1
__Hspace_2                                (abs)        0000
__Hspace_3                                (abs)        0000
__Hstack                                  stack        0000
__Hstrings                                strings      0000
__Htext                                   text         0000
__Labs1                                   abs1         0000
__Lbank0                                  bank0        0000
__Lbank1                                  bank1        0000
__Lbank2                                  bank2        0000
__Lbank3                                  bank3        0000
__LbssBANK0                               bssBANK0     0000
__Lcinit                                  cinit        07D9
__Lclrtext                                clrtext      0000
__Lcode                                   code         0000
__Lcommon                                 common       0000
__Lconfig                                 config       2007
__LcstackBANK0                            cstackBANK0  0000
__LcstackCOMMON                           cstackCOMMON 0000
__LdataBANK0                              dataBANK0    0000
__LdataBANK1                              dataBANK1    0000
__Leeprom_data                            eeprom_data  0000
__Lend_init                               end_init     0000
__Lfunctab                                functab      0003
__LidataBANK0                             idataBANK0   0000
__LidataBANK1                             idataBANK1   0000
__Lidloc                                  idloc        0000
__Linit                                   init         0000
__Linittext                               inittext     0000
__Lintentry                               intentry     0000
__Lmaintext                               maintext     0000
__Lpowerup                                powerup      0000
__Lram                                    ram          0000
__Lreset_vec                              reset_vec    0000
__Lsfr0                                   sfr0         0000
__Lsfr1                                   sfr1         0000
__Lsfr2                                   sfr2         0000
__Lsfr3                                   sfr3         0000
__Lspace_0                                (abs)        0000
__Lspace_1                                (abs)        0000
__Lspace_2                                (abs)        0000
__Lspace_3                                (abs)        0000
__Lstack                                  stack        0000
__Lstrings                                strings      0000
__Ltext                                   text         0000
__S0                                      (abs)        2008
__S1                                      (abs)        00C1
__S2                                      (abs)        0000
__S3                                      (abs)        0000
___int_sp                                 stack        0000
___latbits                                (abs)        0002
___lldiv                                  text6        01A3
___lldiv@counter                          cstackCOMMON 007D
___lldiv@dividend                         cstackCOMMON 0074
___lldiv@divisor                          cstackCOMMON 0070
___lldiv@quotient                         cstackCOMMON 0079
___lwdiv                                  text3        0E77
___lwdiv@counter                          cstackCOMMON 0077
___lwdiv@dividend                         cstackCOMMON 0072
___lwdiv@divisor                          cstackCOMMON 0070
___lwdiv@quotient                         cstackCOMMON 0075
___lwmod                                  text2        00A3
___lwmod@counter                          cstackCOMMON 007D
___lwmod@dividend                         cstackCOMMON 007A
___lwmod@divisor                          cstackCOMMON 0078
___sp                                     stack        0000
___stackhi                                (abs)        0000
___stacklo                                (abs)        0000
__end_of_I2C_EEPROM_Byte_Write            text22       0F07
__end_of_I2C_EEPROM_Page_Write            text21       01A3
__end_of_I2C_EEPROM_Sequential_Read       text17       0328
__end_of_I2C_IO_Expander_Writer           text16       0DCA
__end_of_I2C_LCD_clear                    text13       0DE3
__end_of_I2C_LCD_display_on_off_control   text12       0E56
__end_of_I2C_LCD_entry_mode               text11       0E38
__end_of_I2C_LCD_init                     text10       0286
__end_of_I2C_LCD_set_cursor               text9        1000
__end_of_I2C_LCD_write_char               text8        0D9C
__end_of_I2C_LCD_write_string             text7        0FAA
__end_of_I2C_Master_Check_Idle            text27       0DFE
__end_of_I2C_Master_Initialize            text5        0F56
__end_of_I2C_Master_Read                  text20       0E1B
__end_of_I2C_Master_RepeatedStart         text26       0D24
__end_of_I2C_Master_Send_ACK              text19       0D4F
__end_of_I2C_Master_Send_NACK             text18       0D5E
__end_of_I2C_Master_Start                 text25       0D32
__end_of_I2C_Master_Stop                  text24       0D40
__end_of_I2C_Master_Write                 text23       0DB3
__end_of_Initial_Configurations           text4        0D16
__end_of_LCD_data_sender                  text15       013E
__end_of_LCD_send_commad                  text14       0D86
__end_of_Lcd_RW_State                     strings      002D
__end_of___lldiv                          text6        0209
__end_of___lwdiv                          text3        0EBB
__end_of___lwmod                          text2        00DD
__end_of__fptable                         functab      0012
__end_of__initialization                  cinit        07FC
__end_of__stringtab                       strings      0022
__end_of_dpowers                          strings      002C
__end_of_main                             maintext     07D9
__end_of_sprintf                          text1        0410
__fptable                                 functab      0003
__initialization                          cinit        07D9
__pbssBANK0                               bssBANK0     0020
__pcstackBANK0                            cstackBANK0  0049
__pcstackCOMMON                           cstackCOMMON 0070
__pdataBANK0                              dataBANK0    0066
__pdataBANK1                              dataBANK1    00A0
__pfunctab                                functab      0003
__pidataBANK0                             idataBANK0   009F
__pidataBANK1                             idataBANK1   0E56
__pmaintext                               maintext     0410
__pstrings                                strings      0012
__ptext1                                  text1        0328
__ptext10                                 text10       0209
__ptext11                                 text11       0E1B
__ptext12                                 text12       0E38
__ptext13                                 text13       0DCA
__ptext14                                 text14       0D71
__ptext15                                 text15       00DD
__ptext16                                 text16       0DB3
__ptext17                                 text17       0286
__ptext18                                 text18       0D4F
__ptext19                                 text19       0D40
__ptext2                                  text2        00A3
__ptext20                                 text20       0DFE
__ptext21                                 text21       013E
__ptext22                                 text22       0EBB
__ptext23                                 text23       0D9C
__ptext24                                 text24       0D32
__ptext25                                 text25       0D24
__ptext26                                 text26       0D16
__ptext27                                 text27       0DE3
__ptext3                                  text3        0E77
__ptext4                                  text4        0D0C
__ptext5                                  text5        0F07
__ptext6                                  text6        01A3
__ptext7                                  text7        0F56
__ptext8                                  text8        0D86
__ptext9                                  text9        0FAA
__size_of_I2C_EEPROM_Byte_Write           (abs)        0000
__size_of_I2C_EEPROM_Page_Write           (abs)        0000
__size_of_I2C_EEPROM_Sequential_Read      (abs)        0000
__size_of_I2C_IO_Expander_Writer          (abs)        0000
__size_of_I2C_LCD_clear                   (abs)        0000
__size_of_I2C_LCD_display_on_off_control  (abs)        0000
__size_of_I2C_LCD_entry_mode              (abs)        0000
__size_of_I2C_LCD_init                    (abs)        0000
__size_of_I2C_LCD_set_cursor              (abs)        0000
__size_of_I2C_LCD_write_char              (abs)        0000
__size_of_I2C_LCD_write_string            (abs)        0000
__size_of_I2C_Master_Check_Idle           (abs)        0000
__size_of_I2C_Master_Initialize           (abs)        0000
__size_of_I2C_Master_Read                 (abs)        0000
__size_of_I2C_Master_RepeatedStart        (abs)        0000
__size_of_I2C_Master_Send_ACK             (abs)        0000
__size_of_I2C_Master_Send_NACK            (abs)        0000
__size_of_I2C_Master_Start                (abs)        0000
__size_of_I2C_Master_Stop                 (abs)        0000
__size_of_I2C_Master_Write                (abs)        0000
__size_of_Initial_Configurations          (abs)        0000
__size_of_LCD_data_sender                 (abs)        0000
__size_of_LCD_send_commad                 (abs)        0000
__size_of___lldiv                         (abs)        0000
__size_of___lwdiv                         (abs)        0000
__size_of___lwmod                         (abs)        0000
__size_of__fptable                        (abs)        0000
__size_of_main                            (abs)        0000
__size_of_sprintf                         (abs)        0000
__stringbase                              strings      0021
__stringtab                               strings      0012
_dpowers                                  strings      0022
_main                                     maintext     0410
_reader_data_buffer_H                     bssBANK0     0036
_reader_data_buffer_L                     bssBANK0     0025
_sprintf                                  text1        0328
_writer_data_buffer                       dataBANK1    00A0
btemp                                     (abs)        007E
clear_ram0                                clrtext      0D04
end_of_initialization                     cinit        07FC
entry__LCD_data_sender                    functab      000C
entry__LCD_send_commad                    functab      000F
fpbase                                    functab      0008
fptable                                   functab      0003
fptotal                                   (abs)        0008
init_fetch0                               inittext     0D5E
init_ram0                                 inittext     0D62
intlevel0                                 functab      0003
intlevel1                                 functab      0003
intlevel2                                 functab      0003
intlevel3                                 functab      0003
intlevel4                                 functab      0003
intlevel5                                 functab      0003
main@i                                    cstackBANK0  0062
main@i_151                                cstackBANK0  0060
main@old_page_num                         cstackBANK0  005B
main@page_num                             cstackBANK0  0064
main@spage_num                            cstackBANK0  005D
reset_vec                                 reset_vec    0000
sprintf@ap                                cstackBANK0  004F
sprintf@c                                 cstackBANK0  0055
sprintf@f                                 cstackBANK0  0049
sprintf@flag                              cstackBANK0  0050
sprintf@prec                              cstackBANK0  0051
sprintf@sp                                cstackBANK0  0054
sprintf@val                               cstackBANK0  0052
start                                     init         0000
start_initialization                      cinit        07D9
wtemp0                                    (abs)        007E


FUNCTION INFORMATION:

 *************** function _main *****************
 Defined at:
		line 27 in file "I2C_24C64_EEPROM_Firmware.c"
 Parameters:    Size  Location     Type
		None
 Auto vars:     Size  Location     Type
  i               2   23[BANK0 ] int 
  i               2   25[BANK0 ] int 
  spage_num       3   20[BANK0 ] unsigned char [3]
  page_num        2   27[BANK0 ] int 
  old_page_num    2   18[BANK0 ] int 
 Return value:  Size  Location     Type
                  1    wreg      void 
 Registers used:
		wreg, fsr0l, fsr0h, status,2, status,0, btemp+1, pclath, cstack
 Tracked objects:
		On entry : 
		On exit  : 
		Unchanged: 
 Data sizes:     COMMON   BANK0   BANK1   BANK3   BANK2
      Params:         0       0       0       0       0
      Locals:         0      11       0       0       0
      Temps:          0       3       0       0       0
      Totals:         0      14       0       0       0
Total ram usage:       14 bytes
 Hardware stack levels required when called:    7
 This function calls:
		_I2C_EEPROM_Byte_Write
		_I2C_EEPROM_Page_Write
		_I2C_EEPROM_Sequential_Read
		_I2C_LCD_clear
		_I2C_LCD_init
		_I2C_LCD_set_cursor
		_I2C_LCD_write_string
		_I2C_Master_Initialize
		_Initial_Configurations
		_sprintf
 This function is called by:
		Startup code after reset
 This function uses a non-reentrant model


 *************** function _sprintf *****************
 Defined at:
		line 505 in file "C:\Program Files (x86)\Microchip\xc8\v2.10\pic\sources\c90\common\doprnt.c"
 Parameters:    Size  Location     Type
  sp              1    wreg     PTR unsigned char 
		 -> main@spage_num(3), 
  f               1    0[BANK0 ] PTR const unsigned char 
		 -> STR_7(3), 
 Auto vars:     Size  Location     Type
  sp              1   11[BANK0 ] PTR unsigned char 
		 -> main@spage_num(3), 
  tmpval          4    0        struct .
  val             2    9[BANK0 ] unsigned int 
  cp              2    0        PTR const unsigned char 
  len             2    0        unsigned int 
  c               1   12[BANK0 ] unsigned char 
  prec            1    8[BANK0 ] char 
  flag            1    7[BANK0 ] unsigned char 
  ap              1    6[BANK0 ] PTR void [1]
		 -> ?_sprintf(2), 
 Return value:  Size  Location     Type
                  2    0[BANK0 ] int 
 Registers used:
		wreg, fsr0l, fsr0h, status,2, status,0, btemp+1, pclath, cstack
 Tracked objects:
		On entry : 
		On exit  : 
		Unchanged: 
 Data sizes:     COMMON   BANK0   BANK1   BANK3   BANK2
      Params:         0       3       0       0       0
      Locals:         0       7       0       0       0
      Temps:          0       3       0       0       0
      Totals:         0      13       0       0       0
Total ram usage:       13 bytes
 Hardware stack levels used:    1
 Hardware stack levels required when called:    1
 This function calls:
		___lwdiv
		___lwmod
 This function is called by:
		_main
 This function uses a non-reentrant model


 *************** function ___lwmod *****************
 Defined at:
		line 5 in file "C:\Program Files (x86)\Microchip\xc8\v2.10\pic\sources\c90\common\lwmod.c"
 Parameters:    Size  Location     Type
  divisor         2    8[COMMON] unsigned int 
  dividend        2   10[COMMON] unsigned int 
 Auto vars:     Size  Location     Type
  counter         1   13[COMMON] unsigned char 
 Return value:  Size  Location     Type
                  2    8[COMMON] unsigned int 
 Registers used:
		wreg, status,2, status,0
 Tracked objects:
		On entry : 
		On exit  : 
		Unchanged: 
 Data sizes:     COMMON   BANK0   BANK1   BANK3   BANK2
      Params:         4       0       0       0       0
      Locals:         1       0       0       0       0
      Temps:          1       0       0       0       0
      Totals:         6       0       0       0       0
Total ram usage:        6 bytes
 Hardware stack levels used:    1
 This function calls:
		Nothing
 This function is called by:
		_sprintf
 This function uses a non-reentrant model


 *************** function ___lwdiv *****************
 Defined at:
		line 5 in file "C:\Program Files (x86)\Microchip\xc8\v2.10\pic\sources\c90\common\lwdiv.c"
 Parameters:    Size  Location     Type
  divisor         2    0[COMMON] unsigned int 
  dividend        2    2[COMMON] unsigned int 
 Auto vars:     Size  Location     Type
  quotient        2    5[COMMON] unsigned int 
  counter         1    7[COMMON] unsigned char 
 Return value:  Size  Location     Type
                  2    0[COMMON] unsigned int 
 Registers used:
		wreg, status,2, status,0
 Tracked objects:
		On entry : 
		On exit  : 
		Unchanged: 
 Data sizes:     COMMON   BANK0   BANK1   BANK3   BANK2
      Params:         4       0       0       0       0
      Locals:         3       0       0       0       0
      Temps:          1       0       0       0       0
      Totals:         8       0       0       0       0
Total ram usage:        8 bytes
 Hardware stack levels used:    1
 This function calls:
		Nothing
 This function is called by:
		_sprintf
 This function uses a non-reentrant model


 *************** function _Initial_Configurations *****************
 Defined at:
		line 13 in file "configurations.c"
 Parameters:    Size  Location     Type
		None
 Auto vars:     Size  Location     Type
		None
 Return value:  Size  Location     Type
                  1    wreg      void 
 Registers used:
		wreg, status,2
 Tracked objects:
		On entry : 
		On exit  : 
		Unchanged: 
 Data sizes:     COMMON   BANK0   BANK1   BANK3   BANK2
      Params:         0       0       0       0       0
      Locals:         0       0       0       0       0
      Temps:          0       0       0       0       0
      Totals:         0       0       0       0       0
Total ram usage:        0 bytes
 Hardware stack levels used:    1
 This function calls:
		Nothing
 This function is called by:
		_main
 This function uses a non-reentrant model


 *************** function _I2C_Master_Initialize *****************
 Defined at:
		line 14 in file "I2C_v1.1.c"
 Parameters:    Size  Location     Type
  I2C_BaudRate    4    0[BANK0 ] const unsigned long 
  I2C_SMP_OnOf    1    4[BANK0 ] _Bool 
  I2C_CKE_OnOf    1    5[BANK0 ] _Bool 
 Auto vars:     Size  Location     Type
		None
 Return value:  Size  Location     Type
                  1    wreg      void 
 Registers used:
		wreg, status,2, status,0, pclath, cstack
 Tracked objects:
		On entry : 
		On exit  : 
		Unchanged: 
 Data sizes:     COMMON   BANK0   BANK1   BANK3   BANK2
      Params:         0       6       0       0       0
      Locals:         0       0       0       0       0
      Temps:          0       4       0       0       0
      Totals:         0      10       0       0       0
Total ram usage:       10 bytes
 Hardware stack levels used:    1
 Hardware stack levels required when called:    1
 This function calls:
		___lldiv
 This function is called by:
		_main
 This function uses a non-reentrant model


 *************** function ___lldiv *****************
 Defined at:
		line 5 in file "C:\Program Files (x86)\Microchip\xc8\v2.10\pic\sources\c90\common\__lldiv.c"
 Parameters:    Size  Location     Type
  divisor         4    0[COMMON] unsigned long 
  dividend        4    4[COMMON] unsigned long 
 Auto vars:     Size  Location     Type
  quotient        4    9[COMMON] unsigned long 
  counter         1   13[COMMON] unsigned char 
 Return value:  Size  Location     Type
                  4    0[COMMON] unsigned long 
 Registers used:
		wreg, status,2, status,0
 Tracked objects:
		On entry : 
		On exit  : 
		Unchanged: 
 Data sizes:     COMMON   BANK0   BANK1   BANK3   BANK2
      Params:         8       0       0       0       0
      Locals:         5       0       0       0       0
      Temps:          1       0       0       0       0
      Totals:        14       0       0       0       0
Total ram usage:       14 bytes
 Hardware stack levels used:    1
 This function calls:
		Nothing
 This function is called by:
		_I2C_Master_Initialize
 This function uses a non-reentrant model


 *************** function _I2C_LCD_write_string *****************
 Defined at:
		line 41 in file "I2C_LCD_v2.0.c"
 Parameters:    Size  Location     Type
  LCD_Obj         2    2[BANK0 ] struct I2C_LCD
  str             2    4[BANK0 ] PTR unsigned char 
		 -> STR_10(4), STR_9(4), STR_8(13), reader_data_buffer_H(17), 
		 -> reader_data_buffer_L(17), STR_6(18), STR_5(10), main@spage_num(3), 
		 -> STR_4(13), STR_3(21), STR_2(21), STR_1(17), 
 Auto vars:     Size  Location     Type
  i               1    7[BANK0 ] unsigned char 
 Return value:  Size  Location     Type
                  1    wreg      void 
 Registers used:
		wreg, fsr0l, fsr0h, status,2, status,0, btemp+1, pclath, cstack
 Tracked objects:
		On entry : 
		On exit  : 
		Unchanged: 
 Data sizes:     COMMON   BANK0   BANK1   BANK3   BANK2
      Params:         0       4       0       0       0
      Locals:         0       1       0       0       0
      Temps:          0       1       0       0       0
      Totals:         0       6       0       0       0
Total ram usage:        6 bytes
 Hardware stack levels used:    1
 Hardware stack levels required when called:    5
 This function calls:
		_I2C_LCD_write_char
		_LCD_send_commad
 This function is called by:
		_main
 This function uses a non-reentrant model


 *************** function _I2C_LCD_write_char *****************
 Defined at:
		line 36 in file "I2C_LCD_v2.0.c"
 Parameters:    Size  Location     Type
  LCD_Obj         2   11[COMMON] struct I2C_LCD
  chr             1   13[COMMON] unsigned char 
 Auto vars:     Size  Location     Type
		None
 Return value:  Size  Location     Type
                  1    wreg      void 
 Registers used:
		wreg, status,2, status,0, pclath, cstack
 Tracked objects:
		On entry : 
		On exit  : 
		Unchanged: 
 Data sizes:     COMMON   BANK0   BANK1   BANK3   BANK2
      Params:         3       0       0       0       0
      Locals:         0       0       0       0       0
      Temps:          0       2       0       0       0
      Totals:         3       2       0       0       0
Total ram usage:        5 bytes
 Hardware stack levels used:    1
 Hardware stack levels required when called:    4
 This function calls:
		_LCD_data_sender
 This function is called by:
		_I2C_LCD_write_string
 This function uses a non-reentrant model


 *************** function _I2C_LCD_set_cursor *****************
 Defined at:
		line 86 in file "I2C_LCD_v2.0.c"
 Parameters:    Size  Location     Type
  LCD_Obj         2    2[BANK0 ] struct I2C_LCD
  row             1    4[BANK0 ] unsigned char 
  colomn          1    5[BANK0 ] unsigned char 
 Auto vars:     Size  Location     Type
		None
 Return value:  Size  Location     Type
                  1    wreg      void 
 Registers used:
		wreg, fsr0l, fsr0h, status,2, status,0, pclath, cstack
 Tracked objects:
		On entry : 
		On exit  : 
		Unchanged: 
 Data sizes:     COMMON   BANK0   BANK1   BANK3   BANK2
      Params:         0       4       0       0       0
      Locals:         0       0       0       0       0
      Temps:          0       2       0       0       0
      Totals:         0       6       0       0       0
Total ram usage:        6 bytes
 Hardware stack levels used:    1
 Hardware stack levels required when called:    5
 This function calls:
		_LCD_send_commad
 This function is called by:
		_main
 This function uses a non-reentrant model


 *************** function _I2C_LCD_init *****************
 Defined at:
		line 74 in file "I2C_LCD_v2.0.c"
 Parameters:    Size  Location     Type
  LCD_Obj_Add     1    wreg     PTR struct I2C_LCD
		 -> LCD1(2), 
  I2C_LCD_Addr    1    9[BANK0 ] unsigned char 
  N               1   10[BANK0 ] unsigned char 
  F               1   11[BANK0 ] unsigned char 
 Auto vars:     Size  Location     Type
  LCD_Obj_Add     1   14[BANK0 ] PTR struct I2C_LCD
		 -> LCD1(2), 
 Return value:  Size  Location     Type
                  1    wreg      void 
 Registers used:
		wreg, fsr0l, fsr0h, status,2, status,0, pclath, cstack
 Tracked objects:
		On entry : 
		On exit  : 
		Unchanged: 
 Data sizes:     COMMON   BANK0   BANK1   BANK3   BANK2
      Params:         0       3       0       0       0
      Locals:         0       1       0       0       0
      Temps:          0       2       0       0       0
      Totals:         0       6       0       0       0
Total ram usage:        6 bytes
 Hardware stack levels used:    1
 Hardware stack levels required when called:    6
 This function calls:
		_I2C_LCD_display_on_off_control
		_I2C_LCD_entry_mode
		_LCD_send_commad
 This function is called by:
		_main
 This function uses a non-reentrant model


 *************** function _I2C_LCD_entry_mode *****************
 Defined at:
		line 59 in file "I2C_LCD_v2.0.c"
 Parameters:    Size  Location     Type
  LCD_Obj         2    2[BANK0 ] struct I2C_LCD
  I_or_D          1    4[BANK0 ] unsigned char 
  S               1    5[BANK0 ] unsigned char 
 Auto vars:     Size  Location     Type
		None
 Return value:  Size  Location     Type
                  1    wreg      void 
 Registers used:
		wreg, status,2, status,0, pclath, cstack
 Tracked objects:
		On entry : 
		On exit  : 
		Unchanged: 
 Data sizes:     COMMON   BANK0   BANK1   BANK3   BANK2
      Params:         0       4       0       0       0
      Locals:         0       0       0       0       0
      Temps:          0       2       0       0       0
      Totals:         0       6       0       0       0
Total ram usage:        6 bytes
 Hardware stack levels used:    1
 Hardware stack levels required when called:    5
 This function calls:
		_LCD_send_commad
 This function is called by:
		_I2C_LCD_init
 This function uses a non-reentrant model


 *************** function _I2C_LCD_display_on_off_control *****************
 Defined at:
		line 64 in file "I2C_LCD_v2.0.c"
 Parameters:    Size  Location     Type
  LCD_Obj         2    2[BANK0 ] struct I2C_LCD
  D               1    4[BANK0 ] unsigned char 
  C               1    5[BANK0 ] unsigned char 
  B               1    6[BANK0 ] unsigned char 
 Auto vars:     Size  Location     Type
		None
 Return value:  Size  Location     Type
                  1    wreg      void 
 Registers used:
		wreg, status,2, status,0, pclath, cstack
 Tracked objects:
		On entry : 
		On exit  : 
		Unchanged: 
 Data sizes:     COMMON   BANK0   BANK1   BANK3   BANK2
      Params:         0       5       0       0       0
      Locals:         0       0       0       0       0
      Temps:          0       2       0       0       0
      Totals:         0       7       0       0       0
Total ram usage:        7 bytes
 Hardware stack levels used:    1
 Hardware stack levels required when called:    5
 This function calls:
		_LCD_send_commad
 This function is called by:
		_I2C_LCD_init
 This function uses a non-reentrant model


 *************** function _I2C_LCD_clear *****************
 Defined at:
		line 49 in file "I2C_LCD_v2.0.c"
 Parameters:    Size  Location     Type
  LCD_Obj         2    2[BANK0 ] struct I2C_LCD
 Auto vars:     Size  Location     Type
		None
 Return value:  Size  Location     Type
                  1    wreg      void 
 Registers used:
		wreg, status,2, status,0, pclath, cstack
 Tracked objects:
		On entry : 
		On exit  : 
		Unchanged: 
 Data sizes:     COMMON   BANK0   BANK1   BANK3   BANK2
      Params:         0       2       0       0       0
      Locals:         0       0       0       0       0
      Temps:          0       2       0       0       0
      Totals:         0       4       0       0       0
Total ram usage:        4 bytes
 Hardware stack levels used:    1
 Hardware stack levels required when called:    5
 This function calls:
		_LCD_send_commad
 This function is called by:
		_main
 This function uses a non-reentrant model


 *************** function _LCD_send_commad *****************
 Defined at:
		line 30 in file "I2C_LCD_v2.0.c"
 Parameters:    Size  Location     Type
  LCD_Obj         2   11[COMMON] struct I2C_LCD
  cmd             1   13[COMMON] unsigned char 
 Auto vars:     Size  Location     Type
		None
 Return value:  Size  Location     Type
                  1    wreg      void 
 Registers used:
		wreg, status,2, status,0, pclath, cstack
 Tracked objects:
		On entry : 
		On exit  : 
		Unchanged: 
 Data sizes:     COMMON   BANK0   BANK1   BANK3   BANK2
      Params:         3       0       0       0       0
      Locals:         0       0       0       0       0
      Temps:          0       2       0       0       0
      Totals:         3       2       0       0       0
Total ram usage:        5 bytes
 Hardware stack levels used:    1
 Hardware stack levels required when called:    4
 This function calls:
		_LCD_data_sender
 This function is called by:
		_I2C_LCD_write_string
		_I2C_LCD_clear
		_I2C_LCD_entry_mode
		_I2C_LCD_display_on_off_control
		_I2C_LCD_init
		_I2C_LCD_set_cursor
		_I2C_LCD_return_home
		_I2C_LCD_cursor_or_display_shift
 This function uses a non-reentrant model


 *************** function _LCD_data_sender *****************
 Defined at:
		line 23 in file "I2C_LCD_v2.0.c"
 Parameters:    Size  Location     Type
  LCD_Obj         2    4[COMMON] struct I2C_LCD
  data            1    6[COMMON] unsigned char 
  callback_fun    1    7[COMMON] PTR FTN(unsigned char ,u
		 -> I2C_IO_Expander_Writer(1), 
 Auto vars:     Size  Location     Type
		None
 Return value:  Size  Location     Type
                  1    wreg      void 
 Registers used:
		wreg, status,2, status,0, pclath, cstack
 Tracked objects:
		On entry : 
		On exit  : 
		Unchanged: 
 Data sizes:     COMMON   BANK0   BANK1   BANK3   BANK2
      Params:         4       0       0       0       0
      Locals:         0       0       0       0       0
      Temps:          3       0       0       0       0
      Totals:         7       0       0       0       0
Total ram usage:        7 bytes
 Hardware stack levels used:    1
 Hardware stack levels required when called:    3
 This function calls:
		_I2C_IO_Expander_Writer
 This function is called by:
		_LCD_send_commad
		_I2C_LCD_write_char
 This function uses a non-reentrant model


 *************** function _I2C_IO_Expander_Writer *****************
 Defined at:
		line 14 in file "PCF8574_IO_Expander_v1.0.c"
 Parameters:    Size  Location     Type
  I2C_Address     1    2[COMMON] unsigned char 
  I2C_Data        1    3[COMMON] unsigned char 
 Auto vars:     Size  Location     Type
		None
 Return value:  Size  Location     Type
                  1    wreg      void 
 Registers used:
		wreg, status,2, status,0, pclath, cstack
 Tracked objects:
		On entry : 
		On exit  : 
		Unchanged: 
 Data sizes:     COMMON   BANK0   BANK1   BANK3   BANK2
      Params:         2       0       0       0       0
      Locals:         0       0       0       0       0
      Temps:          0       0       0       0       0
      Totals:         2       0       0       0       0
Total ram usage:        2 bytes
 Hardware stack levels used:    1
 Hardware stack levels required when called:    2
 This function calls:
		_I2C_Master_Start
		_I2C_Master_Stop
		_I2C_Master_Write
 This function is called by:
		_LCD_send_commad
		_I2C_LCD_write_char
		_LCD_data_sender
 This function uses a non-reentrant model


 *************** function _I2C_EEPROM_Sequential_Read *****************
 Defined at:
		line 81 in file "24C64_EEPROM_v1.0.c"
 Parameters:    Size  Location     Type
  I2C_Address     1    wreg     unsigned char 
  EEPROM_Addre    2    3[COMMON] unsigned int 
  Data_Buffer     1    5[COMMON] PTR unsigned char 
		 -> reader_data_buffer_H(17), reader_data_buffer_L(17), 
  Length_of_Da    2    6[COMMON] unsigned int 
 Auto vars:     Size  Location     Type
  I2C_Address     1    0[BANK0 ] unsigned char 
  i               2    3[BANK0 ] unsigned int 
  c               2    1[BANK0 ] int 
 Return value:  Size  Location     Type
                  1    wreg      void 
 Registers used:
		wreg, fsr0l, fsr0h, status,2, status,0, btemp+1, pclath, cstack
 Tracked objects:
		On entry : 
		On exit  : 
		Unchanged: 
 Data sizes:     COMMON   BANK0   BANK1   BANK3   BANK2
      Params:         5       0       0       0       0
      Locals:         0       5       0       0       0
      Temps:          2       0       0       0       0
      Totals:         7       5       0       0       0
Total ram usage:       12 bytes
 Hardware stack levels used:    1
 Hardware stack levels required when called:    2
 This function calls:
		_I2C_Master_Read
		_I2C_Master_RepeatedStart
		_I2C_Master_Send_ACK
		_I2C_Master_Send_NACK
		_I2C_Master_Start
		_I2C_Master_Stop
		_I2C_Master_Write
 This function is called by:
		_main
 This function uses a non-reentrant model


 *************** function _I2C_Master_Send_NACK *****************
 Defined at:
		line 52 in file "I2C_v1.1.c"
 Parameters:    Size  Location     Type
		None
 Auto vars:     Size  Location     Type
		None
 Return value:  Size  Location     Type
                  1    wreg      void 
 Registers used:
		status,2, status,0, pclath, cstack
 Tracked objects:
		On entry : 
		On exit  : 
		Unchanged: 
 Data sizes:     COMMON   BANK0   BANK1   BANK3   BANK2
      Params:         0       0       0       0       0
      Locals:         0       0       0       0       0
      Temps:          0       0       0       0       0
      Totals:         0       0       0       0       0
Total ram usage:        0 bytes
 Hardware stack levels used:    1
 Hardware stack levels required when called:    1
 This function calls:
		_I2C_Master_Check_Idle
 This function is called by:
		_I2C_EEPROM_Sequential_Read
		_I2C_EEPROM_CurrentAdd_Read
		_I2C_EEPROM_Random_Read
 This function uses a non-reentrant model


 *************** function _I2C_Master_Send_ACK *****************
 Defined at:
		line 45 in file "I2C_v1.1.c"
 Parameters:    Size  Location     Type
		None
 Auto vars:     Size  Location     Type
		None
 Return value:  Size  Location     Type
                  1    wreg      void 
 Registers used:
		status,2, status,0, pclath, cstack
 Tracked objects:
		On entry : 
		On exit  : 
		Unchanged: 
 Data sizes:     COMMON   BANK0   BANK1   BANK3   BANK2
      Params:         0       0       0       0       0
      Locals:         0       0       0       0       0
      Temps:          0       0       0       0       0
      Totals:         0       0       0       0       0
Total ram usage:        0 bytes
 Hardware stack levels used:    1
 Hardware stack levels required when called:    1
 This function calls:
		_I2C_Master_Check_Idle
 This function is called by:
		_I2C_EEPROM_Sequential_Read
 This function uses a non-reentrant model


 *************** function _I2C_Master_Read *****************
 Defined at:
		line 66 in file "I2C_v1.1.c"
 Parameters:    Size  Location     Type
		None
 Auto vars:     Size  Location     Type
  dummy           1    0        unsigned char 
  Recieved_Dat    1    2[COMMON] unsigned char 
 Return value:  Size  Location     Type
                  1    wreg      unsigned char 
 Registers used:
		wreg, status,2, status,0, pclath, cstack
 Tracked objects:
		On entry : 
		On exit  : 
		Unchanged: 
 Data sizes:     COMMON   BANK0   BANK1   BANK3   BANK2
      Params:         0       0       0       0       0
      Locals:         2       0       0       0       0
      Temps:          1       0       0       0       0
      Totals:         3       0       0       0       0
Total ram usage:        3 bytes
 Hardware stack levels used:    1
 Hardware stack levels required when called:    1
 This function calls:
		_I2C_Master_Check_Idle
 This function is called by:
		_I2C_EEPROM_Sequential_Read
		_I2C_EEPROM_CurrentAdd_Read
		_I2C_EEPROM_Random_Read
 This function uses a non-reentrant model


 *************** function _I2C_EEPROM_Page_Write *****************
 Defined at:
		line 29 in file "24C64_EEPROM_v1.0.c"
 Parameters:    Size  Location     Type
  I2C_Address     1    wreg     unsigned char 
  EEPROM_Addre    2    2[COMMON] unsigned int 
  Data_Buffer     1    4[COMMON] PTR unsigned char 
		 -> writer_data_buffer(33), 
  Length_of_Da    2    5[COMMON] unsigned int 
 Auto vars:     Size  Location     Type
  I2C_Address     1    8[COMMON] unsigned char 
  i               2    9[COMMON] unsigned int 
  c               2   11[COMMON] int 
 Return value:  Size  Location     Type
                  1    wreg      void 
 Registers used:
		wreg, fsr0l, fsr0h, status,2, status,0, btemp+1, pclath, cstack
 Tracked objects:
		On entry : 
		On exit  : 
		Unchanged: 
 Data sizes:     COMMON   BANK0   BANK1   BANK3   BANK2
      Params:         5       0       0       0       0
      Locals:         5       0       0       0       0
      Temps:          1       0       0       0       0
      Totals:        11       0       0       0       0
Total ram usage:       11 bytes
 Hardware stack levels used:    1
 Hardware stack levels required when called:    2
 This function calls:
		_I2C_Master_RepeatedStart
		_I2C_Master_Start
		_I2C_Master_Stop
		_I2C_Master_Write
 This function is called by:
		_main
 This function uses a non-reentrant model


 *************** function _I2C_EEPROM_Byte_Write *****************
 Defined at:
		line 15 in file "24C64_EEPROM_v1.0.c"
 Parameters:    Size  Location     Type
  I2C_Address     1    wreg     unsigned char 
  EEPROM_Addre    2    2[COMMON] unsigned int 
  Data            1    4[COMMON] unsigned char 
 Auto vars:     Size  Location     Type
  I2C_Address     1    5[COMMON] unsigned char 
  c               2    6[COMMON] int 
 Return value:  Size  Location     Type
                  1    wreg      void 
 Registers used:
		wreg, status,2, status,0, btemp+1, pclath, cstack
 Tracked objects:
		On entry : 
		On exit  : 
		Unchanged: 
 Data sizes:     COMMON   BANK0   BANK1   BANK3   BANK2
      Params:         3       0       0       0       0
      Locals:         3       0       0       0       0
      Temps:          0       0       0       0       0
      Totals:         6       0       0       0       0
Total ram usage:        6 bytes
 Hardware stack levels used:    1
 Hardware stack levels required when called:    2
 This function calls:
		_I2C_Master_RepeatedStart
		_I2C_Master_Start
		_I2C_Master_Stop
		_I2C_Master_Write
 This function is called by:
		_main
 This function uses a non-reentrant model


 *************** function _I2C_Master_Write *****************
 Defined at:
		line 59 in file "I2C_v1.1.c"
 Parameters:    Size  Location     Type
  Master_Tx_Da    1    wreg     unsigned char 
 Auto vars:     Size  Location     Type
  Master_Tx_Da    1    1[COMMON] unsigned char 
 Return value:  Size  Location     Type
                  1    wreg      unsigned char 
 Registers used:
		wreg, status,2, status,0, pclath, cstack
 Tracked objects:
		On entry : 
		On exit  : 
		Unchanged: 
 Data sizes:     COMMON   BANK0   BANK1   BANK3   BANK2
      Params:         0       0       0       0       0
      Locals:         1       0       0       0       0
      Temps:          1       0       0       0       0
      Totals:         2       0       0       0       0
Total ram usage:        2 bytes
 Hardware stack levels used:    1
 Hardware stack levels required when called:    1
 This function calls:
		_I2C_Master_Check_Idle
 This function is called by:
		_I2C_IO_Expander_Writer
		_I2C_EEPROM_Byte_Write
		_I2C_EEPROM_Page_Write
		_I2C_EEPROM_Sequential_Read
		_I2C_EEPROM_CurrentAdd_Read
		_I2C_EEPROM_Random_Read
 This function uses a non-reentrant model


 *************** function _I2C_Master_Stop *****************
 Defined at:
		line 39 in file "I2C_v1.1.c"
 Parameters:    Size  Location     Type
		None
 Auto vars:     Size  Location     Type
		None
 Return value:  Size  Location     Type
                  1    wreg      void 
 Registers used:
		status,2, status,0, pclath, cstack
 Tracked objects:
		On entry : 
		On exit  : 
		Unchanged: 
 Data sizes:     COMMON   BANK0   BANK1   BANK3   BANK2
      Params:         0       0       0       0       0
      Locals:         0       0       0       0       0
      Temps:          0       0       0       0       0
      Totals:         0       0       0       0       0
Total ram usage:        0 bytes
 Hardware stack levels used:    1
 Hardware stack levels required when called:    1
 This function calls:
		_I2C_Master_Check_Idle
 This function is called by:
		_I2C_IO_Expander_Writer
		_I2C_EEPROM_Byte_Write
		_I2C_EEPROM_Page_Write
		_I2C_EEPROM_Sequential_Read
		_I2C_EEPROM_CurrentAdd_Read
		_I2C_EEPROM_Random_Read
 This function uses a non-reentrant model


 *************** function _I2C_Master_Start *****************
 Defined at:
		line 27 in file "I2C_v1.1.c"
 Parameters:    Size  Location     Type
		None
 Auto vars:     Size  Location     Type
		None
 Return value:  Size  Location     Type
                  1    wreg      void 
 Registers used:
		status,2, status,0, pclath, cstack
 Tracked objects:
		On entry : 
		On exit  : 
		Unchanged: 
 Data sizes:     COMMON   BANK0   BANK1   BANK3   BANK2
      Params:         0       0       0       0       0
      Locals:         0       0       0       0       0
      Temps:          0       0       0       0       0
      Totals:         0       0       0       0       0
Total ram usage:        0 bytes
 Hardware stack levels used:    1
 Hardware stack levels required when called:    1
 This function calls:
		_I2C_Master_Check_Idle
 This function is called by:
		_I2C_IO_Expander_Writer
		_I2C_EEPROM_Byte_Write
		_I2C_EEPROM_Page_Write
		_I2C_EEPROM_Sequential_Read
		_I2C_EEPROM_CurrentAdd_Read
		_I2C_EEPROM_Random_Read
 This function uses a non-reentrant model


 *************** function _I2C_Master_RepeatedStart *****************
 Defined at:
		line 33 in file "I2C_v1.1.c"
 Parameters:    Size  Location     Type
		None
 Auto vars:     Size  Location     Type
		None
 Return value:  Size  Location     Type
                  1    wreg      void 
 Registers used:
		status,2, status,0, pclath, cstack
 Tracked objects:
		On entry : 
		On exit  : 
		Unchanged: 
 Data sizes:     COMMON   BANK0   BANK1   BANK3   BANK2
      Params:         0       0       0       0       0
      Locals:         0       0       0       0       0
      Temps:          0       0       0       0       0
      Totals:         0       0       0       0       0
Total ram usage:        0 bytes
 Hardware stack levels used:    1
 Hardware stack levels required when called:    1
 This function calls:
		_I2C_Master_Check_Idle
 This function is called by:
		_I2C_EEPROM_Byte_Write
		_I2C_EEPROM_Page_Write
		_I2C_EEPROM_Sequential_Read
		_I2C_EEPROM_CurrentAdd_Read
		_I2C_EEPROM_Random_Read
 This function uses a non-reentrant model


 *************** function _I2C_Master_Check_Idle *****************
 Defined at:
		line 23 in file "I2C_v1.1.c"
 Parameters:    Size  Location     Type
		None
 Auto vars:     Size  Location     Type
		None
 Return value:  Size  Location     Type
                  1    wreg      void 
 Registers used:
		None
 Tracked objects:
		On entry : 
		On exit  : 
		Unchanged: 
 Data sizes:     COMMON   BANK0   BANK1   BANK3   BANK2
      Params:         0       0       0       0       0
      Locals:         0       0       0       0       0
      Temps:          0       0       0       0       0
      Totals:         0       0       0       0       0
Total ram usage:        0 bytes
 Hardware stack levels used:    1
 This function calls:
		Nothing
 This function is called by:
		_I2C_Master_Start
		_I2C_Master_RepeatedStart
		_I2C_Master_Stop
		_I2C_Master_Send_ACK
		_I2C_Master_Send_NACK
		_I2C_Master_Write
		_I2C_Master_Read
 This function uses a non-reentrant model



MODULE INFORMATION

Module		Function		Class		Link	Load	Size
C:\Program Files (x86)\Microchip\xc8\v2.10\pic\sources\c90\common\lwdiv.c
		___lwdiv       		CODE           	0E77	0000	69

C:\Program Files (x86)\Microchip\xc8\v2.10\pic\sources\c90\common\lwdiv.c estimated size: 69

I2C_24C64_EEPROM_Firmware.c
		_main          		CODE           	0410	0000	970

I2C_24C64_EEPROM_Firmware.c estimated size: 970

I2C_LCD_v2.0.c
		_I2C_LCD_clear 		CODE           	0DCA	0000	26
		_I2C_LCD_write_string		CODE           	0F56	0000	85
		_LCD_send_commad		CODE           	0D71	0000	22
		_I2C_LCD_entry_mode		CODE           	0E1B	0000	30
		_LCD_data_sender		CODE           	00DD	0000	98
		_I2C_LCD_display_on_off_control		CODE           	0E38	0000	31
		_I2C_LCD_write_char		CODE           	0D86	0000	23
		_I2C_LCD_set_cursor		CODE           	0FAA	0000	87
		_I2C_LCD_init  		CODE           	0209	0000	126

I2C_LCD_v2.0.c estimated size: 528

PCF8574_IO_Expander_v1.0.c
		_I2C_IO_Expander_Writer		CODE           	0DB3	0000	24

PCF8574_IO_Expander_v1.0.c estimated size: 24

configurations.c
		_Initial_Configurations		CODE           	0D0C	0000	11

configurations.c estimated size: 11

24C64_EEPROM_v1.0.c
		_I2C_EEPROM_Page_Write		CODE           	013E	0000	102
		_I2C_EEPROM_Byte_Write		CODE           	0EBB	0000	77
		_I2C_EEPROM_Sequential_Read		CODE           	0286	0000	163

24C64_EEPROM_v1.0.c estimated size: 342

C:\Program Files (x86)\Microchip\xc8\v2.10\pic\sources\c90\common\__lldiv.c
		___lldiv       		CODE           	01A3	0000	103

C:\Program Files (x86)\Microchip\xc8\v2.10\pic\sources\c90\common\__lldiv.c estimated size: 103

shared
		__stringtab    		STRING         	0012	0000	17
		_dpowers       		STRING         	0022	0000	11
		__initialization		CODE           	07D9	0000	36
		__fptable      		ENTRY          	0003	0000	16
		_Lcd_RW_State  		STRING         	0000	0000	0

shared estimated size: 80

C:\Program Files (x86)\Microchip\xc8\v2.10\pic\sources\c90\common\lwmod.c
		___lwmod       		CODE           	00A3	0000	59

C:\Program Files (x86)\Microchip\xc8\v2.10\pic\sources\c90\common\lwmod.c estimated size: 59

I2C_v1.1.c
		_I2C_Master_Send_ACK		CODE           	0D40	0000	16
		_I2C_Master_Read		CODE           	0DFE	0000	30
		_I2C_Master_Stop		CODE           	0D32	0000	15
		_I2C_Master_Send_NACK		CODE           	0D4F	0000	16
		_I2C_Master_Check_Idle		CODE           	0DE3	0000	28
		_I2C_Master_RepeatedStart		CODE           	0D16	0000	15
		_I2C_Master_Initialize		CODE           	0F07	0000	80
		_I2C_Master_Write		CODE           	0D9C	0000	24
		_I2C_Master_Start		CODE           	0D24	0000	15

I2C_v1.1.c estimated size: 239

C:\Program Files (x86)\Microchip\xc8\v2.10\pic\sources\c90\common\doprnt.c
		_sprintf       		CODE           	0328	0000	233

C:\Program Files (x86)\Microchip\xc8\v2.10\pic\sources\c90\common\doprnt.c estimated size: 233

