Microchip MPLAB XC8 Compiler V2.10 ()

Linker command line:

-W-3 --edf=C:\Program Files (x86)\Microchip\xc8\v2.10\pic\dat\en_msgs.txt \
  -cs -h+dist/default/production\USART_ASYNCHRONOUS_COM.X.production.sym \
  --cmf=dist/default/production\USART_ASYNCHRONOUS_COM.X.production.cmf -z \
  -Q16F877A -oC:\Users\ACER-PC\AppData\Local\Temp\sjb4.2 \
  --defsym=__MPLAB_BUILD=1 \
  -Mdist/default/production/USART_ASYNCHRONOUS_COM.X.production.map -E1 \
  -ver=XC8 --acfsm=1493 -ASTACK=0110h-016Fh -pstack=STACK \
  -ACODE=00h-07FFhx4 -ASTRCODE=00h-01FFFh -ASTRING=00h-0FFhx32 \
  -ACONST=00h-0FFhx32 -AENTRY=00h-0FFhx32 -ACOMMON=070h-07Fh \
  -ABANK0=020h-06Fh -ABANK1=0A0h-0EFh -ABANK2=0110h-016Fh \
  -ABANK3=0190h-01EFh -ARAM=020h-06Fh,0A0h-0EFh,0110h-016Fh,0190h-01EFh \
  -AABS1=020h-07Fh,0A0h-0EFh,0110h-016Fh,0190h-01EFh -ASFR0=00h-01Fh \
  -ASFR1=080h-09Fh -ASFR2=0100h-010Fh -ASFR3=0180h-018Fh \
  -preset_vec=00h,intentry=04h,init,end_init -ppowerup=CODE -pcinit=CODE \
  -pfunctab=ENTRY -ACONFIG=02007h-02007h -pconfig=CONFIG -DCONFIG=2 \
  -AIDLOC=02000h-02003h -pidloc=IDLOC -DIDLOC=2 -AEEDATA=00h-0FFh/02100h \
  -peeprom_data=EEDATA -DEEDATA=2 -DCODE=2 -DSTRCODE=2 -DSTRING=2 -DCONST=2 \
  -DENTRY=2 -k C:\Users\ACER-PC\AppData\Local\Temp\sjb4.o \
  dist/default/production\USART_ASYNCHRONOUS_COM.X.production.o 

Object code version is 3.11

Machine type is 16F877A



                Name                               Link     Load   Length Selector   Space Scale
C:\Users\ACER-PC\AppData\Local\Temp\sjb4.o
                end_init                              C        C        3        8       0
                reset_vec                             0        0        3        0       0
                config                             2007     2007        1     400E       0
dist/default/production\USART_ASYNCHRONOUS_COM.X.production.o
                cinit                                 F        F        5        8       0
                intentry                              4        4        8        8       0
                text12                              2B0      2B0       10      468       0
                text11                              2C0      2C0        F      468       0
                text10                              2DB      2DB        9      468       0
                text9                               144      144       68        8       0
                text8                               299      299       17      468       0
                text7                                14       14      130        8       0
                text6                               234      234       27      468       0
                text5                               2EC      2EC        4      468       0
                text4                               2CF      2CF        C      468       0
                text3                               27A      27A       1F      468       0
                text2                               2E4      2E4        8      468       0
                text1                               25B      25B       1F      468       0
                maintext                            1AC      1AC       3C        8       0
                cstackBANK0                          20       20       24       20       1
                cstackCOMMON                         70       70        9       70       1
                bssCOMMON                            79       79        1       70       1
                strings                             200      200       34      400       0

TOTAL           Name                               Link     Load   Length     Space
        CLASS   STACK          

        CLASS   CODE           
                end_init                              C        C        3         0
                cinit                                 F        F        5         0
                intentry                              4        4        8         0
                reset_vec                             0        0        3         0
                text12                              2B0      2B0       10         0
                text11                              2C0      2C0        F         0
                text10                              2DB      2DB        9         0
                text9                               144      144       68         0
                text8                               299      299       17         0
                text7                                14       14      130         0
                text6                               234      234       27         0
                text5                               2EC      2EC        4         0
                text4                               2CF      2CF        C         0
                text3                               27A      27A       1F         0
                text2                               2E4      2E4        8         0
                text1                               25B      25B       1F         0
                maintext                            1AC      1AC       3C         0

        CLASS   STRCODE        

        CLASS   STRING         
                strings                             200      200       34         0

        CLASS   CONST          

        CLASS   ENTRY          

        CLASS   COMMON         
                cstackCOMMON                         70       70        9         1
                bssCOMMON                            79       79        1         1

        CLASS   BANK0          
                cstackBANK0                          20       20       24         1

        CLASS   BANK1          

        CLASS   BANK2          

        CLASS   BANK3          

        CLASS   RAM            

        CLASS   ABS1           
                abs_s1                               7E       7E        2         1

        CLASS   SFR0           

        CLASS   SFR1           

        CLASS   SFR2           

        CLASS   SFR3           

        CLASS   CONFIG         
                config                             2007     2007        1         0

        CLASS   IDLOC          

        CLASS   EEDATA         



SEGMENTS        Name                           Load    Length   Top    Selector   Space  Class     Delta

                reset_vec                      000000  000003  000003         0       0  CODE        2
                intentry                       000004  0001E4  0001E8         8       0  CODE        2
                cstackBANK0                    000020  000024  000044        20       1  BANK0       1
                cstackCOMMON                   000070  00000A  00007A        70       1  COMMON      1
                strings                        000200  000034  000234       400       0  STRING      2
                text6                          000234  0000BC  0002F0       468       0  CODE        2
                config                         002007  000001  002008      400E       0  CONFIG      2


UNUSED ADDRESS RANGES

        Name                Unused          Largest block    Delta
        BANK0            0044-006F             2C           1
        BANK1            00A0-00EF             50           1
        BANK2            0110-016F             60           1
        BANK3            0190-01EF             60           1
        CODE             0003-0003              1           2
                         01E8-01FF             18
                         02F0-1FFF            800
        COMMON           007A-007D              4           1
        CONST            0003-0003              1           2
                         01E8-01FF             18
                         02F0-1FFF            100
        EEDATA           2100-21FF            100           2
        ENTRY            0003-0003              1           2
                         01E8-01FF             18
                         02F0-1FFF            100
        IDLOC            2000-2003              4           2
        RAM              0044-006F             2C           1
                         00A0-00EF             50
                         0110-016F             60
                         0190-01EF             60
        SFR0             0000-001F             20           1
        SFR1             0080-009F             20           1
        SFR2             0100-010F             10           1
        SFR3             0180-018F             10           1
        STACK            0110-016F             60           1
        STRCODE          0003-0003              1           2
                         01E8-01FF             18
                         02F0-1FFF           1D10
        STRING           0003-0003              1           2
                         01E8-01FF             18
                         02F0-1FFF            100

                                  Symbol Table

?___lldiv                        cstackBANK0  0020
?_labs                           cstackBANK0  0028
?_printf                         cstackCOMMON 0070
Initialize_UART@BaudRate         cstackBANK0  0040
Set_BaudRate@BaudRateValue       cstackBANK0  002C
Set_BaudRate@ERROR_BRGH0         cstackBANK0  0036
Set_BaudRate@ERROR_BRGH1         cstackBANK0  003A
Set_BaudRate@SPRBG_BRGH0         cstackBANK0  003E
Set_BaudRate@SPRBG_BRGH1         cstackBANK0  003F
UART_Send_Char@chr               cstackCOMMON 0073
UART_Send_String@str             cstackCOMMON 0075
_INTCONbits                      (abs)        000B
_ISR                             text11       02C0
_Initial_Configurations          text10       02DB
_Initialize_UART                 text6        0234
_PIE1bits                        (abs)        008C
_PIR1bits                        (abs)        000C
_PORTB                           (abs)        0006
_RCREG                           (abs)        001A
_RCSTAbits                       (abs)        0018
_SPBRG                           (abs)        0099
_Set_BaudRate                    text7        0014
_TRISB                           (abs)        0086
_TRISCbits                       (abs)        0087
_TXREG                           (abs)        0019
_TXSTAbits                       (abs)        0098
_UART_RCIE_Enable                text5        02EC
_UART_RX_Buffer                  bssCOMMON    0079
_UART_Read_Char                  text12       02B0
_UART_Send_Char                  text4        02CF
_UART_Send_String                text3        027A
__CFG_BOREN$ON                   (abs)        0000
__CFG_CP$OFF                     (abs)        0000
__CFG_CPD$OFF                    (abs)        0000
__CFG_FOSC$HS                    (abs)        0000
__CFG_LVP$OFF                    (abs)        0000
__CFG_PWRTE$OFF                  (abs)        0000
__CFG_WDTE$OFF                   (abs)        0000
__CFG_WRT$OFF                    (abs)        0000
__Habs1                          abs1         0000
__Hbank0                         bank0        0000
__Hbank1                         bank1        0000
__Hbank2                         bank2        0000
__Hbank3                         bank3        0000
__HbssCOMMON                     bssCOMMON    0000
__Hcinit                         cinit        0014
__Hclrtext                       clrtext      0000
__Hcode                          code         0000
__Hcommon                        common       0000
__Hconfig                        config       2008
__HcstackBANK0                   cstackBANK0  0000
__HcstackCOMMON                  cstackCOMMON 0000
__Heeprom_data                   eeprom_data  0000
__Hend_init                      end_init     000F
__Hfunctab                       functab      0000
__Hidloc                         idloc        0000
__Hinit                          init         000C
__Hintentry                      intentry     000C
__Hmaintext                      maintext     0000
__Hpowerup                       powerup      0000
__Hram                           ram          0000
__Hreset_vec                     reset_vec    0003
__Hsfr0                          sfr0         0000
__Hsfr1                          sfr1         0000
__Hsfr2                          sfr2         0000
__Hsfr3                          sfr3         0000
__Hspace_0                       (abs)        2008
__Hspace_1                       (abs)        007A
__Hspace_2                       (abs)        0000
__Hspace_3                       (abs)        0000
__Hstack                         stack        0000
__Hstrings                       strings      0000
__Htext                          text         0000
__Labs1                          abs1         0000
__Lbank0                         bank0        0000
__Lbank1                         bank1        0000
__Lbank2                         bank2        0000
__Lbank3                         bank3        0000
__LbssCOMMON                     bssCOMMON    0000
__Lcinit                         cinit        000F
__Lclrtext                       clrtext      0000
__Lcode                          code         0000
__Lcommon                        common       0000
__Lconfig                        config       2007
__LcstackBANK0                   cstackBANK0  0000
__LcstackCOMMON                  cstackCOMMON 0000
__Leeprom_data                   eeprom_data  0000
__Lend_init                      end_init     000C
__Lfunctab                       functab      0000
__Lidloc                         idloc        0000
__Linit                          init         000C
__Lintentry                      intentry     0004
__Lmaintext                      maintext     0000
__Lpowerup                       powerup      0000
__Lram                           ram          0000
__Lreset_vec                     reset_vec    0000
__Lsfr0                          sfr0         0000
__Lsfr1                          sfr1         0000
__Lsfr2                          sfr2         0000
__Lsfr3                          sfr3         0000
__Lspace_0                       (abs)        0000
__Lspace_1                       (abs)        0000
__Lspace_2                       (abs)        0000
__Lspace_3                       (abs)        0000
__Lstack                         stack        0000
__Lstrings                       strings      0000
__Ltext                          text         0000
__S0                             (abs)        2008
__S1                             (abs)        007A
__S2                             (abs)        0000
__S3                             (abs)        0000
___int_sp                        stack        0000
___latbits                       (abs)        0002
___lldiv                         text9        0144
___lldiv@counter                 cstackCOMMON 0078
___lldiv@dividend                cstackBANK0  0024
___lldiv@divisor                 cstackBANK0  0020
___lldiv@quotient                cstackCOMMON 0074
___sp                            stack        0000
___stackhi                       (abs)        0000
___stacklo                       (abs)        0000
__end_of_ISR                     text11       02CF
__end_of_Initial_Configurations  text10       02E4
__end_of_Initialize_UART         text6        025B
__end_of_Set_BaudRate            text7        0144
__end_of_UART_RCIE_Enable        text5        02F0
__end_of_UART_Read_Char          text12       02C0
__end_of_UART_Send_Char          text4        02DB
__end_of_UART_Send_String        text3        0299
__end_of___lldiv                 text9        01AC
__end_of__initialization         cinit        0010
__end_of__stringtab              strings      0206
__end_of_labs                    text8        02B0
__end_of_main                    maintext     01E8
__end_of_printf                  text1        027A
__end_of_putch                   text2        02EC
__initialization                 cinit        000F
__pbssCOMMON                     bssCOMMON    0079
__pcstackBANK0                   cstackBANK0  0020
__pcstackCOMMON                  cstackCOMMON 0070
__pintentry                      intentry     0004
__pmaintext                      maintext     01AC
__pstrings                       strings      0200
__ptext1                         text1        025B
__ptext10                        text10       02DB
__ptext11                        text11       02C0
__ptext12                        text12       02B0
__ptext2                         text2        02E4
__ptext3                         text3        027A
__ptext4                         text4        02CF
__ptext5                         text5        02EC
__ptext6                         text6        0234
__ptext7                         text7        0014
__ptext8                         text8        0299
__ptext9                         text9        0144
__size_of_ISR                    (abs)        0000
__size_of_Initial_Configurations (abs)        0000
__size_of_Initialize_UART        (abs)        0000
__size_of_Set_BaudRate           (abs)        0000
__size_of_UART_RCIE_Enable       (abs)        0000
__size_of_UART_Read_Char         (abs)        0000
__size_of_UART_Send_Char         (abs)        0000
__size_of_UART_Send_String       (abs)        0000
__size_of___lldiv                (abs)        0000
__size_of_labs                   (abs)        0000
__size_of_main                   (abs)        0000
__size_of_printf                 (abs)        0000
__size_of_putch                  (abs)        0000
__stringbase                     strings      0205
__stringtab                      strings      0200
_labs                            text8        0299
_main                            maintext     01AC
_printf                          text1        025B
_putch                           text2        02E4
btemp                            (abs)        007E
end_of_initialization            cinit        0010
interrupt_function               intentry     0004
intlevel0                        functab      0000
intlevel1                        functab      0000
intlevel2                        functab      0000
intlevel3                        functab      0000
intlevel4                        functab      0000
intlevel5                        functab      0000
labs@l                           cstackBANK0  0028
printf@ap                        cstackCOMMON 0076
printf@c                         cstackCOMMON 0077
printf@f                         cstackCOMMON 0078
putch@chr                        cstackCOMMON 0074
reset_vec                        reset_vec    0000
saved_w                          (abs)        007E
start                            init         000C
start_initialization             cinit        000F
wtemp0                           (abs)        007E


FUNCTION INFORMATION:

 *************** function _main *****************
 Defined at:
		line 30 in file "USART_ASYNCHRONOUS_COM_Firmware.c"
 Parameters:    Size  Location     Type
		None
 Auto vars:     Size  Location     Type
		None
 Return value:  Size  Location     Type
                  1    wreg      void 
 Registers used:
		wreg, fsr0l, fsr0h, status,2, status,0, btemp+1, pclath, cstack
 Tracked objects:
		On entry : 
		On exit  : 
		Unchanged: 
 Data sizes:     COMMON   BANK0   BANK1   BANK3   BANK2
      Params:         0       0       0       0       0
      Locals:         0       0       0       0       0
      Temps:          0       0       0       0       0
      Totals:         0       0       0       0       0
Total ram usage:        0 bytes
 Hardware stack levels required when called:    5
 This function calls:
		_Initial_Configurations
		_Initialize_UART
		_UART_RCIE_Enable
		_UART_Send_String
		_printf
 This function is called by:
		Startup code after reset
 This function uses a non-reentrant model


 *************** function _printf *****************
 Defined at:
		line 477 in file "C:\Program Files (x86)\Microchip\xc8\v2.10\pic\sources\c90\common\doprnt.c"
 Parameters:    Size  Location     Type
  f               1    wreg     PTR const unsigned char 
		 -> STR_1(18), 
 Auto vars:     Size  Location     Type
  f               1    8[COMMON] PTR const unsigned char 
		 -> STR_1(18), 
  tmpval          4    0        struct .
  cp              2    0        PTR const unsigned char 
  len             2    0        unsigned int 
  val             2    0        unsigned int 
  c               1    7[COMMON] unsigned char 
  ap              1    6[COMMON] PTR void [1]
		 -> ?_printf(2), 
  flag            1    0        unsigned char 
  prec            1    0        char 
 Return value:  Size  Location     Type
                  2   10[None  ] int 
 Registers used:
		wreg, fsr0l, fsr0h, status,2, status,0, pclath, cstack
 Tracked objects:
		On entry : 
		On exit  : 
		Unchanged: 
 Data sizes:     COMMON   BANK0   BANK1   BANK3   BANK2
      Params:         0       0       0       0       0
      Locals:         3       0       0       0       0
      Temps:          1       0       0       0       0
      Totals:         4       0       0       0       0
Total ram usage:        4 bytes
 Hardware stack levels used:    1
 Hardware stack levels required when called:    4
 This function calls:
		_putch
 This function is called by:
		_main
 This function uses a non-reentrant model


 *************** function _putch *****************
 Defined at:
		line 121 in file "USART.c"
 Parameters:    Size  Location     Type
  chr             1    wreg     unsigned char 
 Auto vars:     Size  Location     Type
  chr             1    4[COMMON] unsigned char 
 Return value:  Size  Location     Type
                  1    wreg      void 
 Registers used:
		wreg, status,2, status,0, pclath, cstack
 Tracked objects:
		On entry : 
		On exit  : 
		Unchanged: 
 Data sizes:     COMMON   BANK0   BANK1   BANK3   BANK2
      Params:         0       0       0       0       0
      Locals:         1       0       0       0       0
      Temps:          0       0       0       0       0
      Totals:         1       0       0       0       0
Total ram usage:        1 bytes
 Hardware stack levels used:    1
 Hardware stack levels required when called:    3
 This function calls:
		_UART_Send_Char
 This function is called by:
		_printf
 This function uses a non-reentrant model


 *************** function _UART_Send_String *****************
 Defined at:
		line 84 in file "USART.c"
 Parameters:    Size  Location     Type
  str             1    wreg     PTR unsigned char 
		 -> STR_2(28), 
 Auto vars:     Size  Location     Type
  str             1    5[COMMON] PTR unsigned char 
		 -> STR_2(28), 
 Return value:  Size  Location     Type
                  1    wreg      void 
 Registers used:
		wreg, fsr0l, fsr0h, status,2, status,0, pclath, cstack
 Tracked objects:
		On entry : 
		On exit  : 
		Unchanged: 
 Data sizes:     COMMON   BANK0   BANK1   BANK3   BANK2
      Params:         0       0       0       0       0
      Locals:         1       0       0       0       0
      Temps:          1       0       0       0       0
      Totals:         2       0       0       0       0
Total ram usage:        2 bytes
 Hardware stack levels used:    1
 Hardware stack levels required when called:    3
 This function calls:
		_UART_Send_Char
 This function is called by:
		_main
 This function uses a non-reentrant model


 *************** function _UART_Send_Char *****************
 Defined at:
		line 78 in file "USART.c"
 Parameters:    Size  Location     Type
  chr             1    wreg     unsigned char 
 Auto vars:     Size  Location     Type
  chr             1    3[COMMON] unsigned char 
 Return value:  Size  Location     Type
                  1    wreg      void 
 Registers used:
		wreg
 Tracked objects:
		On entry : 
		On exit  : 
		Unchanged: 
 Data sizes:     COMMON   BANK0   BANK1   BANK3   BANK2
      Params:         0       0       0       0       0
      Locals:         1       0       0       0       0
      Temps:          0       0       0       0       0
      Totals:         1       0       0       0       0
Total ram usage:        1 bytes
 Hardware stack levels used:    1
 Hardware stack levels required when called:    2
 This function calls:
		Nothing
 This function is called by:
		_UART_Send_String
		_putch
 This function uses a non-reentrant model


 *************** function _UART_RCIE_Enable *****************
 Defined at:
		line 91 in file "USART.c"
 Parameters:    Size  Location     Type
		None
 Auto vars:     Size  Location     Type
		None
 Return value:  Size  Location     Type
                  1    wreg      void 
 Registers used:
		None
 Tracked objects:
		On entry : 
		On exit  : 
		Unchanged: 
 Data sizes:     COMMON   BANK0   BANK1   BANK3   BANK2
      Params:         0       0       0       0       0
      Locals:         0       0       0       0       0
      Temps:          0       0       0       0       0
      Totals:         0       0       0       0       0
Total ram usage:        0 bytes
 Hardware stack levels used:    1
 Hardware stack levels required when called:    2
 This function calls:
		Nothing
 This function is called by:
		_main
 This function uses a non-reentrant model


 *************** function _Initialize_UART *****************
 Defined at:
		line 40 in file "USART.c"
 Parameters:    Size  Location     Type
  BaudRate        4   32[BANK0 ] unsigned long 
 Auto vars:     Size  Location     Type
		None
 Return value:  Size  Location     Type
                  1    wreg      void 
 Registers used:
		wreg, status,2, status,0, btemp+1, pclath, cstack
 Tracked objects:
		On entry : 
		On exit  : 
		Unchanged: 
 Data sizes:     COMMON   BANK0   BANK1   BANK3   BANK2
      Params:         0       4       0       0       0
      Locals:         0       0       0       0       0
      Temps:          0       0       0       0       0
      Totals:         0       4       0       0       0
Total ram usage:        4 bytes
 Hardware stack levels used:    1
 Hardware stack levels required when called:    4
 This function calls:
		_Set_BaudRate
 This function is called by:
		_main
 This function uses a non-reentrant model


 *************** function _Set_BaudRate *****************
 Defined at:
		line 16 in file "USART.c"
 Parameters:    Size  Location     Type
  BaudRateValu    4   12[BANK0 ] unsigned long 
 Auto vars:     Size  Location     Type
  ERROR_BRGH1     4   26[BANK0 ] unsigned long 
  ERROR_BRGH0     4   22[BANK0 ] unsigned long 
  SPRBG_BRGH1     1   31[BANK0 ] unsigned char 
  SPRBG_BRGH0     1   30[BANK0 ] unsigned char 
 Return value:  Size  Location     Type
                  1    wreg      unsigned char 
 Registers used:
		wreg, status,2, status,0, btemp+1, pclath, cstack
 Tracked objects:
		On entry : 
		On exit  : 
		Unchanged: 
 Data sizes:     COMMON   BANK0   BANK1   BANK3   BANK2
      Params:         0       4       0       0       0
      Locals:         0      10       0       0       0
      Temps:          0       6       0       0       0
      Totals:         0      20       0       0       0
Total ram usage:       20 bytes
 Hardware stack levels used:    1
 Hardware stack levels required when called:    3
 This function calls:
		___lldiv
		_labs
 This function is called by:
		_Initialize_UART
 This function uses a non-reentrant model


 *************** function _labs *****************
 Defined at:
		line 4 in file "C:\Program Files (x86)\Microchip\xc8\v2.10\pic\sources\c90\common\labs.c"
 Parameters:    Size  Location     Type
  l               4    8[BANK0 ] long 
 Auto vars:     Size  Location     Type
		None
 Return value:  Size  Location     Type
                  4    8[BANK0 ] long 
 Registers used:
		wreg, status,2, status,0
 Tracked objects:
		On entry : 
		On exit  : 
		Unchanged: 
 Data sizes:     COMMON   BANK0   BANK1   BANK3   BANK2
      Params:         0       4       0       0       0
      Locals:         0       0       0       0       0
      Temps:          0       0       0       0       0
      Totals:         0       4       0       0       0
Total ram usage:        4 bytes
 Hardware stack levels used:    1
 Hardware stack levels required when called:    2
 This function calls:
		Nothing
 This function is called by:
		_Set_BaudRate
 This function uses a non-reentrant model


 *************** function ___lldiv *****************
 Defined at:
		line 5 in file "C:\Program Files (x86)\Microchip\xc8\v2.10\pic\sources\c90\common\__lldiv.c"
 Parameters:    Size  Location     Type
  divisor         4    0[BANK0 ] unsigned long 
  dividend        4    4[BANK0 ] unsigned long 
 Auto vars:     Size  Location     Type
  quotient        4    4[COMMON] unsigned long 
  counter         1    8[COMMON] unsigned char 
 Return value:  Size  Location     Type
                  4    0[BANK0 ] unsigned long 
 Registers used:
		wreg, status,2, status,0
 Tracked objects:
		On entry : 
		On exit  : 
		Unchanged: 
 Data sizes:     COMMON   BANK0   BANK1   BANK3   BANK2
      Params:         0       8       0       0       0
      Locals:         5       0       0       0       0
      Temps:          1       0       0       0       0
      Totals:         6       8       0       0       0
Total ram usage:       14 bytes
 Hardware stack levels used:    1
 Hardware stack levels required when called:    2
 This function calls:
		Nothing
 This function is called by:
		_Set_BaudRate
 This function uses a non-reentrant model


 *************** function _Initial_Configurations *****************
 Defined at:
		line 16 in file "configurations.c"
 Parameters:    Size  Location     Type
		None
 Auto vars:     Size  Location     Type
		None
 Return value:  Size  Location     Type
                  1    wreg      void 
 Registers used:
		status,2
 Tracked objects:
		On entry : 
		On exit  : 
		Unchanged: 
 Data sizes:     COMMON   BANK0   BANK1   BANK3   BANK2
      Params:         0       0       0       0       0
      Locals:         0       0       0       0       0
      Temps:          0       0       0       0       0
      Totals:         0       0       0       0       0
Total ram usage:        0 bytes
 Hardware stack levels used:    1
 Hardware stack levels required when called:    2
 This function calls:
		Nothing
 This function is called by:
		_main
 This function uses a non-reentrant model


 *************** function _ISR *****************
 Defined at:
		line 22 in file "USART_ASYNCHRONOUS_COM_Firmware.c"
 Parameters:    Size  Location     Type
		None
 Auto vars:     Size  Location     Type
		None
 Return value:  Size  Location     Type
                  1    wreg      void 
 Registers used:
		wreg, pclath, cstack
 Tracked objects:
		On entry : 
		On exit  : 
		Unchanged: 
 Data sizes:     COMMON   BANK0   BANK1   BANK3   BANK2
      Params:         0       0       0       0       0
      Locals:         0       0       0       0       0
      Temps:          3       0       0       0       0
      Totals:         3       0       0       0       0
Total ram usage:        3 bytes
 Hardware stack levels used:    1
 Hardware stack levels required when called:    1
 This function calls:
		_UART_Read_Char
 This function is called by:
		Interrupt level 1
 This function uses a non-reentrant model


 *************** function _UART_Read_Char *****************
 Defined at:
		line 101 in file "USART.c"
 Parameters:    Size  Location     Type
		None
 Auto vars:     Size  Location     Type
		None
 Return value:  Size  Location     Type
                  1    wreg      unsigned char 
 Registers used:
		wreg
 Tracked objects:
		On entry : 
		On exit  : 
		Unchanged: 
 Data sizes:     COMMON   BANK0   BANK1   BANK3   BANK2
      Params:         0       0       0       0       0
      Locals:         0       0       0       0       0
      Temps:          0       0       0       0       0
      Totals:         0       0       0       0       0
Total ram usage:        0 bytes
 Hardware stack levels used:    1
 This function calls:
		Nothing
 This function is called by:
		_ISR
 This function uses a non-reentrant model



MODULE INFORMATION

Module		Function		Class		Link	Load	Size
USART.c
		_putch         		CODE           	02E4	0000	9
		_UART_Read_Char		CODE           	02B0	0000	17
		_Set_BaudRate  		CODE           	0014	0000	305
		_UART_Send_String		CODE           	027A	0000	32
		_UART_Send_Char		CODE           	02CF	0000	13
		_UART_RCIE_Enable		CODE           	02EC	0000	5
		_Initialize_UART		CODE           	0234	0000	40

USART.c estimated size: 421

configurations.c
		_Initial_Configurations		CODE           	02DB	0000	10

configurations.c estimated size: 10

C:\Program Files (x86)\Microchip\xc8\v2.10\pic\sources\c90\common\labs.c
		_labs          		CODE           	0299	0000	24

C:\Program Files (x86)\Microchip\xc8\v2.10\pic\sources\c90\common\labs.c estimated size: 24

C:\Program Files (x86)\Microchip\xc8\v2.10\pic\sources\c90\common\__lldiv.c
		___lldiv       		CODE           	0144	0000	105

C:\Program Files (x86)\Microchip\xc8\v2.10\pic\sources\c90\common\__lldiv.c estimated size: 105

shared
		__stringtab    		STRING         	0200	0000	7
		__initialization		CODE           	000F	0000	2

shared estimated size: 9

USART_ASYNCHRONOUS_COM_Firmware.c
		_ISR           		CODE           	02C0	0000	16
		_main          		CODE           	01AC	0000	61

USART_ASYNCHRONOUS_COM_Firmware.c estimated size: 77

C:\Program Files (x86)\Microchip\xc8\v2.10\pic\sources\c90\common\doprnt.c
		_printf        		CODE           	025B	0000	32

C:\Program Files (x86)\Microchip\xc8\v2.10\pic\sources\c90\common\doprnt.c estimated size: 32

