Microchip MPLAB XC8 Compiler V2.10 ()

Linker command line:

-W-3 --edf=C:\Program Files (x86)\Microchip\xc8\v2.10\pic\dat\en_msgs.txt \
  -cs -h+dist/default/production\LCD_DISPLAY1.X.production.sym \
  --cmf=dist/default/production\LCD_DISPLAY1.X.production.cmf -z -Q16F84A \
  -oC:\Users\ACER-PC\AppData\Local\Temp\s70c.2 --defsym=__MPLAB_BUILD=1 \
  -Mdist/default/production/LCD_DISPLAY1.X.production.map -E1 -ver=XC8 \
  --acfsm=1493 -ASTACK=02Dh-04Dh -pstack=STACK -ACODE=00h-03FFh \
  -ASTRCODE=00h-03FFh -ASTRING=00h-0FFhx4 -ACONST=00h-0FFhx4 \
  -AENTRY=00h-0FFhx4 -ABANK0=0Ch-04Dh -ARAM=0Ch-04Dh -AABS1=0Ch-04Fh \
  -ACOMMON=04Eh-04Fh -ASFR0=00h-0Bh -ASFR1=080h-0CDh \
  -preset_vec=00h,intentry,init,end_init -ppowerup=CODE -pcinit=CODE \
  -pfunctab=ENTRY -ACONFIG=02007h-02007h -pconfig=CONFIG -DCONFIG=2 \
  -AIDLOC=02000h-02003h -pidloc=IDLOC -DIDLOC=2 -AEEDATA=00h-03Fh/02100h \
  -peeprom_data=EEDATA -DEEDATA=2 -DCODE=2 -DSTRCODE=2 -DSTRING=2 -DCONST=2 \
  -DENTRY=2 -k C:\Users\ACER-PC\AppData\Local\Temp\s70c.o \
  dist/default/production\LCD_DISPLAY1.X.production.o 

Object code version is 3.11

Machine type is 16F84A



                Name                               Link     Load   Length Selector   Space Scale
C:\Users\ACER-PC\AppData\Local\Temp\s70c.o
                end_init                              0        0        1        0       0
                config                             2007     2007        1     400E       0
dist/default/production\LCD_DISPLAY1.X.production.o
                cinit                               3FE      3FE        2      7FC       0
                text15                               2B       2B        7       56       0
                text14                              21D      21D       9B      43A       0
                text13                               25       25        6       4A       0
                text12                               39       39        B       72       0
                text11                               44       44        F       88       0
                text10                               62       62       10       C4       0
                text9                                53       53        F       A6       0
                text8                               16C      16C       4F      2D8       0
                text7                                32       32        7       64       0
                text6                                BD       BD       2F      17A       0
                text5                                93       93       2A      126       0
                text4                               127      127       45      24E       0
                text3                                EC       EC       3B      1D8       0
                text2                               1BB      1BB       62      376       0
                text1                                72       72       21       E4       0
                maintext                            2B8      2B8      146      570       0
                cstackBANK0                           C        C       21        C       1
                strings                               1        1       22        2       0

TOTAL           Name                               Link     Load   Length     Space
        CLASS   STACK          

        CLASS   CODE           
                end_init                              0        0        1         0
                cinit                               3FE      3FE        2         0
                text15                               2B       2B        7         0
                text14                              21D      21D       9B         0
                text13                               25       25        6         0
                text12                               39       39        B         0
                text11                               44       44        F         0
                text10                               62       62       10         0
                text9                                53       53        F         0
                text8                               16C      16C       4F         0
                text7                                32       32        7         0
                text6                                BD       BD       2F         0
                text5                                93       93       2A         0
                text4                               127      127       45         0
                text3                                EC       EC       3B         0
                text2                               1BB      1BB       62         0
                text1                                72       72       21         0
                maintext                            2B8      2B8      146         0

        CLASS   STRCODE        

        CLASS   STRING         
                strings                               1        1       22         0

        CLASS   CONST          

        CLASS   ENTRY          

        CLASS   BANK0          
                cstackBANK0                           C        C       21         1

        CLASS   RAM            

        CLASS   ABS1           
                abs_s1                               4E       4E        2         1

        CLASS   COMMON         

        CLASS   SFR0           

        CLASS   SFR1           

        CLASS   CONFIG         
                config                             2007     2007        1         0

        CLASS   IDLOC          

        CLASS   EEDATA         

        CLASS   BANK1          



SEGMENTS        Name                           Load    Length   Top    Selector   Space  Class     Delta

                reset_vec                      000000  000001  000001         0       0  CODE        2
                strings                        000001  000022  000023         2       0  STRING      2
                cstackBANK0                    00000C  000021  00002D         C       1  BANK0       1
                text13                         000025  000006  00002B        4A       0  CODE        2
                text15                         00002B  000007  000032        56       0  CODE        2
                text7                          000032  000007  000039        64       0  CODE        2
                text12                         000039  00000B  000044        72       0  CODE        2
                text11                         000044  00000F  000053        88       0  CODE        2
                text9                          000053  00000F  000062        A6       0  CODE        2
                text10                         000062  000010  000072        C4       0  CODE        2
                text1                          000072  000021  000093        E4       0  CODE        2
                text5                          000093  00002A  0000BD       126       0  CODE        2
                text6                          0000BD  00002F  0000EC       17A       0  CODE        2
                text3                          0000EC  00003B  000127       1D8       0  CODE        2
                text4                          000127  000045  00016C       24E       0  CODE        2
                text8                          00016C  00004F  0001BB       2D8       0  CODE        2
                text2                          0001BB  000062  00021D       376       0  CODE        2
                text14                         00021D  00009B  0002B8       43A       0  CODE        2
                maintext                       0002B8  000146  0003FE       570       0  CODE        2
                cinit                          0003FE  000002  000400       7FC       0  CODE        2
                config                         002007  000001  002008      400E       0  CONFIG      2


UNUSED ADDRESS RANGES

        Name                Unused          Largest block    Delta
        BANK0            002D-004D             21           1
        CODE             0023-0024              2           2
        CONST            0023-0024              2           2
        EEDATA           2100-213F             40           2
        ENTRY            0023-0024              2           2
        IDLOC            2000-2003              4           2
        RAM              002D-004D             21           1
        SFR0             0000-000B              C           1
        SFR1             0080-00CD             4E           1
        STACK            002D-004D             21           1
        STRCODE          0023-0024              2           2
        STRING           0023-0024              2           2

                                  Symbol Table

?___lwdiv                             cstackBANK0  000C
?___lwmod                             cstackBANK0  000C
LCD_cursor_or_display_shift@R_or_L    cstackBANK0  0010
LCD_cursor_or_display_shift@S_or_C    cstackBANK0  0012
LCD_data_sender@data                  cstackBANK0  000E
LCD_display_on_off_control@B          cstackBANK0  0011
LCD_display_on_off_control@C          cstackBANK0  0010
LCD_display_on_off_control@D          cstackBANK0  0013
LCD_entry_mode@I_or_D                 cstackBANK0  0012
LCD_entry_mode@S                      cstackBANK0  0010
LCD_init@DL                           cstackBANK0  0017
LCD_init@F                            cstackBANK0  0015
LCD_init@N                            cstackBANK0  0014
LCD_send_char@chr                     cstackBANK0  000F
LCD_send_commad@cmd                   cstackBANK0  000F
LCD_send_string@i                     cstackBANK0  0013
LCD_send_string@str                   cstackBANK0  0010
LCD_set_cursor@colomn                 cstackBANK0  0010
LCD_set_cursor@row                    cstackBANK0  0013
_Initial_Configurations               text15       002B
_LCD_clear                            text12       0039
_LCD_cursor_or_display_shift          text11       0044
_LCD_data_sender                      text14       021D
_LCD_display_on_off_control           text10       0062
_LCD_entry_mode                       text9        0053
_LCD_init                             text8        016C
_LCD_send_char                        text7        0032
_LCD_send_commad                      text13       0025
_LCD_send_string                      text6        00BD
_LCD_set_cursor                       text5        0093
_PORTA                                (abs)        0005
_PORTAbits                            (abs)        0005
_PORTB                                (abs)        0006
_PORTBbits                            (abs)        0006
_TRISA                                (abs)        0085
_TRISB                                (abs)        0086
__CFG_CP$OFF                          (abs)        0000
__CFG_FOSC$XT                         (abs)        0000
__CFG_PWRTE$OFF                       (abs)        0000
__CFG_WDTE$OFF                        (abs)        0000
__Habs1                               abs1         0000
__Hbank0                              bank0        0000
__Hbank1                              bank1        0000
__Hcinit                              cinit        0400
__Hclrtext                            clrtext      0000
__Hcode                               code         0000
__Hcommon                             common       0000
__Hconfig                             config       2008
__HcstackBANK0                        cstackBANK0  0000
__HcstackCOMMON                       cstackCOMMON 0000
__Heeprom_data                        eeprom_data  0000
__Hend_init                           end_init     0001
__Hfunctab                            functab      0000
__Hidloc                              idloc        0000
__Hinit                               init         0000
__Hintentry                           intentry     0000
__Hmaintext                           maintext     0000
__Hpowerup                            powerup      0000
__Hram                                ram          0000
__Hreset_vec                          reset_vec    0000
__Hsfr0                               sfr0         0000
__Hsfr1                               sfr1         0000
__Hspace_0                            (abs)        2008
__Hspace_1                            (abs)        002D
__Hspace_2                            (abs)        0000
__Hspace_3                            (abs)        0000
__Hstack                              stack        0000
__Hstrings                            strings      0000
__Htext                               text         0000
__Labs1                               abs1         0000
__Lbank0                              bank0        0000
__Lbank1                              bank1        0000
__Lcinit                              cinit        03FE
__Lclrtext                            clrtext      0000
__Lcode                               code         0000
__Lcommon                             common       0000
__Lconfig                             config       2007
__LcstackBANK0                        cstackBANK0  0000
__LcstackCOMMON                       cstackCOMMON 0000
__Leeprom_data                        eeprom_data  0000
__Lend_init                           end_init     0000
__Lfunctab                            functab      0000
__Lidloc                              idloc        0000
__Linit                               init         0000
__Lintentry                           intentry     0000
__Lmaintext                           maintext     0000
__Lpowerup                            powerup      0000
__Lram                                ram          0000
__Lreset_vec                          reset_vec    0000
__Lsfr0                               sfr0         0000
__Lsfr1                               sfr1         0000
__Lspace_0                            (abs)        0000
__Lspace_1                            (abs)        0000
__Lspace_2                            (abs)        0000
__Lspace_3                            (abs)        0000
__Lstack                              stack        0000
__Lstrings                            strings      0000
__Ltext                               text         0000
__S0                                  (abs)        2008
__S1                                  (abs)        002D
__S2                                  (abs)        0000
__S3                                  (abs)        0000
___int_sp                             stack        0000
___latbits                            (abs)        0000
___lwdiv                              text4        0127
___lwdiv@counter                      cstackBANK0  0013
___lwdiv@dividend                     cstackBANK0  000E
___lwdiv@divisor                      cstackBANK0  000C
___lwdiv@quotient                     cstackBANK0  0011
___lwmod                              text3        00EC
___lwmod@counter                      cstackBANK0  0011
___lwmod@dividend                     cstackBANK0  000E
___lwmod@divisor                      cstackBANK0  000C
___sp                                 stack        0000
___stackhi                            (abs)        0000
___stacklo                            (abs)        0000
__end_of_Initial_Configurations       text15       0032
__end_of_LCD_clear                    text12       0044
__end_of_LCD_cursor_or_display_shift  text11       0053
__end_of_LCD_data_sender              text14       02B8
__end_of_LCD_display_on_off_control   text10       0072
__end_of_LCD_entry_mode               text9        0062
__end_of_LCD_init                     text8        01BB
__end_of_LCD_send_char                text7        0039
__end_of_LCD_send_commad              text13       002B
__end_of_LCD_send_string              text6        00EC
__end_of_LCD_set_cursor               text5        00BD
__end_of___lwdiv                      text4        016C
__end_of___lwmod                      text3        0127
__end_of__initialization              cinit        03FE
__end_of__stringtab                   strings      0011
__end_of_itoa                         text1        0093
__end_of_main                         maintext     03FE
__end_of_utoa                         text2        021D
__initialization                      cinit        03FE
__pcstackBANK0                        cstackBANK0  000C
__pcstackCOMMON                       cstackCOMMON 0000
__pmaintext                           maintext     02B8
__pstrings                            strings      0001
__ptext1                              text1        0072
__ptext10                             text10       0062
__ptext11                             text11       0044
__ptext12                             text12       0039
__ptext13                             text13       0025
__ptext14                             text14       021D
__ptext15                             text15       002B
__ptext2                              text2        01BB
__ptext3                              text3        00EC
__ptext4                              text4        0127
__ptext5                              text5        0093
__ptext6                              text6        00BD
__ptext7                              text7        0032
__ptext8                              text8        016C
__ptext9                              text9        0053
__size_of_Initial_Configurations      (abs)        0000
__size_of_LCD_clear                   (abs)        0000
__size_of_LCD_cursor_or_display_shift (abs)        0000
__size_of_LCD_data_sender             (abs)        0000
__size_of_LCD_display_on_off_control  (abs)        0000
__size_of_LCD_entry_mode              (abs)        0000
__size_of_LCD_init                    (abs)        0000
__size_of_LCD_send_char               (abs)        0000
__size_of_LCD_send_commad             (abs)        0000
__size_of_LCD_send_string             (abs)        0000
__size_of_LCD_set_cursor              (abs)        0000
__size_of___lwdiv                     (abs)        0000
__size_of___lwmod                     (abs)        0000
__size_of_itoa                        (abs)        0000
__size_of_main                        (abs)        0000
__size_of_utoa                        (abs)        0000
__stringbase                          strings      0010
__stringtab                           strings      0001
_itoa                                 text1        0072
_main                                 maintext     02B8
_utoa                                 text2        01BB
btemp                                 (abs)        004E
end_of_initialization                 cinit        03FE
intlevel0                             functab      0000
intlevel1                             functab      0000
intlevel2                             functab      0000
intlevel3                             functab      0000
intlevel4                             functab      0000
intlevel5                             functab      0000
itoa@base                             cstackBANK0  001F
itoa@buf                              cstackBANK0  0023
itoa@val                              cstackBANK0  001D
main@i                                cstackBANK0  0029
main@i_82                             cstackBANK0  0027
main@s                                cstackBANK0  002C
main@sayi                             cstackBANK0  002B
reset_vec                             reset_vec    0000
start                                 init         0000
start_initialization                  cinit        03FE
utoa@base                             cstackBANK0  0016
utoa@buf                              cstackBANK0  001C
utoa@c                                cstackBANK0  001B
utoa@v                                cstackBANK0  0019
utoa@val                              cstackBANK0  0014
wtemp0                                (abs)        004E


FUNCTION INFORMATION:

 *************** function _main *****************
 Defined at:
		line 13 in file "LCD_DISPLAY1_Firmware.c"
 Parameters:    Size  Location     Type
		None
 Auto vars:     Size  Location     Type
  i               2   27[BANK0 ] int 
  i               2   29[BANK0 ] int 
  s               1   32[BANK0 ] unsigned char [1]
  sayi            1   31[BANK0 ] char 
 Return value:  Size  Location     Type
                  1    wreg      void 
 Registers used:
		wreg, fsr0l, fsr0h, status,2, status,0, btemp+1, pclath, cstack
 Tracked objects:
		On entry : 
		On exit  : 
		Unchanged: 
 Data sizes:     COMMON   BANK0
      Params:         0       0
      Locals:         0       6
      Temps:          0       3
      Totals:         0       9
Total ram usage:        9 bytes
 Hardware stack levels required when called:    4
 This function calls:
		_Initial_Configurations
		_LCD_clear
		_LCD_cursor_or_display_shift
		_LCD_init
		_LCD_send_char
		_LCD_send_string
		_LCD_set_cursor
		_itoa
 This function is called by:
		Startup code after reset
 This function uses a non-reentrant model


 *************** function _itoa *****************
 Defined at:
		line 4 in file "C:\Program Files (x86)\Microchip\xc8\v2.10\pic\sources\c90\common\itoa.c"
 Parameters:    Size  Location     Type
  buf             1    wreg     PTR unsigned char 
		 -> main@s(1), 
  val             2   17[BANK0 ] int 
  base            2   19[BANK0 ] int 
 Auto vars:     Size  Location     Type
  buf             1   23[BANK0 ] PTR unsigned char 
		 -> main@s(1), 
  cp              1    0        PTR unsigned char 
		 -> main@s(1), 
 Return value:  Size  Location     Type
                  1    wreg      PTR unsigned char 
 Registers used:
		wreg, fsr0l, fsr0h, status,2, status,0, pclath, cstack
 Tracked objects:
		On entry : 
		On exit  : 
		Unchanged: 
 Data sizes:     COMMON   BANK0
      Params:         0       4
      Locals:         0       2
      Temps:          0       1
      Totals:         0       7
Total ram usage:        7 bytes
 Hardware stack levels used:    1
 Hardware stack levels required when called:    2
 This function calls:
		_utoa
 This function is called by:
		_main
 This function uses a non-reentrant model


 *************** function _utoa *****************
 Defined at:
		line 17 in file "C:\Program Files (x86)\Microchip\xc8\v2.10\pic\sources\c90\common\itoa.c"
 Parameters:    Size  Location     Type
  buf             1    wreg     PTR unsigned char 
		 -> main@s(1), 
  val             2    8[BANK0 ] unsigned int 
  base            2   10[BANK0 ] int 
 Auto vars:     Size  Location     Type
  buf             1   16[BANK0 ] PTR unsigned char 
		 -> main@s(1), 
  v               2   13[BANK0 ] unsigned int 
  c               1   15[BANK0 ] unsigned char 
 Return value:  Size  Location     Type
                  1    wreg      PTR unsigned char 
 Registers used:
		wreg, fsr0l, fsr0h, status,2, status,0, pclath, cstack
 Tracked objects:
		On entry : 
		On exit  : 
		Unchanged: 
 Data sizes:     COMMON   BANK0
      Params:         0       4
      Locals:         0       4
      Temps:          0       1
      Totals:         0       9
Total ram usage:        9 bytes
 Hardware stack levels used:    1
 Hardware stack levels required when called:    1
 This function calls:
		___lwdiv
		___lwmod
 This function is called by:
		_itoa
 This function uses a non-reentrant model


 *************** function ___lwmod *****************
 Defined at:
		line 5 in file "C:\Program Files (x86)\Microchip\xc8\v2.10\pic\sources\c90\common\lwmod.c"
 Parameters:    Size  Location     Type
  divisor         2    0[BANK0 ] unsigned int 
  dividend        2    2[BANK0 ] unsigned int 
 Auto vars:     Size  Location     Type
  counter         1    5[BANK0 ] unsigned char 
 Return value:  Size  Location     Type
                  2    0[BANK0 ] unsigned int 
 Registers used:
		wreg, status,2, status,0
 Tracked objects:
		On entry : 
		On exit  : 
		Unchanged: 
 Data sizes:     COMMON   BANK0
      Params:         0       4
      Locals:         0       1
      Temps:          0       1
      Totals:         0       6
Total ram usage:        6 bytes
 Hardware stack levels used:    1
 This function calls:
		Nothing
 This function is called by:
		_utoa
 This function uses a non-reentrant model


 *************** function ___lwdiv *****************
 Defined at:
		line 5 in file "C:\Program Files (x86)\Microchip\xc8\v2.10\pic\sources\c90\common\lwdiv.c"
 Parameters:    Size  Location     Type
  divisor         2    0[BANK0 ] unsigned int 
  dividend        2    2[BANK0 ] unsigned int 
 Auto vars:     Size  Location     Type
  quotient        2    5[BANK0 ] unsigned int 
  counter         1    7[BANK0 ] unsigned char 
 Return value:  Size  Location     Type
                  2    0[BANK0 ] unsigned int 
 Registers used:
		wreg, status,2, status,0
 Tracked objects:
		On entry : 
		On exit  : 
		Unchanged: 
 Data sizes:     COMMON   BANK0
      Params:         0       4
      Locals:         0       3
      Temps:          0       1
      Totals:         0       8
Total ram usage:        8 bytes
 Hardware stack levels used:    1
 This function calls:
		Nothing
 This function is called by:
		_utoa
 This function uses a non-reentrant model


 *************** function _LCD_set_cursor *****************
 Defined at:
		line 113 in file "LCD.c"
 Parameters:    Size  Location     Type
  row             1    wreg     unsigned char 
  colomn          1    4[BANK0 ] unsigned char 
 Auto vars:     Size  Location     Type
  row             1    7[BANK0 ] unsigned char 
 Return value:  Size  Location     Type
                  1    wreg      void 
 Registers used:
		wreg, fsr0l, fsr0h, status,2, status,0, pclath, cstack
 Tracked objects:
		On entry : 
		On exit  : 
		Unchanged: 
 Data sizes:     COMMON   BANK0
      Params:         0       1
      Locals:         0       1
      Temps:          0       2
      Totals:         0       4
Total ram usage:        4 bytes
 Hardware stack levels used:    1
 Hardware stack levels required when called:    2
 This function calls:
		_LCD_send_commad
 This function is called by:
		_main
 This function uses a non-reentrant model


 *************** function _LCD_send_string *****************
 Defined at:
		line 62 in file "LCD.c"
 Parameters:    Size  Location     Type
  str             2    4[BANK0 ] PTR unsigned char 
		 -> main@s(1), STR_3(6), STR_2(6), STR_1(6), 
 Auto vars:     Size  Location     Type
  i               1    7[BANK0 ] unsigned char 
 Return value:  Size  Location     Type
                  1    wreg      void 
 Registers used:
		wreg, fsr0l, fsr0h, status,2, status,0, btemp+1, pclath, cstack
 Tracked objects:
		On entry : 
		On exit  : 
		Unchanged: 
 Data sizes:     COMMON   BANK0
      Params:         0       2
      Locals:         0       1
      Temps:          0       1
      Totals:         0       4
Total ram usage:        4 bytes
 Hardware stack levels used:    1
 Hardware stack levels required when called:    2
 This function calls:
		_LCD_send_char
		_LCD_send_commad
 This function is called by:
		_main
 This function uses a non-reentrant model


 *************** function _LCD_send_char *****************
 Defined at:
		line 56 in file "LCD.c"
 Parameters:    Size  Location     Type
  chr             1    wreg     unsigned char 
 Auto vars:     Size  Location     Type
  chr             1    3[BANK0 ] unsigned char 
 Return value:  Size  Location     Type
                  1    wreg      void 
 Registers used:
		wreg, status,2, status,0, pclath, cstack
 Tracked objects:
		On entry : 
		On exit  : 
		Unchanged: 
 Data sizes:     COMMON   BANK0
      Params:         0       0
      Locals:         0       1
      Temps:          0       0
      Totals:         0       1
Total ram usage:        1 bytes
 Hardware stack levels used:    1
 Hardware stack levels required when called:    1
 This function calls:
		_LCD_data_sender
 This function is called by:
		_main
		_LCD_send_string
 This function uses a non-reentrant model


 *************** function _LCD_init *****************
 Defined at:
		line 95 in file "LCD.c"
 Parameters:    Size  Location     Type
  DL              1    wreg     unsigned char 
  N               1    8[BANK0 ] unsigned char 
  F               1    9[BANK0 ] unsigned char 
 Auto vars:     Size  Location     Type
  DL              1   11[BANK0 ] unsigned char 
 Return value:  Size  Location     Type
                  1    wreg      void 
 Registers used:
		wreg, status,2, status,0, pclath, cstack
 Tracked objects:
		On entry : 
		On exit  : 
		Unchanged: 
 Data sizes:     COMMON   BANK0
      Params:         0       2
      Locals:         0       1
      Temps:          0       1
      Totals:         0       4
Total ram usage:        4 bytes
 Hardware stack levels used:    1
 Hardware stack levels required when called:    3
 This function calls:
		_LCD_display_on_off_control
		_LCD_entry_mode
		_LCD_send_commad
 This function is called by:
		_main
 This function uses a non-reentrant model


 *************** function _LCD_entry_mode *****************
 Defined at:
		line 80 in file "LCD.c"
 Parameters:    Size  Location     Type
  I_or_D          1    wreg     unsigned char 
  S               1    4[BANK0 ] unsigned char 
 Auto vars:     Size  Location     Type
  I_or_D          1    6[BANK0 ] unsigned char 
 Return value:  Size  Location     Type
                  1    wreg      void 
 Registers used:
		wreg, status,2, status,0, pclath, cstack
 Tracked objects:
		On entry : 
		On exit  : 
		Unchanged: 
 Data sizes:     COMMON   BANK0
      Params:         0       1
      Locals:         0       1
      Temps:          0       1
      Totals:         0       3
Total ram usage:        3 bytes
 Hardware stack levels used:    1
 Hardware stack levels required when called:    2
 This function calls:
		_LCD_send_commad
 This function is called by:
		_LCD_init
 This function uses a non-reentrant model


 *************** function _LCD_display_on_off_control *****************
 Defined at:
		line 85 in file "LCD.c"
 Parameters:    Size  Location     Type
  D               1    wreg     unsigned char 
  C               1    4[BANK0 ] unsigned char 
  B               1    5[BANK0 ] unsigned char 
 Auto vars:     Size  Location     Type
  D               1    7[BANK0 ] unsigned char 
 Return value:  Size  Location     Type
                  1    wreg      void 
 Registers used:
		wreg, status,2, status,0, pclath, cstack
 Tracked objects:
		On entry : 
		On exit  : 
		Unchanged: 
 Data sizes:     COMMON   BANK0
      Params:         0       2
      Locals:         0       1
      Temps:          0       1
      Totals:         0       4
Total ram usage:        4 bytes
 Hardware stack levels used:    1
 Hardware stack levels required when called:    2
 This function calls:
		_LCD_send_commad
 This function is called by:
		_LCD_init
 This function uses a non-reentrant model


 *************** function _LCD_cursor_or_display_shift *****************
 Defined at:
		line 90 in file "LCD.c"
 Parameters:    Size  Location     Type
  S_or_C          1    wreg     unsigned char 
  R_or_L          1    4[BANK0 ] unsigned char 
 Auto vars:     Size  Location     Type
  S_or_C          1    6[BANK0 ] unsigned char 
 Return value:  Size  Location     Type
                  1    wreg      void 
 Registers used:
		wreg, status,2, status,0, pclath, cstack
 Tracked objects:
		On entry : 
		On exit  : 
		Unchanged: 
 Data sizes:     COMMON   BANK0
      Params:         0       1
      Locals:         0       1
      Temps:          0       1
      Totals:         0       3
Total ram usage:        3 bytes
 Hardware stack levels used:    1
 Hardware stack levels required when called:    2
 This function calls:
		_LCD_send_commad
 This function is called by:
		_main
 This function uses a non-reentrant model


 *************** function _LCD_clear *****************
 Defined at:
		line 70 in file "LCD.c"
 Parameters:    Size  Location     Type
		None
 Auto vars:     Size  Location     Type
		None
 Return value:  Size  Location     Type
                  1    wreg      void 
 Registers used:
		wreg, status,2, status,0, pclath, cstack
 Tracked objects:
		On entry : 
		On exit  : 
		Unchanged: 
 Data sizes:     COMMON   BANK0
      Params:         0       0
      Locals:         0       0
      Temps:          0       1
      Totals:         0       1
Total ram usage:        1 bytes
 Hardware stack levels used:    1
 Hardware stack levels required when called:    2
 This function calls:
		_LCD_send_commad
 This function is called by:
		_main
 This function uses a non-reentrant model


 *************** function _LCD_send_commad *****************
 Defined at:
		line 51 in file "LCD.c"
 Parameters:    Size  Location     Type
  cmd             1    wreg     unsigned char 
 Auto vars:     Size  Location     Type
  cmd             1    3[BANK0 ] unsigned char 
 Return value:  Size  Location     Type
                  1    wreg      void 
 Registers used:
		wreg, status,2, status,0, pclath, cstack
 Tracked objects:
		On entry : 
		On exit  : 
		Unchanged: 
 Data sizes:     COMMON   BANK0
      Params:         0       0
      Locals:         0       1
      Temps:          0       0
      Totals:         0       1
Total ram usage:        1 bytes
 Hardware stack levels used:    1
 Hardware stack levels required when called:    1
 This function calls:
		_LCD_data_sender
 This function is called by:
		_LCD_send_string
		_LCD_clear
		_LCD_entry_mode
		_LCD_display_on_off_control
		_LCD_cursor_or_display_shift
		_LCD_init
		_LCD_set_cursor
		_LCD_return_home
 This function uses a non-reentrant model


 *************** function _LCD_data_sender *****************
 Defined at:
		line 16 in file "LCD.c"
 Parameters:    Size  Location     Type
  data            1    wreg     unsigned char 
 Auto vars:     Size  Location     Type
  data            1    2[BANK0 ] unsigned char 
 Return value:  Size  Location     Type
                  1    wreg      void 
 Registers used:
		wreg, status,2, status,0
 Tracked objects:
		On entry : 
		On exit  : 
		Unchanged: 
 Data sizes:     COMMON   BANK0
      Params:         0       0
      Locals:         0       1
      Temps:          0       2
      Totals:         0       3
Total ram usage:        3 bytes
 Hardware stack levels used:    1
 This function calls:
		Nothing
 This function is called by:
		_LCD_send_commad
		_LCD_send_char
 This function uses a non-reentrant model


 *************** function _Initial_Configurations *****************
 Defined at:
		line 13 in file "configurations.c"
 Parameters:    Size  Location     Type
		None
 Auto vars:     Size  Location     Type
		None
 Return value:  Size  Location     Type
                  1    wreg      void 
 Registers used:
		status,2
 Tracked objects:
		On entry : 
		On exit  : 
		Unchanged: 
 Data sizes:     COMMON   BANK0
      Params:         0       0
      Locals:         0       0
      Temps:          0       0
      Totals:         0       0
Total ram usage:        0 bytes
 Hardware stack levels used:    1
 This function calls:
		Nothing
 This function is called by:
		_main
 This function uses a non-reentrant model



MODULE INFORMATION

Module		Function		Class		Link	Load	Size
C:\Program Files (x86)\Microchip\xc8\v2.10\pic\sources\c90\common\lwdiv.c
		___lwdiv       		CODE           	0127	0000	70

C:\Program Files (x86)\Microchip\xc8\v2.10\pic\sources\c90\common\lwdiv.c estimated size: 70

LCD_DISPLAY1_Firmware.c
		_main          		CODE           	02B8	0000	327

LCD_DISPLAY1_Firmware.c estimated size: 327

configurations.c
		_Initial_Configurations		CODE           	002B	0000	8

configurations.c estimated size: 8

C:\Program Files (x86)\Microchip\xc8\v2.10\pic\sources\c90\common\itoa.c
		_itoa          		CODE           	0072	0000	34
		_utoa          		CODE           	01BB	0000	99

C:\Program Files (x86)\Microchip\xc8\v2.10\pic\sources\c90\common\itoa.c estimated size: 133

shared
		__stringtab    		STRING         	0001	0000	17
		__initialization		CODE           	03FE	0000	1

shared estimated size: 18

C:\Program Files (x86)\Microchip\xc8\v2.10\pic\sources\c90\common\lwmod.c
		___lwmod       		CODE           	00EC	0000	60

C:\Program Files (x86)\Microchip\xc8\v2.10\pic\sources\c90\common\lwmod.c estimated size: 60

LCD.c
		_LCD_set_cursor		CODE           	0093	0000	43
		_LCD_clear     		CODE           	0039	0000	12
		_LCD_send_commad		CODE           	0025	0000	7
		_LCD_send_string		CODE           	00BD	0000	48
		_LCD_data_sender		CODE           	021D	0000	156
		_LCD_cursor_or_display_shift		CODE           	0044	0000	16
		_LCD_init      		CODE           	016C	0000	80
		_LCD_display_on_off_control		CODE           	0062	0000	17
		_LCD_entry_mode		CODE           	0053	0000	16
		_LCD_send_char 		CODE           	0032	0000	8

LCD.c estimated size: 403

