Microchip MPLAB XC8 Compiler V2.10 ()

Linker command line:

-W-3 --edf=C:\Program Files (x86)\Microchip\xc8\v2.10\pic\dat\en_msgs.txt \
  -cs -h+dist/default/production\I2C_LCD_v2.0_DISPLAY.X.production.sym \
  --cmf=dist/default/production\I2C_LCD_v2.0_DISPLAY.X.production.cmf -z \
  -Q16F877A -oC:\Users\ACER-PC\AppData\Local\Temp\s7hk.2 \
  --defsym=__MPLAB_BUILD=1 \
  -Mdist/default/production/I2C_LCD_v2.0_DISPLAY.X.production.map -E1 \
  -ver=XC8 --acfsm=1493 -ASTACK=0110h-016Fh -pstack=STACK \
  -ACODE=00h-07FFhx4 -ASTRCODE=00h-01FFFh -ASTRING=00h-0FFhx32 \
  -ACONST=00h-0FFhx32 -AENTRY=00h-0FFhx32 -ACOMMON=070h-07Fh \
  -ABANK0=020h-06Fh -ABANK1=0A0h-0EFh -ABANK2=0110h-016Fh \
  -ABANK3=0190h-01EFh -ARAM=020h-06Fh,0A0h-0EFh,0110h-016Fh,0190h-01EFh \
  -AABS1=020h-07Fh,0A0h-0EFh,0110h-016Fh,0190h-01EFh -ASFR0=00h-01Fh \
  -ASFR1=080h-09Fh -ASFR2=0100h-010Fh -ASFR3=0180h-018Fh \
  -preset_vec=00h,intentry,init,end_init -ppowerup=CODE -pcinit=CODE \
  -pfunctab=ENTRY -ACONFIG=02007h-02007h -pconfig=CONFIG -DCONFIG=2 \
  -AIDLOC=02000h-02003h -pidloc=IDLOC -DIDLOC=2 -AEEDATA=00h-0FFh/02100h \
  -peeprom_data=EEDATA -DEEDATA=2 -DCODE=2 -DSTRCODE=2 -DSTRING=2 -DCONST=2 \
  -DENTRY=2 -k C:\Users\ACER-PC\AppData\Local\Temp\s7hk.o \
  dist/default/production\I2C_LCD_v2.0_DISPLAY.X.production.o 

Object code version is 3.11

Machine type is 16F877A



                Name                               Link     Load   Length Selector   Space Scale
C:\Users\ACER-PC\AppData\Local\Temp\s7hk.o
                end_init                              0        0        3        0       0
                config                             2007     2007        1     400E       0
dist/default/production\I2C_LCD_v2.0_DISPLAY.X.production.o
                cinit                               7DF      7DF       21      FBE       0
                functab                               3        3        F        6       0
                text19                              27E      27E        6      4FC       0
                text18                              31B      31B       1B      636       0
                text17                              284      284        9      508       0
                text16                              28D      28D        9      51A       0
                text15                              296      296       13      52C       0
                text14                              2D4      2D4       17      5A8       0
                text13                              47B      47B       61      8F6       0
                text12                              2A9      2A9       15      552       0
                text11                              302      302       19      604       0
                text10                              336      336       1D      66C       0
                text9                               370      370       1E      6E0       0
                text8                               353      353       1D      6A6       0
                text7                               542      542       7D      A84       0
                text6                               425      425       56      84A       0
                text5                               2BE      2BE       16      57C       0
                text4                               38E      38E       48      71C       0
                text3                               4DC      4DC       66      9B8       0
                text2                               3D6      3D6       4F      7AC       0
                text1                               2EB      2EB       17      5D6       0
                maintext                            5BF      5BF      220      B7E       0
                cstackBANK0                          20       20       15       20       1
                cstackCOMMON                         70       70        E       70       1
                dataBANK0                            3A       3A        4       20       1
                bssBANK0                             35       35        5       20       1
                strings                              12       12       28       24       0
                idataBANK0                          27A      27A        4      4F4       0

TOTAL           Name                               Link     Load   Length     Space
        CLASS   STACK          

        CLASS   CODE           
                end_init                              0        0        3         0
                cinit                               7DF      7DF       21         0
                text19                              27E      27E        6         0
                text18                              31B      31B       1B         0
                text17                              284      284        9         0
                text16                              28D      28D        9         0
                text15                              296      296       13         0
                text14                              2D4      2D4       17         0
                text13                              47B      47B       61         0
                text12                              2A9      2A9       15         0
                text11                              302      302       19         0
                text10                              336      336       1D         0
                text9                               370      370       1E         0
                text8                               353      353       1D         0
                text7                               542      542       7D         0
                text6                               425      425       56         0
                text5                               2BE      2BE       16         0
                text4                               38E      38E       48         0
                text3                               4DC      4DC       66         0
                text2                               3D6      3D6       4F         0
                text1                               2EB      2EB       17         0
                maintext                            5BF      5BF      220         0
                idataBANK0                          27A      27A        4         0

        CLASS   STRCODE        

        CLASS   STRING         
                strings                              12       12       28         0

        CLASS   CONST          

        CLASS   ENTRY          
                functab                               3        3        F         0

        CLASS   COMMON         
                cstackCOMMON                         70       70        E         1

        CLASS   BANK0          
                cstackBANK0                          20       20       15         1
                dataBANK0                            3A       3A        4         1
                bssBANK0                             35       35        5         1

        CLASS   BANK1          

        CLASS   BANK2          

        CLASS   BANK3          

        CLASS   RAM            

        CLASS   ABS1           
                abs_s1                               7E       7E        2         1

        CLASS   SFR0           

        CLASS   SFR1           

        CLASS   SFR2           

        CLASS   SFR3           

        CLASS   CONFIG         
                config                             2007     2007        1         0

        CLASS   IDLOC          

        CLASS   EEDATA         



SEGMENTS        Name                           Load    Length   Top    Selector   Space  Class     Delta

                reset_vec                      000000  000003  000003         0       0  CODE        2
                functab                        000003  00000F  000012         6       0  ENTRY       2
                cstackBANK0                    000020  00001E  00003E        20       1  BANK0       1
                strings                        000012  000028  00003A        24       0  STRING      2
                cstackCOMMON                   000070  00000E  00007E        70       1  COMMON      1
                idataBANK0                     00027A  000004  00027E       4F4       0  CODE        2
                text19                         00027E  000006  000284       4FC       0  CODE        2
                text17                         000284  000009  00028D       508       0  CODE        2
                text16                         00028D  000009  000296       51A       0  CODE        2
                text15                         000296  000013  0002A9       52C       0  CODE        2
                text12                         0002A9  000015  0002BE       552       0  CODE        2
                text5                          0002BE  000016  0002D4       57C       0  CODE        2
                text14                         0002D4  000017  0002EB       5A8       0  CODE        2
                text1                          0002EB  000017  000302       5D6       0  CODE        2
                text11                         000302  000019  00031B       604       0  CODE        2
                text18                         00031B  00001B  000336       636       0  CODE        2
                text10                         000336  00001D  000353       66C       0  CODE        2
                text8                          000353  00001D  000370       6A6       0  CODE        2
                text9                          000370  00001E  00038E       6E0       0  CODE        2
                text4                          00038E  000048  0003D6       71C       0  CODE        2
                text2                          0003D6  00004F  000425       7AC       0  CODE        2
                text6                          000425  000056  00047B       84A       0  CODE        2
                text13                         00047B  000061  0004DC       8F6       0  CODE        2
                text3                          0004DC  000066  000542       9B8       0  CODE        2
                text7                          000542  00007D  0005BF       A84       0  CODE        2
                maintext                       0005BF  000220  0007DF       B7E       0  CODE        2
                cinit                          0007DF  000021  000800       FBE       0  CODE        2
                config                         002007  000001  002008      400E       0  CONFIG      2


UNUSED ADDRESS RANGES

        Name                Unused          Largest block    Delta
        BANK0            003E-006F             32           1
        BANK1            00A0-00EF             50           1
        BANK2            0110-016F             60           1
        BANK3            0190-01EF             60           1
        CODE             003A-0279            240           2
                         0800-1FFF            800
        CONST            003A-0279            100           2
                         0800-1FFF            100
        EEDATA           2100-21FF            100           2
        ENTRY            003A-0279            100           2
                         0800-1FFF            100
        IDLOC            2000-2003              4           2
        RAM              003E-006F             32           1
                         00A0-00EF             50
                         0110-016F             60
                         0190-01EF             60
        SFR0             0000-001F             20           1
        SFR1             0080-009F             20           1
        SFR2             0100-010F             10           1
        SFR3             0180-018F             10           1
        STACK            0110-016F             60           1
        STRCODE          003A-0279            240           2
                         0800-1FFF           1800
        STRING           003A-0279            100           2
                         0800-1FFF            100

                                  Symbol Table

?___lldiv                                 cstackCOMMON 0070
I2C_IO_Expander_Writer@I2C_Address        cstackCOMMON 0071
I2C_IO_Expander_Writer@I2C_Data           cstackCOMMON 0072
I2C_LCD_BackLight_OFF@LCD_Obj_Add         cstackCOMMON 0070
I2C_LCD_clear@LCD_Obj                     cstackBANK0  0022
I2C_LCD_cursor_or_display_shift@LCD_Obj   cstackBANK0  0022
I2C_LCD_cursor_or_display_shift@R_or_L    cstackBANK0  0025
I2C_LCD_cursor_or_display_shift@S_or_C    cstackBANK0  0024
I2C_LCD_display_on_off_control@B          cstackBANK0  0026
I2C_LCD_display_on_off_control@C          cstackBANK0  0025
I2C_LCD_display_on_off_control@D          cstackBANK0  0024
I2C_LCD_display_on_off_control@LCD_Obj    cstackBANK0  0022
I2C_LCD_entry_mode@I_or_D                 cstackBANK0  0024
I2C_LCD_entry_mode@LCD_Obj                cstackBANK0  0022
I2C_LCD_entry_mode@S                      cstackBANK0  0025
I2C_LCD_init@F                            cstackBANK0  002B
I2C_LCD_init@I2C_LCD_Address              cstackBANK0  0029
I2C_LCD_init@LCD_Obj_Add                  cstackCOMMON 007D
I2C_LCD_init@N                            cstackBANK0  002A
I2C_LCD_set_cursor@LCD_Obj                cstackBANK0  0022
I2C_LCD_set_cursor@colomn                 cstackBANK0  0025
I2C_LCD_set_cursor@row                    cstackBANK0  0024
I2C_LCD_write_char@LCD_Obj                cstackCOMMON 007A
I2C_LCD_write_char@chr                    cstackCOMMON 007C
I2C_LCD_write_string@LCD_Obj              cstackBANK0  0022
I2C_LCD_write_string@i                    cstackBANK0  0025
I2C_LCD_write_string@str                  cstackBANK0  0024
I2C_Master_Initialize@I2C_BaudRate        cstackBANK0  0020
I2C_Master_Initialize@I2C_CKE_OnOff       cstackBANK0  0025
I2C_Master_Initialize@I2C_SMP_OnOff       cstackBANK0  0024
I2C_Master_Write@Master_Tx_Data           cstackCOMMON 0070
LCD_data_sender@LCD_Obj                   cstackCOMMON 0073
LCD_data_sender@callback_function         cstackCOMMON 0076
LCD_data_sender@data                      cstackCOMMON 0075
LCD_send_commad@LCD_Obj                   cstackCOMMON 007A
LCD_send_commad@cmd                       cstackCOMMON 007C
_I2C_IO_Expander_Writer                   text14       02D4
_I2C_LCD_BackLight_OFF                    text19       027E
_I2C_LCD_clear                            text11       0302
_I2C_LCD_cursor_or_display_shift          text10       0336
_I2C_LCD_display_on_off_control           text9        0370
_I2C_LCD_entry_mode                       text8        0353
_I2C_LCD_init                             text7        0542
_I2C_LCD_set_cursor                       text6        0425
_I2C_LCD_write_char                       text5        02BE
_I2C_LCD_write_string                     text4        038E
_I2C_Master_Check_Idle                    text18       031B
_I2C_Master_Initialize                    text2        03D6
_I2C_Master_Start                         text17       0284
_I2C_Master_Stop                          text16       028D
_I2C_Master_Write                         text15       0296
_INTCONbits                               (abs)        000B
_Initial_Configurations                   text1        02EB
_LCD1                                     bssBANK0     0038
_LCD2                                     bssBANK0     0036
_LCD_data_sender                          text13       047B
_LCD_send_commad                          text12       02A9
_Lcd_RS_State                             bssBANK0     0035
_PIE1bits                                 (abs)        008C
_PIR1bits                                 (abs)        000C
_PORTA                                    (abs)        0005
_PORTB                                    (abs)        0006
_PORTD                                    (abs)        0008
_SSPADD                                   (abs)        0093
_SSPBUF                                   (abs)        0013
_SSPCON                                   (abs)        0014
_SSPCON2                                  (abs)        0091
_SSPCON2bits                              (abs)        0091
_SSPCONbits                               (abs)        0014
_SSPSTAT                                  (abs)        0094
_SSPSTATbits                              (abs)        0094
_TRISA                                    (abs)        0085
_TRISB                                    (abs)        0086
_TRISCbits                                (abs)        0087
_TRISD                                    (abs)        0088
__CFG_BOREN$ON                            (abs)        0000
__CFG_CP$OFF                              (abs)        0000
__CFG_CPD$OFF                             (abs)        0000
__CFG_FOSC$HS                             (abs)        0000
__CFG_LVP$OFF                             (abs)        0000
__CFG_PWRTE$OFF                           (abs)        0000
__CFG_WDTE$OFF                            (abs)        0000
__CFG_WRT$OFF                             (abs)        0000
__Habs1                                   abs1         0000
__Hbank0                                  bank0        0000
__Hbank1                                  bank1        0000
__Hbank2                                  bank2        0000
__Hbank3                                  bank3        0000
__HbssBANK0                               bssBANK0     0000
__Hcinit                                  cinit        0800
__Hclrtext                                clrtext      0000
__Hcode                                   code         0000
__Hcommon                                 common       0000
__Hconfig                                 config       2008
__HcstackBANK0                            cstackBANK0  0000
__HcstackCOMMON                           cstackCOMMON 0000
__HdataBANK0                              dataBANK0    0000
__Heeprom_data                            eeprom_data  0000
__Hend_init                               end_init     0003
__Hfunctab                                functab      0012
__HidataBANK0                             idataBANK0   0000
__Hidloc                                  idloc        0000
__Hinit                                   init         0000
__Hintentry                               intentry     0000
__Hmaintext                               maintext     0000
__Hpowerup                                powerup      0000
__Hram                                    ram          0000
__Hreset_vec                              reset_vec    0000
__Hsfr0                                   sfr0         0000
__Hsfr1                                   sfr1         0000
__Hsfr2                                   sfr2         0000
__Hsfr3                                   sfr3         0000
__Hspace_0                                (abs)        2008
__Hspace_1                                (abs)        007E
__Hspace_2                                (abs)        0000
__Hspace_3                                (abs)        0000
__Hstack                                  stack        0000
__Hstrings                                strings      0000
__Htext                                   text         0000
__Labs1                                   abs1         0000
__Lbank0                                  bank0        0000
__Lbank1                                  bank1        0000
__Lbank2                                  bank2        0000
__Lbank3                                  bank3        0000
__LbssBANK0                               bssBANK0     0000
__Lcinit                                  cinit        07DF
__Lclrtext                                clrtext      0000
__Lcode                                   code         0000
__Lcommon                                 common       0000
__Lconfig                                 config       2007
__LcstackBANK0                            cstackBANK0  0000
__LcstackCOMMON                           cstackCOMMON 0000
__LdataBANK0                              dataBANK0    0000
__Leeprom_data                            eeprom_data  0000
__Lend_init                               end_init     0000
__Lfunctab                                functab      0003
__LidataBANK0                             idataBANK0   0000
__Lidloc                                  idloc        0000
__Linit                                   init         0000
__Lintentry                               intentry     0000
__Lmaintext                               maintext     0000
__Lpowerup                                powerup      0000
__Lram                                    ram          0000
__Lreset_vec                              reset_vec    0000
__Lsfr0                                   sfr0         0000
__Lsfr1                                   sfr1         0000
__Lsfr2                                   sfr2         0000
__Lsfr3                                   sfr3         0000
__Lspace_0                                (abs)        0000
__Lspace_1                                (abs)        0000
__Lspace_2                                (abs)        0000
__Lspace_3                                (abs)        0000
__Lstack                                  stack        0000
__Lstrings                                strings      0000
__Ltext                                   text         0000
__S0                                      (abs)        2008
__S1                                      (abs)        007E
__S2                                      (abs)        0000
__S3                                      (abs)        0000
___int_sp                                 stack        0000
___latbits                                (abs)        0002
___lldiv                                  text3        04DC
___lldiv@counter                          cstackCOMMON 007D
___lldiv@dividend                         cstackCOMMON 0074
___lldiv@divisor                          cstackCOMMON 0070
___lldiv@quotient                         cstackCOMMON 0079
___sp                                     stack        0000
___stackhi                                (abs)        0000
___stacklo                                (abs)        0000
__end_of_I2C_IO_Expander_Writer           text14       02EB
__end_of_I2C_LCD_BackLight_OFF            text19       0284
__end_of_I2C_LCD_clear                    text11       031B
__end_of_I2C_LCD_cursor_or_display_shift  text10       0353
__end_of_I2C_LCD_display_on_off_control   text9        038E
__end_of_I2C_LCD_entry_mode               text8        0370
__end_of_I2C_LCD_init                     text7        05BF
__end_of_I2C_LCD_set_cursor               text6        047B
__end_of_I2C_LCD_write_char               text5        02D4
__end_of_I2C_LCD_write_string             text4        03D6
__end_of_I2C_Master_Check_Idle            text18       0336
__end_of_I2C_Master_Initialize            text2        0425
__end_of_I2C_Master_Start                 text17       028D
__end_of_I2C_Master_Stop                  text16       0296
__end_of_I2C_Master_Write                 text15       02A9
__end_of_Initial_Configurations           text1        0302
__end_of_LCD_data_sender                  text13       04DC
__end_of_LCD_send_commad                  text12       02BE
__end_of_Lcd_RW_State                     strings      0019
__end_of___lldiv                          text3        0542
__end_of__fptable                         functab      0012
__end_of__initialization                  cinit        07FC
__end_of__stringtab                       strings      0018
__end_of_main                             maintext     07DF
__fptable                                 functab      0003
__initialization                          cinit        07DF
__pbssBANK0                               bssBANK0     0035
__pcstackBANK0                            cstackBANK0  0020
__pcstackCOMMON                           cstackCOMMON 0070
__pdataBANK0                              dataBANK0    003A
__pfunctab                                functab      0003
__pidataBANK0                             idataBANK0   027A
__pmaintext                               maintext     05BF
__pstrings                                strings      0012
__ptext1                                  text1        02EB
__ptext10                                 text10       0336
__ptext11                                 text11       0302
__ptext12                                 text12       02A9
__ptext13                                 text13       047B
__ptext14                                 text14       02D4
__ptext15                                 text15       0296
__ptext16                                 text16       028D
__ptext17                                 text17       0284
__ptext18                                 text18       031B
__ptext19                                 text19       027E
__ptext2                                  text2        03D6
__ptext3                                  text3        04DC
__ptext4                                  text4        038E
__ptext5                                  text5        02BE
__ptext6                                  text6        0425
__ptext7                                  text7        0542
__ptext8                                  text8        0353
__ptext9                                  text9        0370
__size_of_I2C_IO_Expander_Writer          (abs)        0000
__size_of_I2C_LCD_BackLight_OFF           (abs)        0000
__size_of_I2C_LCD_clear                   (abs)        0000
__size_of_I2C_LCD_cursor_or_display_shift (abs)        0000
__size_of_I2C_LCD_display_on_off_control  (abs)        0000
__size_of_I2C_LCD_entry_mode              (abs)        0000
__size_of_I2C_LCD_init                    (abs)        0000
__size_of_I2C_LCD_set_cursor              (abs)        0000
__size_of_I2C_LCD_write_char              (abs)        0000
__size_of_I2C_LCD_write_string            (abs)        0000
__size_of_I2C_Master_Check_Idle           (abs)        0000
__size_of_I2C_Master_Initialize           (abs)        0000
__size_of_I2C_Master_Start                (abs)        0000
__size_of_I2C_Master_Stop                 (abs)        0000
__size_of_I2C_Master_Write                (abs)        0000
__size_of_Initial_Configurations          (abs)        0000
__size_of_LCD_data_sender                 (abs)        0000
__size_of_LCD_send_commad                 (abs)        0000
__size_of___lldiv                         (abs)        0000
__size_of__fptable                        (abs)        0000
__size_of_main                            (abs)        0000
__stringbase                              strings      0017
__stringtab                               strings      0012
_main                                     maintext     05BF
btemp                                     (abs)        007E
end_of_initialization                     cinit        07FC
entry__LCD_data_sender                    functab      000C
entry__LCD_send_commad                    functab      000F
fpbase                                    functab      0008
fptable                                   functab      0003
fptotal                                   (abs)        0008
intlevel0                                 functab      0003
intlevel1                                 functab      0003
intlevel2                                 functab      0003
intlevel3                                 functab      0003
intlevel4                                 functab      0003
intlevel5                                 functab      0003
main@i                                    cstackBANK0  0031
main@i_547                                cstackBANK0  0033
reset_vec                                 reset_vec    0000
start                                     init         0000
start_initialization                      cinit        07DF
wtemp0                                    (abs)        007E


FUNCTION INFORMATION:

 *************** function _main *****************
 Defined at:
		line 16 in file "I2C_LCD_v2.0_DISPLA_Firmware.c"
 Parameters:    Size  Location     Type
		None
 Auto vars:     Size  Location     Type
  i               2   19[BANK0 ] int 
  i               2   17[BANK0 ] int 
 Return value:  Size  Location     Type
                  1    wreg      void 
 Registers used:
		wreg, fsr0l, fsr0h, status,2, status,0, btemp+1, pclath, cstack
 Tracked objects:
		On entry : 
		On exit  : 
		Unchanged: 
 Data sizes:     COMMON   BANK0   BANK1   BANK3   BANK2
      Params:         0       0       0       0       0
      Locals:         0       4       0       0       0
      Temps:          0       3       0       0       0
      Totals:         0       7       0       0       0
Total ram usage:        7 bytes
 Hardware stack levels required when called:    7
 This function calls:
		_I2C_LCD_BackLight_OFF
		_I2C_LCD_clear
		_I2C_LCD_cursor_or_display_shift
		_I2C_LCD_init
		_I2C_LCD_set_cursor
		_I2C_LCD_write_char
		_I2C_LCD_write_string
		_I2C_Master_Initialize
		_Initial_Configurations
 This function is called by:
		Startup code after reset
 This function uses a non-reentrant model


 *************** function _Initial_Configurations *****************
 Defined at:
		line 13 in file "configurations.c"
 Parameters:    Size  Location     Type
		None
 Auto vars:     Size  Location     Type
		None
 Return value:  Size  Location     Type
                  1    wreg      void 
 Registers used:
		wreg, status,2
 Tracked objects:
		On entry : 
		On exit  : 
		Unchanged: 
 Data sizes:     COMMON   BANK0   BANK1   BANK3   BANK2
      Params:         0       0       0       0       0
      Locals:         0       0       0       0       0
      Temps:          0       0       0       0       0
      Totals:         0       0       0       0       0
Total ram usage:        0 bytes
 Hardware stack levels used:    1
 This function calls:
		Nothing
 This function is called by:
		_main
 This function uses a non-reentrant model


 *************** function _I2C_Master_Initialize *****************
 Defined at:
		line 13 in file "I2C.c"
 Parameters:    Size  Location     Type
  I2C_BaudRate    4    0[BANK0 ] const unsigned long 
  I2C_SMP_OnOf    1    4[BANK0 ] _Bool 
  I2C_CKE_OnOf    1    5[BANK0 ] _Bool 
 Auto vars:     Size  Location     Type
		None
 Return value:  Size  Location     Type
                  1    wreg      void 
 Registers used:
		wreg, status,2, status,0, pclath, cstack
 Tracked objects:
		On entry : 
		On exit  : 
		Unchanged: 
 Data sizes:     COMMON   BANK0   BANK1   BANK3   BANK2
      Params:         0       6       0       0       0
      Locals:         0       0       0       0       0
      Temps:          0       4       0       0       0
      Totals:         0      10       0       0       0
Total ram usage:       10 bytes
 Hardware stack levels used:    1
 Hardware stack levels required when called:    1
 This function calls:
		___lldiv
 This function is called by:
		_main
 This function uses a non-reentrant model


 *************** function ___lldiv *****************
 Defined at:
		line 5 in file "C:\Program Files (x86)\Microchip\xc8\v2.10\pic\sources\c90\common\__lldiv.c"
 Parameters:    Size  Location     Type
  divisor         4    0[COMMON] unsigned long 
  dividend        4    4[COMMON] unsigned long 
 Auto vars:     Size  Location     Type
  quotient        4    9[COMMON] unsigned long 
  counter         1   13[COMMON] unsigned char 
 Return value:  Size  Location     Type
                  4    0[COMMON] unsigned long 
 Registers used:
		wreg, status,2, status,0
 Tracked objects:
		On entry : 
		On exit  : 
		Unchanged: 
 Data sizes:     COMMON   BANK0   BANK1   BANK3   BANK2
      Params:         8       0       0       0       0
      Locals:         5       0       0       0       0
      Temps:          1       0       0       0       0
      Totals:        14       0       0       0       0
Total ram usage:       14 bytes
 Hardware stack levels used:    1
 This function calls:
		Nothing
 This function is called by:
		_I2C_Master_Initialize
 This function uses a non-reentrant model


 *************** function _I2C_LCD_write_string *****************
 Defined at:
		line 41 in file "I2C_LCD_v2.0.c"
 Parameters:    Size  Location     Type
  LCD_Obj         2    2[BANK0 ] struct I2C_LCD
  str             1    4[BANK0 ] PTR unsigned char 
		 -> STR_5(6), STR_4(6), STR_3(11), STR_2(5), 
		 -> STR_1(5), 
 Auto vars:     Size  Location     Type
  i               1    5[BANK0 ] unsigned char 
 Return value:  Size  Location     Type
                  1    wreg      void 
 Registers used:
		wreg, fsr0l, fsr0h, status,2, status,0, pclath, cstack
 Tracked objects:
		On entry : 
		On exit  : 
		Unchanged: 
 Data sizes:     COMMON   BANK0   BANK1   BANK3   BANK2
      Params:         0       3       0       0       0
      Locals:         0       1       0       0       0
      Temps:          1       0       0       0       0
      Totals:         1       4       0       0       0
Total ram usage:        5 bytes
 Hardware stack levels used:    1
 Hardware stack levels required when called:    5
 This function calls:
		_I2C_LCD_write_char
		_LCD_send_commad
 This function is called by:
		_main
 This function uses a non-reentrant model


 *************** function _I2C_LCD_write_char *****************
 Defined at:
		line 36 in file "I2C_LCD_v2.0.c"
 Parameters:    Size  Location     Type
  LCD_Obj         2   10[COMMON] struct I2C_LCD
  chr             1   12[COMMON] unsigned char 
 Auto vars:     Size  Location     Type
		None
 Return value:  Size  Location     Type
                  1    wreg      void 
 Registers used:
		wreg, status,2, status,0, pclath, cstack
 Tracked objects:
		On entry : 
		On exit  : 
		Unchanged: 
 Data sizes:     COMMON   BANK0   BANK1   BANK3   BANK2
      Params:         3       0       0       0       0
      Locals:         0       0       0       0       0
      Temps:          0       2       0       0       0
      Totals:         3       2       0       0       0
Total ram usage:        5 bytes
 Hardware stack levels used:    1
 Hardware stack levels required when called:    4
 This function calls:
		_LCD_data_sender
 This function is called by:
		_I2C_LCD_write_string
		_main
 This function uses a non-reentrant model


 *************** function _I2C_LCD_set_cursor *****************
 Defined at:
		line 86 in file "I2C_LCD_v2.0.c"
 Parameters:    Size  Location     Type
  LCD_Obj         2    2[BANK0 ] struct I2C_LCD
  row             1    4[BANK0 ] unsigned char 
  colomn          1    5[BANK0 ] unsigned char 
 Auto vars:     Size  Location     Type
		None
 Return value:  Size  Location     Type
                  1    wreg      void 
 Registers used:
		wreg, fsr0l, fsr0h, status,2, status,0, pclath, cstack
 Tracked objects:
		On entry : 
		On exit  : 
		Unchanged: 
 Data sizes:     COMMON   BANK0   BANK1   BANK3   BANK2
      Params:         0       4       0       0       0
      Locals:         0       0       0       0       0
      Temps:          0       2       0       0       0
      Totals:         0       6       0       0       0
Total ram usage:        6 bytes
 Hardware stack levels used:    1
 Hardware stack levels required when called:    5
 This function calls:
		_LCD_send_commad
 This function is called by:
		_main
 This function uses a non-reentrant model


 *************** function _I2C_LCD_init *****************
 Defined at:
		line 74 in file "I2C_LCD_v2.0.c"
 Parameters:    Size  Location     Type
  LCD_Obj_Add     1    wreg     PTR struct I2C_LCD
		 -> LCD2(2), LCD1(2), 
  I2C_LCD_Addr    1    9[BANK0 ] unsigned char 
  N               1   10[BANK0 ] unsigned char 
  F               1   11[BANK0 ] unsigned char 
 Auto vars:     Size  Location     Type
  LCD_Obj_Add     1   13[COMMON] PTR struct I2C_LCD
		 -> LCD2(2), LCD1(2), 
 Return value:  Size  Location     Type
                  1    wreg      void 
 Registers used:
		wreg, fsr0l, fsr0h, status,2, status,0, pclath, cstack
 Tracked objects:
		On entry : 
		On exit  : 
		Unchanged: 
 Data sizes:     COMMON   BANK0   BANK1   BANK3   BANK2
      Params:         0       3       0       0       0
      Locals:         1       0       0       0       0
      Temps:          0       2       0       0       0
      Totals:         1       5       0       0       0
Total ram usage:        6 bytes
 Hardware stack levels used:    1
 Hardware stack levels required when called:    6
 This function calls:
		_I2C_LCD_display_on_off_control
		_I2C_LCD_entry_mode
		_LCD_send_commad
 This function is called by:
		_main
 This function uses a non-reentrant model


 *************** function _I2C_LCD_entry_mode *****************
 Defined at:
		line 59 in file "I2C_LCD_v2.0.c"
 Parameters:    Size  Location     Type
  LCD_Obj         2    2[BANK0 ] struct I2C_LCD
  I_or_D          1    4[BANK0 ] unsigned char 
  S               1    5[BANK0 ] unsigned char 
 Auto vars:     Size  Location     Type
		None
 Return value:  Size  Location     Type
                  1    wreg      void 
 Registers used:
		wreg, status,2, status,0, pclath, cstack
 Tracked objects:
		On entry : 
		On exit  : 
		Unchanged: 
 Data sizes:     COMMON   BANK0   BANK1   BANK3   BANK2
      Params:         0       4       0       0       0
      Locals:         0       0       0       0       0
      Temps:          0       2       0       0       0
      Totals:         0       6       0       0       0
Total ram usage:        6 bytes
 Hardware stack levels used:    1
 Hardware stack levels required when called:    5
 This function calls:
		_LCD_send_commad
 This function is called by:
		_I2C_LCD_init
 This function uses a non-reentrant model


 *************** function _I2C_LCD_display_on_off_control *****************
 Defined at:
		line 64 in file "I2C_LCD_v2.0.c"
 Parameters:    Size  Location     Type
  LCD_Obj         2    2[BANK0 ] struct I2C_LCD
  D               1    4[BANK0 ] unsigned char 
  C               1    5[BANK0 ] unsigned char 
  B               1    6[BANK0 ] unsigned char 
 Auto vars:     Size  Location     Type
		None
 Return value:  Size  Location     Type
                  1    wreg      void 
 Registers used:
		wreg, status,2, status,0, pclath, cstack
 Tracked objects:
		On entry : 
		On exit  : 
		Unchanged: 
 Data sizes:     COMMON   BANK0   BANK1   BANK3   BANK2
      Params:         0       5       0       0       0
      Locals:         0       0       0       0       0
      Temps:          0       2       0       0       0
      Totals:         0       7       0       0       0
Total ram usage:        7 bytes
 Hardware stack levels used:    1
 Hardware stack levels required when called:    5
 This function calls:
		_LCD_send_commad
 This function is called by:
		_I2C_LCD_init
 This function uses a non-reentrant model


 *************** function _I2C_LCD_cursor_or_display_shift *****************
 Defined at:
		line 69 in file "I2C_LCD_v2.0.c"
 Parameters:    Size  Location     Type
  LCD_Obj         2    2[BANK0 ] struct I2C_LCD
  S_or_C          1    4[BANK0 ] unsigned char 
  R_or_L          1    5[BANK0 ] unsigned char 
 Auto vars:     Size  Location     Type
		None
 Return value:  Size  Location     Type
                  1    wreg      void 
 Registers used:
		wreg, status,2, status,0, pclath, cstack
 Tracked objects:
		On entry : 
		On exit  : 
		Unchanged: 
 Data sizes:     COMMON   BANK0   BANK1   BANK3   BANK2
      Params:         0       4       0       0       0
      Locals:         0       0       0       0       0
      Temps:          0       2       0       0       0
      Totals:         0       6       0       0       0
Total ram usage:        6 bytes
 Hardware stack levels used:    1
 Hardware stack levels required when called:    5
 This function calls:
		_LCD_send_commad
 This function is called by:
		_main
 This function uses a non-reentrant model


 *************** function _I2C_LCD_clear *****************
 Defined at:
		line 49 in file "I2C_LCD_v2.0.c"
 Parameters:    Size  Location     Type
  LCD_Obj         2    2[BANK0 ] struct I2C_LCD
 Auto vars:     Size  Location     Type
		None
 Return value:  Size  Location     Type
                  1    wreg      void 
 Registers used:
		wreg, status,2, status,0, pclath, cstack
 Tracked objects:
		On entry : 
		On exit  : 
		Unchanged: 
 Data sizes:     COMMON   BANK0   BANK1   BANK3   BANK2
      Params:         0       2       0       0       0
      Locals:         0       0       0       0       0
      Temps:          0       2       0       0       0
      Totals:         0       4       0       0       0
Total ram usage:        4 bytes
 Hardware stack levels used:    1
 Hardware stack levels required when called:    5
 This function calls:
		_LCD_send_commad
 This function is called by:
		_main
 This function uses a non-reentrant model


 *************** function _LCD_send_commad *****************
 Defined at:
		line 30 in file "I2C_LCD_v2.0.c"
 Parameters:    Size  Location     Type
  LCD_Obj         2   10[COMMON] struct I2C_LCD
  cmd             1   12[COMMON] unsigned char 
 Auto vars:     Size  Location     Type
		None
 Return value:  Size  Location     Type
                  1    wreg      void 
 Registers used:
		wreg, status,2, status,0, pclath, cstack
 Tracked objects:
		On entry : 
		On exit  : 
		Unchanged: 
 Data sizes:     COMMON   BANK0   BANK1   BANK3   BANK2
      Params:         3       0       0       0       0
      Locals:         0       0       0       0       0
      Temps:          0       2       0       0       0
      Totals:         3       2       0       0       0
Total ram usage:        5 bytes
 Hardware stack levels used:    1
 Hardware stack levels required when called:    4
 This function calls:
		_LCD_data_sender
 This function is called by:
		_I2C_LCD_write_string
		_I2C_LCD_clear
		_I2C_LCD_entry_mode
		_I2C_LCD_display_on_off_control
		_I2C_LCD_cursor_or_display_shift
		_I2C_LCD_init
		_I2C_LCD_set_cursor
		_I2C_LCD_return_home
 This function uses a non-reentrant model


 *************** function _LCD_data_sender *****************
 Defined at:
		line 23 in file "I2C_LCD_v2.0.c"
 Parameters:    Size  Location     Type
  LCD_Obj         2    3[COMMON] struct I2C_LCD
  data            1    5[COMMON] unsigned char 
  callback_fun    1    6[COMMON] PTR FTN(unsigned char ,u
		 -> I2C_IO_Expander_Writer(1), 
 Auto vars:     Size  Location     Type
		None
 Return value:  Size  Location     Type
                  1    wreg      void 
 Registers used:
		wreg, status,2, status,0, pclath, cstack
 Tracked objects:
		On entry : 
		On exit  : 
		Unchanged: 
 Data sizes:     COMMON   BANK0   BANK1   BANK3   BANK2
      Params:         4       0       0       0       0
      Locals:         0       0       0       0       0
      Temps:          3       0       0       0       0
      Totals:         7       0       0       0       0
Total ram usage:        7 bytes
 Hardware stack levels used:    1
 Hardware stack levels required when called:    3
 This function calls:
		_I2C_IO_Expander_Writer
 This function is called by:
		_LCD_send_commad
		_I2C_LCD_write_char
 This function uses a non-reentrant model


 *************** function _I2C_IO_Expander_Writer *****************
 Defined at:
		line 14 in file "PCF8574_IO_Expander.c"
 Parameters:    Size  Location     Type
  I2C_Address     1    1[COMMON] unsigned char 
  I2C_Data        1    2[COMMON] unsigned char 
 Auto vars:     Size  Location     Type
		None
 Return value:  Size  Location     Type
                  1    wreg      void 
 Registers used:
		wreg, status,2, status,0, pclath, cstack
 Tracked objects:
		On entry : 
		On exit  : 
		Unchanged: 
 Data sizes:     COMMON   BANK0   BANK1   BANK3   BANK2
      Params:         2       0       0       0       0
      Locals:         0       0       0       0       0
      Temps:          0       0       0       0       0
      Totals:         2       0       0       0       0
Total ram usage:        2 bytes
 Hardware stack levels used:    1
 Hardware stack levels required when called:    2
 This function calls:
		_I2C_Master_Start
		_I2C_Master_Stop
		_I2C_Master_Write
 This function is called by:
		_LCD_send_commad
		_I2C_LCD_write_char
		_LCD_data_sender
 This function uses a non-reentrant model


 *************** function _I2C_Master_Write *****************
 Defined at:
		line 53 in file "I2C.c"
 Parameters:    Size  Location     Type
  Master_Tx_Da    1    wreg     unsigned char 
 Auto vars:     Size  Location     Type
  Master_Tx_Da    1    0[COMMON] unsigned char 
 Return value:  Size  Location     Type
                  1    wreg      unsigned char 
 Registers used:
		wreg, status,2, status,0, pclath, cstack
 Tracked objects:
		On entry : 
		On exit  : 
		Unchanged: 
 Data sizes:     COMMON   BANK0   BANK1   BANK3   BANK2
      Params:         0       0       0       0       0
      Locals:         1       0       0       0       0
      Temps:          0       0       0       0       0
      Totals:         1       0       0       0       0
Total ram usage:        1 bytes
 Hardware stack levels used:    1
 Hardware stack levels required when called:    1
 This function calls:
		_I2C_Master_Check_Idle
 This function is called by:
		_I2C_IO_Expander_Writer
 This function uses a non-reentrant model


 *************** function _I2C_Master_Stop *****************
 Defined at:
		line 36 in file "I2C.c"
 Parameters:    Size  Location     Type
		None
 Auto vars:     Size  Location     Type
		None
 Return value:  Size  Location     Type
                  1    wreg      void 
 Registers used:
		status,2, status,0, pclath, cstack
 Tracked objects:
		On entry : 
		On exit  : 
		Unchanged: 
 Data sizes:     COMMON   BANK0   BANK1   BANK3   BANK2
      Params:         0       0       0       0       0
      Locals:         0       0       0       0       0
      Temps:          0       0       0       0       0
      Totals:         0       0       0       0       0
Total ram usage:        0 bytes
 Hardware stack levels used:    1
 Hardware stack levels required when called:    1
 This function calls:
		_I2C_Master_Check_Idle
 This function is called by:
		_I2C_IO_Expander_Writer
 This function uses a non-reentrant model


 *************** function _I2C_Master_Start *****************
 Defined at:
		line 26 in file "I2C.c"
 Parameters:    Size  Location     Type
		None
 Auto vars:     Size  Location     Type
		None
 Return value:  Size  Location     Type
                  1    wreg      void 
 Registers used:
		status,2, status,0, pclath, cstack
 Tracked objects:
		On entry : 
		On exit  : 
		Unchanged: 
 Data sizes:     COMMON   BANK0   BANK1   BANK3   BANK2
      Params:         0       0       0       0       0
      Locals:         0       0       0       0       0
      Temps:          0       0       0       0       0
      Totals:         0       0       0       0       0
Total ram usage:        0 bytes
 Hardware stack levels used:    1
 Hardware stack levels required when called:    1
 This function calls:
		_I2C_Master_Check_Idle
 This function is called by:
		_I2C_IO_Expander_Writer
 This function uses a non-reentrant model


 *************** function _I2C_Master_Check_Idle *****************
 Defined at:
		line 22 in file "I2C.c"
 Parameters:    Size  Location     Type
		None
 Auto vars:     Size  Location     Type
		None
 Return value:  Size  Location     Type
                  1    wreg      void 
 Registers used:
		None
 Tracked objects:
		On entry : 
		On exit  : 
		Unchanged: 
 Data sizes:     COMMON   BANK0   BANK1   BANK3   BANK2
      Params:         0       0       0       0       0
      Locals:         0       0       0       0       0
      Temps:          0       0       0       0       0
      Totals:         0       0       0       0       0
Total ram usage:        0 bytes
 Hardware stack levels used:    1
 This function calls:
		Nothing
 This function is called by:
		_I2C_Master_Start
		_I2C_Master_Stop
		_I2C_Master_Write
		_I2C_Master_RepeatedStart
		_I2C_Master_Send_ACK
		_I2C_Master_Send_NACK
		_I2C_Master_Read
 This function uses a non-reentrant model


 *************** function _I2C_LCD_BackLight_OFF *****************
 Defined at:
		line 103 in file "I2C_LCD_v2.0.c"
 Parameters:    Size  Location     Type
  LCD_Obj_Add     1    wreg     PTR struct I2C_LCD
		 -> LCD1(2), 
 Auto vars:     Size  Location     Type
  LCD_Obj_Add     1    0[COMMON] PTR struct I2C_LCD
		 -> LCD1(2), 
 Return value:  Size  Location     Type
                  1    wreg      void 
 Registers used:
		wreg, fsr0l, fsr0h, status,2
 Tracked objects:
		On entry : 
		On exit  : 
		Unchanged: 
 Data sizes:     COMMON   BANK0   BANK1   BANK3   BANK2
      Params:         0       0       0       0       0
      Locals:         1       0       0       0       0
      Temps:          0       0       0       0       0
      Totals:         1       0       0       0       0
Total ram usage:        1 bytes
 Hardware stack levels used:    1
 This function calls:
		Nothing
 This function is called by:
		_main
 This function uses a non-reentrant model



MODULE INFORMATION

Module		Function		Class		Link	Load	Size
I2C_LCD_v2.0.c
		_I2C_LCD_clear 		CODE           	0302	0000	26
		_I2C_LCD_write_string		CODE           	038E	0000	73
		_LCD_send_commad		CODE           	02A9	0000	22
		_I2C_LCD_entry_mode		CODE           	0353	0000	30
		_LCD_data_sender		CODE           	047B	0000	98
		_I2C_LCD_display_on_off_control		CODE           	0370	0000	31
		_I2C_LCD_write_char		CODE           	02BE	0000	23
		_I2C_LCD_BackLight_OFF		CODE           	027E	0000	7
		_I2C_LCD_set_cursor		CODE           	0425	0000	87
		_I2C_LCD_cursor_or_display_shift		CODE           	0336	0000	30
		_I2C_LCD_init  		CODE           	0542	0000	126

I2C_LCD_v2.0.c estimated size: 553

configurations.c
		_Initial_Configurations		CODE           	02EB	0000	24

configurations.c estimated size: 24

I2C.c
		_I2C_Master_Stop		CODE           	028D	0000	10
		_I2C_Master_Check_Idle		CODE           	031B	0000	28
		_I2C_Master_Initialize		CODE           	03D6	0000	80
		_I2C_Master_Write		CODE           	0296	0000	20
		_I2C_Master_Start		CODE           	0284	0000	10

I2C.c estimated size: 148

C:\Program Files (x86)\Microchip\xc8\v2.10\pic\sources\c90\common\__lldiv.c
		___lldiv       		CODE           	04DC	0000	103

C:\Program Files (x86)\Microchip\xc8\v2.10\pic\sources\c90\common\__lldiv.c estimated size: 103

shared
		__stringtab    		STRING         	0012	0000	7
		__initialization		CODE           	07DF	0000	30
		__fptable      		ENTRY          	0003	0000	16
		_Lcd_RW_State  		STRING         	0000	0000	0

shared estimated size: 53

PCF8574_IO_Expander.c
		_I2C_IO_Expander_Writer		CODE           	02D4	0000	24

PCF8574_IO_Expander.c estimated size: 24

I2C_LCD_v2.0_DISPLA_Firmware.c
		_main          		CODE           	05BF	0000	545

I2C_LCD_v2.0_DISPLA_Firmware.c estimated size: 545

